[0.195s] Invoking command in '/home/mouha/crazyflie/ros2_ws/build/crazyflie': CMAKE_PREFIX_PATH=/home/mouha/crazyflie/ros2_ws/install/crazyflie_interfaces:/home/mouha/crazyflie/ros2_ws/install/crazyflie_description:/home/mouha/crazyflie/ros2_ws/install/crazyflie_sim:/home/mouha/crazyflie/ros2_ws/install/crazyflie_examples:/home/mouha/crazyflie/ros2_ws/install/crazyflie:/home/mouha/ros2_ws/install/my_cpp_pkg:/opt/ros/jazzy/opt/gz_sim_vendor:/opt/ros/jazzy/opt/gz_sensors_vendor:/opt/ros/jazzy/opt/gz_physics_vendor:/opt/ros/jazzy/opt/sdformat_vendor:/opt/ros/jazzy/opt/gz_gui_vendor:/opt/ros/jazzy/opt/gz_transport_vendor:/opt/ros/jazzy/opt/gz_rendering_vendor:/opt/ros/jazzy/opt/gz_plugin_vendor:/opt/ros/jazzy/opt/gz_fuel_tools_vendor:/opt/ros/jazzy/opt/gz_msgs_vendor:/opt/ros/jazzy/opt/gz_common_vendor:/opt/ros/jazzy/opt/gz_math_vendor:/opt/ros/jazzy/opt/gz_utils_vendor:/opt/ros/jazzy/opt/gz_tools_vendor:/opt/ros/jazzy/opt/gz_ogre_next_vendor:/opt/ros/jazzy/opt/gz_dartsim_vendor:/opt/ros/jazzy/opt/gz_cmake_vendor:/home/mouha/crazyflie/ros2_ws/install/crazyflie_server_py:/home/mouha/crazyflie/ros2_ws/install/crazyflie_py:/home/mouha/crazyflie/ros2_ws/install/cf_led_mission:/home/mouha/ros2_ws/install/my_py_pkg:/opt/ros/jazzy DEBUGINFOD_URLS=https://debuginfod.ubuntu.com PYTHONPATH=/home/mouha/crazyflie/ros2_ws/install/crazyflie_interfaces/lib/python3.12/site-packages:/home/mouha/crazyflie/ros2_ws/install/crazyflie_sim/lib/python3.12/site-packages:/home/mouha/crazyflie/ros2_ws/build/crazyflie_server_py:/home/mouha/crazyflie/ros2_ws/install/crazyflie_server_py/lib/python3.12/site-packages:/home/mouha/crazyflie/ros2_ws/install/crazyflie_examples/lib/python3.12/site-packages:/home/mouha/crazyflie/ros2_ws/build/crazyflie_py:/home/mouha/crazyflie/ros2_ws/install/crazyflie_py/lib/python3.12/site-packages:/home/mouha/crazyflie/ros2_ws/build/cf_led_mission:/home/mouha/crazyflie/ros2_ws/install/cf_led_mission/lib/python3.12/site-packages:/home/mouha/ros2_ws/install/my_py_pkg/lib/python3.12/site-packages:/opt/ros/jazzy/lib/python3.12/site-packages /usr/bin/cmake --build /home/mouha/crazyflie/ros2_ws/build/crazyflie -- -j12 -l12
[0.393s] [ 22%] Built target crazyflieLinkCpp
[0.394s] [ 27%] Built target teleop
[0.394s] [ 35%] Built target crazyflie_cpp
[0.394s] [ 50%] Built target scan
[0.394s] [ 50%] Built target listLogVariables
[0.394s] [ 50%] Built target console
[0.395s] [ 55%] Built target listParams
[0.395s] [ 60%] Built target listMemories
[0.395s] [ 65%] Built target reboot
[0.395s] [ 70%] Built target crazyflie_server
[0.395s] [ 75%] Built target comCheck
[0.395s] [ 80%] Built target battery
[0.396s] [ 90%] Built target log
[0.396s] [ 90%] Built target version
[0.396s] [ 95%] Built target downloadUSDLogfile
[0.396s] [100%] Built target setParam
[0.396s] Invoked command in '/home/mouha/crazyflie/ros2_ws/build/crazyflie' returned '0': CMAKE_PREFIX_PATH=/home/mouha/crazyflie/ros2_ws/install/crazyflie_interfaces:/home/mouha/crazyflie/ros2_ws/install/crazyflie_description:/home/mouha/crazyflie/ros2_ws/install/crazyflie_sim:/home/mouha/crazyflie/ros2_ws/install/crazyflie_examples:/home/mouha/crazyflie/ros2_ws/install/crazyflie:/home/mouha/ros2_ws/install/my_cpp_pkg:/opt/ros/jazzy/opt/gz_sim_vendor:/opt/ros/jazzy/opt/gz_sensors_vendor:/opt/ros/jazzy/opt/gz_physics_vendor:/opt/ros/jazzy/opt/sdformat_vendor:/opt/ros/jazzy/opt/gz_gui_vendor:/opt/ros/jazzy/opt/gz_transport_vendor:/opt/ros/jazzy/opt/gz_rendering_vendor:/opt/ros/jazzy/opt/gz_plugin_vendor:/opt/ros/jazzy/opt/gz_fuel_tools_vendor:/opt/ros/jazzy/opt/gz_msgs_vendor:/opt/ros/jazzy/opt/gz_common_vendor:/opt/ros/jazzy/opt/gz_math_vendor:/opt/ros/jazzy/opt/gz_utils_vendor:/opt/ros/jazzy/opt/gz_tools_vendor:/opt/ros/jazzy/opt/gz_ogre_next_vendor:/opt/ros/jazzy/opt/gz_dartsim_vendor:/opt/ros/jazzy/opt/gz_cmake_vendor:/home/mouha/crazyflie/ros2_ws/install/crazyflie_server_py:/home/mouha/crazyflie/ros2_ws/install/crazyflie_py:/home/mouha/crazyflie/ros2_ws/install/cf_led_mission:/home/mouha/ros2_ws/install/my_py_pkg:/opt/ros/jazzy DEBUGINFOD_URLS=https://debuginfod.ubuntu.com PYTHONPATH=/home/mouha/crazyflie/ros2_ws/install/crazyflie_interfaces/lib/python3.12/site-packages:/home/mouha/crazyflie/ros2_ws/install/crazyflie_sim/lib/python3.12/site-packages:/home/mouha/crazyflie/ros2_ws/build/crazyflie_server_py:/home/mouha/crazyflie/ros2_ws/install/crazyflie_server_py/lib/python3.12/site-packages:/home/mouha/crazyflie/ros2_ws/install/crazyflie_examples/lib/python3.12/site-packages:/home/mouha/crazyflie/ros2_ws/build/crazyflie_py:/home/mouha/crazyflie/ros2_ws/install/crazyflie_py/lib/python3.12/site-packages:/home/mouha/crazyflie/ros2_ws/build/cf_led_mission:/home/mouha/crazyflie/ros2_ws/install/cf_led_mission/lib/python3.12/site-packages:/home/mouha/ros2_ws/install/my_py_pkg/lib/python3.12/site-packages:/opt/ros/jazzy/lib/python3.12/site-packages /usr/bin/cmake --build /home/mouha/crazyflie/ros2_ws/build/crazyflie -- -j12 -l12
[0.396s] Invoking command in '/home/mouha/crazyflie/ros2_ws/build/crazyflie': CMAKE_PREFIX_PATH=/home/mouha/crazyflie/ros2_ws/install/crazyflie_interfaces:/home/mouha/crazyflie/ros2_ws/install/crazyflie_description:/home/mouha/crazyflie/ros2_ws/install/crazyflie_sim:/home/mouha/crazyflie/ros2_ws/install/crazyflie_examples:/home/mouha/crazyflie/ros2_ws/install/crazyflie:/home/mouha/ros2_ws/install/my_cpp_pkg:/opt/ros/jazzy/opt/gz_sim_vendor:/opt/ros/jazzy/opt/gz_sensors_vendor:/opt/ros/jazzy/opt/gz_physics_vendor:/opt/ros/jazzy/opt/sdformat_vendor:/opt/ros/jazzy/opt/gz_gui_vendor:/opt/ros/jazzy/opt/gz_transport_vendor:/opt/ros/jazzy/opt/gz_rendering_vendor:/opt/ros/jazzy/opt/gz_plugin_vendor:/opt/ros/jazzy/opt/gz_fuel_tools_vendor:/opt/ros/jazzy/opt/gz_msgs_vendor:/opt/ros/jazzy/opt/gz_common_vendor:/opt/ros/jazzy/opt/gz_math_vendor:/opt/ros/jazzy/opt/gz_utils_vendor:/opt/ros/jazzy/opt/gz_tools_vendor:/opt/ros/jazzy/opt/gz_ogre_next_vendor:/opt/ros/jazzy/opt/gz_dartsim_vendor:/opt/ros/jazzy/opt/gz_cmake_vendor:/home/mouha/crazyflie/ros2_ws/install/crazyflie_server_py:/home/mouha/crazyflie/ros2_ws/install/crazyflie_py:/home/mouha/crazyflie/ros2_ws/install/cf_led_mission:/home/mouha/ros2_ws/install/my_py_pkg:/opt/ros/jazzy DEBUGINFOD_URLS=https://debuginfod.ubuntu.com PYTHONPATH=/home/mouha/crazyflie/ros2_ws/install/crazyflie_interfaces/lib/python3.12/site-packages:/home/mouha/crazyflie/ros2_ws/install/crazyflie_sim/lib/python3.12/site-packages:/home/mouha/crazyflie/ros2_ws/build/crazyflie_server_py:/home/mouha/crazyflie/ros2_ws/install/crazyflie_server_py/lib/python3.12/site-packages:/home/mouha/crazyflie/ros2_ws/install/crazyflie_examples/lib/python3.12/site-packages:/home/mouha/crazyflie/ros2_ws/build/crazyflie_py:/home/mouha/crazyflie/ros2_ws/install/crazyflie_py/lib/python3.12/site-packages:/home/mouha/crazyflie/ros2_ws/build/cf_led_mission:/home/mouha/crazyflie/ros2_ws/install/cf_led_mission/lib/python3.12/site-packages:/home/mouha/ros2_ws/install/my_py_pkg/lib/python3.12/site-packages:/opt/ros/jazzy/lib/python3.12/site-packages /usr/bin/cmake --install /home/mouha/crazyflie/ros2_ws/build/crazyflie
[0.401s] -- Install configuration: ""
[0.401s] -- Execute custom install script
[0.402s] -- Up-to-date symlink: /home/mouha/crazyflie/ros2_ws/install/crazyflie/lib/crazyflie/comCheck
[0.402s] -- Up-to-date symlink: /home/mouha/crazyflie/ros2_ws/install/crazyflie/lib/crazyflie/scan
[0.402s] -- Up-to-date symlink: /home/mouha/crazyflie/ros2_ws/install/crazyflie/lib/crazyflie/listParams
[0.402s] -- Up-to-date symlink: /home/mouha/crazyflie/ros2_ws/install/crazyflie/lib/crazyflie/listLogVariables
[0.402s] -- Up-to-date symlink: /home/mouha/crazyflie/ros2_ws/install/crazyflie/lib/crazyflie/listMemories
[0.403s] -- Up-to-date symlink: /home/mouha/crazyflie/ros2_ws/install/crazyflie/lib/crazyflie/reboot
[0.403s] -- Up-to-date symlink: /home/mouha/crazyflie/ros2_ws/install/crazyflie/lib/crazyflie/battery
[0.403s] -- Up-to-date symlink: /home/mouha/crazyflie/ros2_ws/install/crazyflie/lib/crazyflie/version
[0.403s] -- Up-to-date symlink: /home/mouha/crazyflie/ros2_ws/install/crazyflie/lib/crazyflie/console
[0.403s] -- Up-to-date symlink: /home/mouha/crazyflie/ros2_ws/install/crazyflie/lib/crazyflie/log
[0.403s] -- Up-to-date symlink: /home/mouha/crazyflie/ros2_ws/install/crazyflie/lib/crazyflie/setParam
[0.403s] -- Up-to-date symlink: /home/mouha/crazyflie/ros2_ws/install/crazyflie/lib/crazyflie/downloadUSDLogfile
[0.403s] -- Up-to-date symlink: /home/mouha/crazyflie/ros2_ws/install/crazyflie/lib/crazyflie/teleop
[0.403s] -- Up-to-date symlink: /home/mouha/crazyflie/ros2_ws/install/crazyflie/lib/crazyflie/crazyflie_server
[0.404s] -- Up-to-date symlink: /home/mouha/crazyflie/ros2_ws/install/crazyflie/lib/crazyflie/chooser.py
[0.404s] -- Up-to-date symlink: /home/mouha/crazyflie/ros2_ws/install/crazyflie/lib/crazyflie/cfmult.py
[0.404s] -- Up-to-date symlink: /home/mouha/crazyflie/ros2_ws/install/crazyflie/lib/crazyflie/aideck_streamer.py
[0.404s] -- Up-to-date symlink: /home/mouha/crazyflie/ros2_ws/install/crazyflie/lib/crazyflie/flash.py
[0.404s] -- Up-to-date symlink: /home/mouha/crazyflie/ros2_ws/install/crazyflie/share/crazyflie//launch/launch.py
[0.404s] -- Up-to-date symlink: /home/mouha/crazyflie/ros2_ws/install/crazyflie/share/crazyflie//launch/launch_teleop2.py
[0.404s] -- Up-to-date symlink: /home/mouha/crazyflie/ros2_ws/install/crazyflie/share/crazyflie//launch/teleop_launch.py
[0.404s] -- Up-to-date symlink: /home/mouha/crazyflie/ros2_ws/install/crazyflie/share/crazyflie//config/aideck_streamer.yaml
[0.404s] -- Up-to-date symlink: /home/mouha/crazyflie/ros2_ws/install/crazyflie/share/crazyflie//config/config.rviz
[0.405s] -- Up-to-date symlink: /home/mouha/crazyflie/ros2_ws/install/crazyflie/share/crazyflie//config/crazyflies.yaml
[0.405s] -- Up-to-date symlink: /home/mouha/crazyflie/ros2_ws/install/crazyflie/share/crazyflie//config/motion_capture.yaml
[0.405s] -- Up-to-date symlink: /home/mouha/crazyflie/ros2_ws/install/crazyflie/share/crazyflie//config/server.yaml
[0.405s] -- Up-to-date symlink: /home/mouha/crazyflie/ros2_ws/install/crazyflie/share/crazyflie//config/teleop.yaml
[0.405s] -- Up-to-date symlink: /home/mouha/crazyflie/ros2_ws/install/crazyflie/share/ament_index/resource_index/package_run_dependencies/crazyflie
[0.405s] -- Up-to-date symlink: /home/mouha/crazyflie/ros2_ws/install/crazyflie/share/ament_index/resource_index/parent_prefix_path/crazyflie
[0.405s] -- Up-to-date symlink: /home/mouha/crazyflie/ros2_ws/install/crazyflie/share/crazyflie/environment/ament_prefix_path.sh
[0.405s] -- Up-to-date symlink: /home/mouha/crazyflie/ros2_ws/install/crazyflie/share/crazyflie/environment/ament_prefix_path.dsv
[0.405s] -- Up-to-date symlink: /home/mouha/crazyflie/ros2_ws/install/crazyflie/share/crazyflie/environment/path.sh
[0.405s] -- Up-to-date symlink: /home/mouha/crazyflie/ros2_ws/install/crazyflie/share/crazyflie/environment/path.dsv
[0.406s] -- Up-to-date symlink: /home/mouha/crazyflie/ros2_ws/install/crazyflie/share/crazyflie/local_setup.bash
[0.406s] -- Up-to-date symlink: /home/mouha/crazyflie/ros2_ws/install/crazyflie/share/crazyflie/local_setup.sh
[0.406s] -- Up-to-date symlink: /home/mouha/crazyflie/ros2_ws/install/crazyflie/share/crazyflie/local_setup.zsh
[0.406s] -- Up-to-date symlink: /home/mouha/crazyflie/ros2_ws/install/crazyflie/share/crazyflie/local_setup.dsv
[0.406s] -- Symlinking: /home/mouha/crazyflie/ros2_ws/install/crazyflie/share/crazyflie/package.dsv
[0.411s] -- Up-to-date symlink: /home/mouha/crazyflie/ros2_ws/install/crazyflie/share/ament_index/resource_index/packages/crazyflie
[0.412s] -- Up-to-date symlink: /home/mouha/crazyflie/ros2_ws/install/crazyflie/share/crazyflie/cmake/crazyflieConfig.cmake
[0.412s] -- Up-to-date symlink: /home/mouha/crazyflie/ros2_ws/install/crazyflie/share/crazyflie/cmake/crazyflieConfig-version.cmake
[0.412s] -- Up-to-date symlink: /home/mouha/crazyflie/ros2_ws/install/crazyflie/share/crazyflie/package.xml
[0.414s] Invoked command in '/home/mouha/crazyflie/ros2_ws/build/crazyflie' returned '0': CMAKE_PREFIX_PATH=/home/mouha/crazyflie/ros2_ws/install/crazyflie_interfaces:/home/mouha/crazyflie/ros2_ws/install/crazyflie_description:/home/mouha/crazyflie/ros2_ws/install/crazyflie_sim:/home/mouha/crazyflie/ros2_ws/install/crazyflie_examples:/home/mouha/crazyflie/ros2_ws/install/crazyflie:/home/mouha/ros2_ws/install/my_cpp_pkg:/opt/ros/jazzy/opt/gz_sim_vendor:/opt/ros/jazzy/opt/gz_sensors_vendor:/opt/ros/jazzy/opt/gz_physics_vendor:/opt/ros/jazzy/opt/sdformat_vendor:/opt/ros/jazzy/opt/gz_gui_vendor:/opt/ros/jazzy/opt/gz_transport_vendor:/opt/ros/jazzy/opt/gz_rendering_vendor:/opt/ros/jazzy/opt/gz_plugin_vendor:/opt/ros/jazzy/opt/gz_fuel_tools_vendor:/opt/ros/jazzy/opt/gz_msgs_vendor:/opt/ros/jazzy/opt/gz_common_vendor:/opt/ros/jazzy/opt/gz_math_vendor:/opt/ros/jazzy/opt/gz_utils_vendor:/opt/ros/jazzy/opt/gz_tools_vendor:/opt/ros/jazzy/opt/gz_ogre_next_vendor:/opt/ros/jazzy/opt/gz_dartsim_vendor:/opt/ros/jazzy/opt/gz_cmake_vendor:/home/mouha/crazyflie/ros2_ws/install/crazyflie_server_py:/home/mouha/crazyflie/ros2_ws/install/crazyflie_py:/home/mouha/crazyflie/ros2_ws/install/cf_led_mission:/home/mouha/ros2_ws/install/my_py_pkg:/opt/ros/jazzy DEBUGINFOD_URLS=https://debuginfod.ubuntu.com PYTHONPATH=/home/mouha/crazyflie/ros2_ws/install/crazyflie_interfaces/lib/python3.12/site-packages:/home/mouha/crazyflie/ros2_ws/install/crazyflie_sim/lib/python3.12/site-packages:/home/mouha/crazyflie/ros2_ws/build/crazyflie_server_py:/home/mouha/crazyflie/ros2_ws/install/crazyflie_server_py/lib/python3.12/site-packages:/home/mouha/crazyflie/ros2_ws/install/crazyflie_examples/lib/python3.12/site-packages:/home/mouha/crazyflie/ros2_ws/build/crazyflie_py:/home/mouha/crazyflie/ros2_ws/install/crazyflie_py/lib/python3.12/site-packages:/home/mouha/crazyflie/ros2_ws/build/cf_led_mission:/home/mouha/crazyflie/ros2_ws/install/cf_led_mission/lib/python3.12/site-packages:/home/mouha/ros2_ws/install/my_py_pkg/lib/python3.12/site-packages:/opt/ros/jazzy/lib/python3.12/site-packages /usr/bin/cmake --install /home/mouha/crazyflie/ros2_ws/build/crazyflie
