-- The C compiler identification is GNU 13.3.0
-- The CXX compiler identification is GNU 13.3.0
-- Detecting C compiler ABI info
-- Detecting C compiler ABI info - done
-- Check for working C compiler: /usr/bin/cc - skipped
-- Detecting C compile features
-- Detecting C compile features - done
-- Detecting CXX compiler ABI info
-- Detecting CXX compiler ABI info - done
-- Check for working CXX compiler: /usr/bin/c++ - skipped
-- Detecting CXX compile features
-- Detecting CXX compile features - done
-- Found ament_cmake: 2.5.6 (/opt/ros/jazzy/share/ament_cmake/cmake)
-- Found Python3: /usr/bin/python3 (found version "3.12.3") found components: Interpreter 
-- Override CMake install command with custom implementation using symlinks instead of copying resources
-- Found rclcpp: 28.1.18 (/opt/ros/jazzy/share/rclcpp/cmake)
-- Found rosidl_generator_c: 4.6.7 (/opt/ros/jazzy/share/rosidl_generator_c/cmake)
-- Found rosidl_generator_cpp: 4.6.7 (/opt/ros/jazzy/share/rosidl_generator_cpp/cmake)
-- Using all available rosidl_typesupport_c: rosidl_typesupport_fastrtps_c;rosidl_typesupport_introspection_c
-- Using all available rosidl_typesupport_cpp: rosidl_typesupport_fastrtps_cpp;rosidl_typesupport_introspection_cpp
-- Found rmw_implementation_cmake: 7.3.3 (/opt/ros/jazzy/share/rmw_implementation_cmake/cmake)
-- Found rmw_fastrtps_cpp: 8.4.3 (/opt/ros/jazzy/share/rmw_fastrtps_cpp/cmake)
-- Found OpenSSL: /usr/lib/x86_64-linux-gnu/libcrypto.so (found version "3.0.13")  
-- Found FastRTPS: /opt/ros/jazzy/include (Required is at least version "2.13") 
-- Using RMW implementation 'rmw_fastrtps_cpp' as default
-- Found tf2_ros: 0.36.20 (/opt/ros/jazzy/share/tf2_ros/cmake)
-- Found rclpy: 7.1.11 (/opt/ros/jazzy/share/rclpy/cmake)
-- Found std_srvs: 5.3.7 (/opt/ros/jazzy/share/std_srvs/cmake)
-- Found nav_msgs: 5.3.7 (/opt/ros/jazzy/share/nav_msgs/cmake)
-- Found sensor_msgs: 5.3.7 (/opt/ros/jazzy/share/sensor_msgs/cmake)
-- Found crazyflie_interfaces: 1.0.5 (/home/mouha/crazyflie/ros2_ws/install/crazyflie_interfaces/share/crazyflie_interfaces/cmake)
-- Found motion_capture_tracking_interfaces: 1.0.6 (/opt/ros/jazzy/share/motion_capture_tracking_interfaces/cmake)
-- Found ros_environment: 4.2.1 (/opt/ros/jazzy/share/ros_environment/cmake)
-- Found Boost: /usr/lib/x86_64-linux-gnu/cmake/Boost-1.83.0/BoostConfig.cmake (found version "1.83.0") found components: program_options 
-- Found libusb: /usr/lib/x86_64-linux-gnu/libusb-1.0.so  
-- Configuring done (1.3s)
-- Generating done (0.0s)
-- Build files have been written to: /home/mouha/crazyflie/ros2_ws/build/crazyflie
[ 10%] [32mBuilding CXX object deps/crazyflie_tools/crazyflie_cpp/crazyflie-link-cpp/CMakeFiles/crazyflieLinkCpp.dir/src/CrazyflieUSBThread.cpp.o[0m
[ 10%] [32mBuilding CXX object deps/crazyflie_tools/crazyflie_cpp/crazyflie-link-cpp/CMakeFiles/crazyflieLinkCpp.dir/src/USBManager.cpp.o[0m
[ 10%] [32mBuilding CXX object deps/crazyflie_tools/crazyflie_cpp/crazyflie-link-cpp/CMakeFiles/crazyflieLinkCpp.dir/src/USBDevice.cpp.o[0m
[ 10%] [32mBuilding CXX object deps/crazyflie_tools/crazyflie_cpp/crazyflie-link-cpp/CMakeFiles/crazyflieLinkCpp.dir/src/Connection.cpp.o[0m
[ 15%] [32mBuilding CXX object deps/crazyflie_tools/crazyflie_cpp/crazyflie-link-cpp/CMakeFiles/crazyflieLinkCpp.dir/src/Crazyradio.cpp.o[0m
[ 15%] [32mBuilding CXX object CMakeFiles/teleop.dir/src/teleop.cpp.o[0m
[ 20%] [32mBuilding CXX object deps/crazyflie_tools/crazyflie_cpp/crazyflie-link-cpp/CMakeFiles/crazyflieLinkCpp.dir/src/CrazyradioThread.cpp.o[0m
[ 20%] [32mBuilding CXX object deps/crazyflie_tools/crazyflie_cpp/crazyflie-link-cpp/CMakeFiles/crazyflieLinkCpp.dir/src/Version.cpp.o[0m
[ 22%] [32mBuilding CXX object deps/crazyflie_tools/crazyflie_cpp/crazyflie-link-cpp/CMakeFiles/crazyflieLinkCpp.dir/src/CrazyflieUSB.cpp.o[0m
[ 25%] [32m[1mLinking CXX static library libcrazyflieLinkCpp.a[0m
[ 25%] Built target crazyflieLinkCpp
[ 30%] [32mBuilding CXX object deps/crazyflie_tools/crazyflie_cpp/CMakeFiles/crazyflie_cpp.dir/src/crtp.cpp.o[0m
[ 30%] [32mBuilding CXX object deps/crazyflie_tools/crazyflie_cpp/CMakeFiles/crazyflie_cpp.dir/src/Crazyflie.cpp.o[0m
[ 32%] [32m[1mLinking CXX static library libcrazyflie_cpp.a[0m
[ 32%] Built target crazyflie_cpp
[ 40%] [32mBuilding CXX object deps/crazyflie_tools/CMakeFiles/scan.dir/src/scan.cpp.o[0m
[ 40%] [32mBuilding CXX object deps/crazyflie_tools/CMakeFiles/listLogVariables.dir/src/listLogVariables.cpp.o[0m
[ 40%] [32mBuilding CXX object deps/crazyflie_tools/CMakeFiles/reboot.dir/src/reboot.cpp.o[0m
[ 45%] [32mBuilding CXX object deps/crazyflie_tools/CMakeFiles/console.dir/src/console.cpp.o[0m
[ 45%] [32mBuilding CXX object deps/crazyflie_tools/CMakeFiles/comCheck.dir/src/comCheck.cpp.o[0m
[ 47%] [32mBuilding CXX object deps/crazyflie_tools/CMakeFiles/listMemories.dir/src/listMemories.cpp.o[0m
[ 50%] [32mBuilding CXX object deps/crazyflie_tools/CMakeFiles/listParams.dir/src/listParams.cpp.o[0m
[ 52%] [32mBuilding CXX object deps/crazyflie_tools/CMakeFiles/battery.dir/src/battery.cpp.o[0m
[ 55%] [32mBuilding CXX object CMakeFiles/crazyflie_server.dir/src/crazyflie_server.cpp.o[0m
[ 57%] [32mBuilding CXX object deps/crazyflie_tools/CMakeFiles/log.dir/src/log.cpp.o[0m
[ 60%] [32mBuilding CXX object deps/crazyflie_tools/CMakeFiles/version.dir/src/version.cpp.o[0m
[ 62%] [32m[1mLinking CXX executable scan[0m
[ 65%] [32m[1mLinking CXX executable listLogVariables[0m
[ 67%] [32m[1mLinking CXX executable console[0m
[ 70%] [32m[1mLinking CXX executable version[0m
[ 72%] [32m[1mLinking CXX executable listParams[0m
[ 72%] Built target scan
[ 75%] [32mBuilding CXX object deps/crazyflie_tools/CMakeFiles/downloadUSDLogfile.dir/src/downloadUSDLogfile.cpp.o[0m
[ 75%] Built target listLogVariables
[ 77%] [32m[1mLinking CXX executable battery[0m
[ 80%] [32mBuilding CXX object deps/crazyflie_tools/CMakeFiles/setParam.dir/src/setParam.cpp.o[0m
[ 80%] Built target listParams
[ 80%] Built target console
[ 80%] Built target version
[ 82%] [32m[1mLinking CXX executable listMemories[0m
[ 85%] [32m[1mLinking CXX executable comCheck[0m
[ 85%] Built target battery
[ 87%] [32m[1mLinking CXX executable reboot[0m
[ 87%] Built target listMemories
[ 87%] Built target comCheck
[ 87%] Built target reboot
[ 90%] [32m[1mLinking CXX executable log[0m
[ 90%] Built target log
[ 92%] [32m[1mLinking CXX executable downloadUSDLogfile[0m
[ 92%] Built target downloadUSDLogfile
[ 95%] [32m[1mLinking CXX executable setParam[0m
[ 95%] Built target setParam
[ 97%] [32m[1mLinking CXX executable teleop[0m
[ 97%] Built target teleop
[100%] [32m[1mLinking CXX executable crazyflie_server[0m
[100%] Built target crazyflie_server
-- Install configuration: ""
-- Execute custom install script
-- Symlinking: /home/mouha/crazyflie/ros2_ws/install/crazyflie/lib/crazyflie/comCheck
-- Symlinking: /home/mouha/crazyflie/ros2_ws/install/crazyflie/lib/crazyflie/scan
-- Symlinking: /home/mouha/crazyflie/ros2_ws/install/crazyflie/lib/crazyflie/listParams
-- Symlinking: /home/mouha/crazyflie/ros2_ws/install/crazyflie/lib/crazyflie/listLogVariables
-- Symlinking: /home/mouha/crazyflie/ros2_ws/install/crazyflie/lib/crazyflie/listMemories
-- Symlinking: /home/mouha/crazyflie/ros2_ws/install/crazyflie/lib/crazyflie/reboot
-- Symlinking: /home/mouha/crazyflie/ros2_ws/install/crazyflie/lib/crazyflie/battery
-- Symlinking: /home/mouha/crazyflie/ros2_ws/install/crazyflie/lib/crazyflie/version
-- Symlinking: /home/mouha/crazyflie/ros2_ws/install/crazyflie/lib/crazyflie/console
-- Symlinking: /home/mouha/crazyflie/ros2_ws/install/crazyflie/lib/crazyflie/log
-- Symlinking: /home/mouha/crazyflie/ros2_ws/install/crazyflie/lib/crazyflie/setParam
-- Symlinking: /home/mouha/crazyflie/ros2_ws/install/crazyflie/lib/crazyflie/downloadUSDLogfile
-- Symlinking: /home/mouha/crazyflie/ros2_ws/install/crazyflie/lib/crazyflie/teleop
-- Symlinking: /home/mouha/crazyflie/ros2_ws/install/crazyflie/lib/crazyflie/crazyflie_server
-- Symlinking: /home/mouha/crazyflie/ros2_ws/install/crazyflie/lib/crazyflie/chooser.py
-- Symlinking: /home/mouha/crazyflie/ros2_ws/install/crazyflie/lib/crazyflie/cfmult.py
-- Symlinking: /home/mouha/crazyflie/ros2_ws/install/crazyflie/lib/crazyflie/aideck_streamer.py
-- Symlinking: /home/mouha/crazyflie/ros2_ws/install/crazyflie/lib/crazyflie/flash.py
-- Symlinking: /home/mouha/crazyflie/ros2_ws/install/crazyflie/share/crazyflie//launch/launch.py
-- Symlinking: /home/mouha/crazyflie/ros2_ws/install/crazyflie/share/crazyflie//launch/launch_teleop2.py
-- Symlinking: /home/mouha/crazyflie/ros2_ws/install/crazyflie/share/crazyflie//launch/teleop_launch.py
-- Symlinking: /home/mouha/crazyflie/ros2_ws/install/crazyflie/share/crazyflie//config/aideck_streamer.yaml
-- Symlinking: /home/mouha/crazyflie/ros2_ws/install/crazyflie/share/crazyflie//config/config.rviz
-- Symlinking: /home/mouha/crazyflie/ros2_ws/install/crazyflie/share/crazyflie//config/crazyflies.yaml
-- Symlinking: /home/mouha/crazyflie/ros2_ws/install/crazyflie/share/crazyflie//config/motion_capture.yaml
-- Symlinking: /home/mouha/crazyflie/ros2_ws/install/crazyflie/share/crazyflie//config/server.yaml
-- Symlinking: /home/mouha/crazyflie/ros2_ws/install/crazyflie/share/crazyflie//config/teleop.yaml
-- Symlinking: /home/mouha/crazyflie/ros2_ws/install/crazyflie/share/ament_index/resource_index/package_run_dependencies/crazyflie
-- Symlinking: /home/mouha/crazyflie/ros2_ws/install/crazyflie/share/ament_index/resource_index/parent_prefix_path/crazyflie
-- Symlinking: /home/mouha/crazyflie/ros2_ws/install/crazyflie/share/crazyflie/environment/ament_prefix_path.sh
-- Symlinking: /home/mouha/crazyflie/ros2_ws/install/crazyflie/share/crazyflie/environment/ament_prefix_path.dsv
-- Symlinking: /home/mouha/crazyflie/ros2_ws/install/crazyflie/share/crazyflie/environment/path.sh
-- Symlinking: /home/mouha/crazyflie/ros2_ws/install/crazyflie/share/crazyflie/environment/path.dsv
-- Symlinking: /home/mouha/crazyflie/ros2_ws/install/crazyflie/share/crazyflie/local_setup.bash
-- Symlinking: /home/mouha/crazyflie/ros2_ws/install/crazyflie/share/crazyflie/local_setup.sh
-- Symlinking: /home/mouha/crazyflie/ros2_ws/install/crazyflie/share/crazyflie/local_setup.zsh
-- Symlinking: /home/mouha/crazyflie/ros2_ws/install/crazyflie/share/crazyflie/local_setup.dsv
-- Symlinking: /home/mouha/crazyflie/ros2_ws/install/crazyflie/share/crazyflie/package.dsv
-- Symlinking: /home/mouha/crazyflie/ros2_ws/install/crazyflie/share/ament_index/resource_index/packages/crazyflie
-- Symlinking: /home/mouha/crazyflie/ros2_ws/install/crazyflie/share/crazyflie/cmake/crazyflieConfig.cmake
-- Symlinking: /home/mouha/crazyflie/ros2_ws/install/crazyflie/share/crazyflie/cmake/crazyflieConfig-version.cmake
-- Symlinking: /home/mouha/crazyflie/ros2_ws/install/crazyflie/share/crazyflie/package.xml
