[0.182s] Invoking command in '/home/mouha/crazyflie/ros2_ws/build/crazyflie': AMENT_PREFIX_PATH=/home/mouha/crazyflie/ros2_ws/install/crazyflie_interfaces:/home/mouha/crazyflie/ros2_ws/install/crazyflie_description:${AMENT_PREFIX_PATH} CMAKE_PREFIX_PATH=/home/mouha/crazyflie/ros2_ws/install/crazyflie_interfaces:/home/mouha/crazyflie/ros2_ws/install/crazyflie_description:/opt/ros/jazzy/opt/gz_sim_vendor:/opt/ros/jazzy/opt/gz_sensors_vendor:/opt/ros/jazzy/opt/gz_physics_vendor:/opt/ros/jazzy/opt/sdformat_vendor:/opt/ros/jazzy/opt/gz_gui_vendor:/opt/ros/jazzy/opt/gz_transport_vendor:/opt/ros/jazzy/opt/gz_rendering_vendor:/opt/ros/jazzy/opt/gz_plugin_vendor:/opt/ros/jazzy/opt/gz_fuel_tools_vendor:/opt/ros/jazzy/opt/gz_msgs_vendor:/opt/ros/jazzy/opt/gz_common_vendor:/opt/ros/jazzy/opt/gz_math_vendor:/opt/ros/jazzy/opt/gz_utils_vendor:/opt/ros/jazzy/opt/gz_tools_vendor:/opt/ros/jazzy/opt/gz_ogre_next_vendor:/opt/ros/jazzy/opt/gz_dartsim_vendor:/opt/ros/jazzy/opt/gz_cmake_vendor:/opt/ros/jazzy DEBUGINFOD_URLS=https://debuginfod.ubuntu.com LD_LIBRARY_PATH=/home/mouha/crazyflie/ros2_ws/install/crazyflie_interfaces/lib:${LD_LIBRARY_PATH} PYTHONPATH=/home/mouha/crazyflie/ros2_ws/install/crazyflie_interfaces/lib/python3.12/site-packages:${PYTHONPATH} /usr/bin/cmake /home/mouha/crazyflie/ros2_ws/src/crazyswarm2/crazyflie -DAMENT_CMAKE_SYMLINK_INSTALL=1 -DCMAKE_INSTALL_PREFIX=/home/mouha/crazyflie/ros2_ws/install/crazyflie
[0.356s] -- The C compiler identification is GNU 13.3.0
[0.356s] -- The CXX compiler identification is GNU 13.3.0
[0.356s] -- Detecting C compiler ABI info
[0.357s] -- Detecting C compiler ABI info - done
[0.357s] -- Check for working C compiler: /usr/bin/cc - skipped
[0.357s] -- Detecting C compile features
[0.357s] -- Detecting C compile features - done
[0.357s] -- Detecting CXX compiler ABI info
[0.434s] -- Detecting CXX compiler ABI info - done
[0.445s] -- Check for working CXX compiler: /usr/bin/c++ - skipped
[0.445s] -- Detecting CXX compile features
[0.446s] -- Detecting CXX compile features - done
[0.450s] -- Found ament_cmake: 2.5.6 (/opt/ros/jazzy/share/ament_cmake/cmake)
[0.575s] -- Found Python3: /usr/bin/python3 (found version "3.12.3") found components: Interpreter 
[0.640s] -- Override CMake install command with custom implementation using symlinks instead of copying resources
[0.675s] -- Found rclcpp: 28.1.18 (/opt/ros/jazzy/share/rclcpp/cmake)
[0.719s] -- Found rosidl_generator_c: 4.6.7 (/opt/ros/jazzy/share/rosidl_generator_c/cmake)
[0.734s] -- Found rosidl_generator_cpp: 4.6.7 (/opt/ros/jazzy/share/rosidl_generator_cpp/cmake)
[0.752s] -- Using all available rosidl_typesupport_c: rosidl_typesupport_fastrtps_c;rosidl_typesupport_introspection_c
[0.771s] -- Using all available rosidl_typesupport_cpp: rosidl_typesupport_fastrtps_cpp;rosidl_typesupport_introspection_cpp
[0.853s] -- Found rmw_implementation_cmake: 7.3.3 (/opt/ros/jazzy/share/rmw_implementation_cmake/cmake)
[0.857s] -- Found rmw_fastrtps_cpp: 8.4.3 (/opt/ros/jazzy/share/rmw_fastrtps_cpp/cmake)
[0.936s] -- Found OpenSSL: /usr/lib/x86_64-linux-gnu/libcrypto.so (found version "3.0.13")  
[0.958s] -- Found FastRTPS: /opt/ros/jazzy/include (Required is at least version "2.13") 
[0.978s] -- Using RMW implementation 'rmw_fastrtps_cpp' as default
[1.050s] -- Found tf2_ros: 0.36.20 (/opt/ros/jazzy/share/tf2_ros/cmake)
[1.218s] -- Found rclpy: 7.1.11 (/opt/ros/jazzy/share/rclpy/cmake)
[1.221s] -- Found std_srvs: 5.3.7 (/opt/ros/jazzy/share/std_srvs/cmake)
[1.239s] -- Found nav_msgs: 5.3.7 (/opt/ros/jazzy/share/nav_msgs/cmake)
[1.267s] -- Found sensor_msgs: 5.3.7 (/opt/ros/jazzy/share/sensor_msgs/cmake)
[1.291s] -- Found crazyflie_interfaces: 1.0.5 (/home/mouha/crazyflie/ros2_ws/install/crazyflie_interfaces/share/crazyflie_interfaces/cmake)
[1.324s] -- Found motion_capture_tracking_interfaces: 1.0.6 (/opt/ros/jazzy/share/motion_capture_tracking_interfaces/cmake)
[1.360s] -- Found ros_environment: 4.2.1 (/opt/ros/jazzy/share/ros_environment/cmake)
[1.383s] -- Found Boost: /usr/lib/x86_64-linux-gnu/cmake/Boost-1.83.0/BoostConfig.cmake (found version "1.83.0") found components: program_options 
[1.391s] -- Found libusb: /usr/lib/x86_64-linux-gnu/libusb-1.0.so  
[1.488s] -- Configuring done (1.3s)
[1.522s] -- Generating done (0.0s)
[1.531s] -- Build files have been written to: /home/mouha/crazyflie/ros2_ws/build/crazyflie
[1.544s] Invoked command in '/home/mouha/crazyflie/ros2_ws/build/crazyflie' returned '0': AMENT_PREFIX_PATH=/home/mouha/crazyflie/ros2_ws/install/crazyflie_interfaces:/home/mouha/crazyflie/ros2_ws/install/crazyflie_description:${AMENT_PREFIX_PATH} CMAKE_PREFIX_PATH=/home/mouha/crazyflie/ros2_ws/install/crazyflie_interfaces:/home/mouha/crazyflie/ros2_ws/install/crazyflie_description:/opt/ros/jazzy/opt/gz_sim_vendor:/opt/ros/jazzy/opt/gz_sensors_vendor:/opt/ros/jazzy/opt/gz_physics_vendor:/opt/ros/jazzy/opt/sdformat_vendor:/opt/ros/jazzy/opt/gz_gui_vendor:/opt/ros/jazzy/opt/gz_transport_vendor:/opt/ros/jazzy/opt/gz_rendering_vendor:/opt/ros/jazzy/opt/gz_plugin_vendor:/opt/ros/jazzy/opt/gz_fuel_tools_vendor:/opt/ros/jazzy/opt/gz_msgs_vendor:/opt/ros/jazzy/opt/gz_common_vendor:/opt/ros/jazzy/opt/gz_math_vendor:/opt/ros/jazzy/opt/gz_utils_vendor:/opt/ros/jazzy/opt/gz_tools_vendor:/opt/ros/jazzy/opt/gz_ogre_next_vendor:/opt/ros/jazzy/opt/gz_dartsim_vendor:/opt/ros/jazzy/opt/gz_cmake_vendor:/opt/ros/jazzy DEBUGINFOD_URLS=https://debuginfod.ubuntu.com LD_LIBRARY_PATH=/home/mouha/crazyflie/ros2_ws/install/crazyflie_interfaces/lib:${LD_LIBRARY_PATH} PYTHONPATH=/home/mouha/crazyflie/ros2_ws/install/crazyflie_interfaces/lib/python3.12/site-packages:${PYTHONPATH} /usr/bin/cmake /home/mouha/crazyflie/ros2_ws/src/crazyswarm2/crazyflie -DAMENT_CMAKE_SYMLINK_INSTALL=1 -DCMAKE_INSTALL_PREFIX=/home/mouha/crazyflie/ros2_ws/install/crazyflie
[1.545s] Invoking command in '/home/mouha/crazyflie/ros2_ws/build/crazyflie': AMENT_PREFIX_PATH=/home/mouha/crazyflie/ros2_ws/install/crazyflie_interfaces:/home/mouha/crazyflie/ros2_ws/install/crazyflie_description:${AMENT_PREFIX_PATH} CMAKE_PREFIX_PATH=/home/mouha/crazyflie/ros2_ws/install/crazyflie_interfaces:/home/mouha/crazyflie/ros2_ws/install/crazyflie_description:/opt/ros/jazzy/opt/gz_sim_vendor:/opt/ros/jazzy/opt/gz_sensors_vendor:/opt/ros/jazzy/opt/gz_physics_vendor:/opt/ros/jazzy/opt/sdformat_vendor:/opt/ros/jazzy/opt/gz_gui_vendor:/opt/ros/jazzy/opt/gz_transport_vendor:/opt/ros/jazzy/opt/gz_rendering_vendor:/opt/ros/jazzy/opt/gz_plugin_vendor:/opt/ros/jazzy/opt/gz_fuel_tools_vendor:/opt/ros/jazzy/opt/gz_msgs_vendor:/opt/ros/jazzy/opt/gz_common_vendor:/opt/ros/jazzy/opt/gz_math_vendor:/opt/ros/jazzy/opt/gz_utils_vendor:/opt/ros/jazzy/opt/gz_tools_vendor:/opt/ros/jazzy/opt/gz_ogre_next_vendor:/opt/ros/jazzy/opt/gz_dartsim_vendor:/opt/ros/jazzy/opt/gz_cmake_vendor:/opt/ros/jazzy DEBUGINFOD_URLS=https://debuginfod.ubuntu.com LD_LIBRARY_PATH=/home/mouha/crazyflie/ros2_ws/install/crazyflie_interfaces/lib:${LD_LIBRARY_PATH} PYTHONPATH=/home/mouha/crazyflie/ros2_ws/install/crazyflie_interfaces/lib/python3.12/site-packages:${PYTHONPATH} /usr/bin/cmake --build /home/mouha/crazyflie/ros2_ws/build/crazyflie -- -j12 -l12
[1.588s] [ 10%] [32mBuilding CXX object deps/crazyflie_tools/crazyflie_cpp/crazyflie-link-cpp/CMakeFiles/crazyflieLinkCpp.dir/src/CrazyflieUSBThread.cpp.o[0m
[1.588s] [ 10%] [32mBuilding CXX object deps/crazyflie_tools/crazyflie_cpp/crazyflie-link-cpp/CMakeFiles/crazyflieLinkCpp.dir/src/USBManager.cpp.o[0m
[1.589s] [ 10%] [32mBuilding CXX object deps/crazyflie_tools/crazyflie_cpp/crazyflie-link-cpp/CMakeFiles/crazyflieLinkCpp.dir/src/USBDevice.cpp.o[0m
[1.589s] [ 10%] [32mBuilding CXX object deps/crazyflie_tools/crazyflie_cpp/crazyflie-link-cpp/CMakeFiles/crazyflieLinkCpp.dir/src/Connection.cpp.o[0m
[1.589s] [ 15%] [32mBuilding CXX object deps/crazyflie_tools/crazyflie_cpp/crazyflie-link-cpp/CMakeFiles/crazyflieLinkCpp.dir/src/Crazyradio.cpp.o[0m
[1.589s] [ 15%] [32mBuilding CXX object CMakeFiles/teleop.dir/src/teleop.cpp.o[0m
[1.589s] [ 20%] [32mBuilding CXX object deps/crazyflie_tools/crazyflie_cpp/crazyflie-link-cpp/CMakeFiles/crazyflieLinkCpp.dir/src/CrazyradioThread.cpp.o[0m
[1.589s] [ 20%] [32mBuilding CXX object deps/crazyflie_tools/crazyflie_cpp/crazyflie-link-cpp/CMakeFiles/crazyflieLinkCpp.dir/src/Version.cpp.o[0m
[1.589s] [ 22%] [32mBuilding CXX object deps/crazyflie_tools/crazyflie_cpp/crazyflie-link-cpp/CMakeFiles/crazyflieLinkCpp.dir/src/CrazyflieUSB.cpp.o[0m
[4.187s] [ 25%] [32m[1mLinking CXX static library libcrazyflieLinkCpp.a[0m
[4.267s] [ 25%] Built target crazyflieLinkCpp
[4.283s] [ 30%] [32mBuilding CXX object deps/crazyflie_tools/crazyflie_cpp/CMakeFiles/crazyflie_cpp.dir/src/crtp.cpp.o[0m
[4.283s] [ 30%] [32mBuilding CXX object deps/crazyflie_tools/crazyflie_cpp/CMakeFiles/crazyflie_cpp.dir/src/Crazyflie.cpp.o[0m
[6.394s] [ 32%] [32m[1mLinking CXX static library libcrazyflie_cpp.a[0m
[6.456s] [ 32%] Built target crazyflie_cpp
[6.478s] [ 40%] [32mBuilding CXX object deps/crazyflie_tools/CMakeFiles/scan.dir/src/scan.cpp.o[0m
[6.479s] [ 40%] [32mBuilding CXX object deps/crazyflie_tools/CMakeFiles/listLogVariables.dir/src/listLogVariables.cpp.o[0m
[6.479s] [ 40%] [32mBuilding CXX object deps/crazyflie_tools/CMakeFiles/reboot.dir/src/reboot.cpp.o[0m
[6.479s] [ 45%] [32mBuilding CXX object deps/crazyflie_tools/CMakeFiles/console.dir/src/console.cpp.o[0m
[6.479s] [ 45%] [32mBuilding CXX object deps/crazyflie_tools/CMakeFiles/comCheck.dir/src/comCheck.cpp.o[0m
[6.479s] [ 47%] [32mBuilding CXX object deps/crazyflie_tools/CMakeFiles/listMemories.dir/src/listMemories.cpp.o[0m
[6.482s] [ 50%] [32mBuilding CXX object deps/crazyflie_tools/CMakeFiles/listParams.dir/src/listParams.cpp.o[0m
[6.482s] [ 52%] [32mBuilding CXX object deps/crazyflie_tools/CMakeFiles/battery.dir/src/battery.cpp.o[0m
[6.484s] [ 55%] [32mBuilding CXX object CMakeFiles/crazyflie_server.dir/src/crazyflie_server.cpp.o[0m
[6.485s] [ 57%] [32mBuilding CXX object deps/crazyflie_tools/CMakeFiles/log.dir/src/log.cpp.o[0m
[6.486s] [ 60%] [32mBuilding CXX object deps/crazyflie_tools/CMakeFiles/version.dir/src/version.cpp.o[0m
[8.586s] [ 62%] [32m[1mLinking CXX executable scan[0m
[8.607s] [ 65%] [32m[1mLinking CXX executable listLogVariables[0m
[8.650s] [ 67%] [32m[1mLinking CXX executable console[0m
[8.656s] [ 70%] [32m[1mLinking CXX executable version[0m
[8.690s] [ 72%] [32m[1mLinking CXX executable listParams[0m
[8.812s] [ 72%] Built target scan
[8.841s] [ 75%] [32mBuilding CXX object deps/crazyflie_tools/CMakeFiles/downloadUSDLogfile.dir/src/downloadUSDLogfile.cpp.o[0m
[8.864s] [ 75%] Built target listLogVariables
[8.890s] [ 77%] [32m[1mLinking CXX executable battery[0m
[8.894s] [ 80%] [32mBuilding CXX object deps/crazyflie_tools/CMakeFiles/setParam.dir/src/setParam.cpp.o[0m
[8.928s] [ 80%] Built target listParams
[8.928s] [ 80%] Built target console
[8.936s] [ 80%] Built target version
[8.996s] [ 82%] [32m[1mLinking CXX executable listMemories[0m
[9.030s] [ 85%] [32m[1mLinking CXX executable comCheck[0m
[9.069s] [ 85%] Built target battery
[9.141s] [ 87%] [32m[1mLinking CXX executable reboot[0m
[9.197s] [ 87%] Built target listMemories
[9.205s] [ 87%] Built target comCheck
[9.316s] [ 87%] Built target reboot
[9.323s] [ 90%] [32m[1mLinking CXX executable log[0m
[9.462s] [ 90%] Built target log
[10.269s] [ 92%] [32m[1mLinking CXX executable downloadUSDLogfile[0m
[10.393s] [ 92%] Built target downloadUSDLogfile
[10.632s] [ 95%] [32m[1mLinking CXX executable setParam[0m
[10.752s] [ 95%] Built target setParam
[15.558s] [ 97%] [32m[1mLinking CXX executable teleop[0m
[16.048s] [ 97%] Built target teleop
[35.540s] [100%] [32m[1mLinking CXX executable crazyflie_server[0m
[37.058s] [100%] Built target crazyflie_server
[37.067s] Invoked command in '/home/mouha/crazyflie/ros2_ws/build/crazyflie' returned '0': AMENT_PREFIX_PATH=/home/mouha/crazyflie/ros2_ws/install/crazyflie_interfaces:/home/mouha/crazyflie/ros2_ws/install/crazyflie_description:${AMENT_PREFIX_PATH} CMAKE_PREFIX_PATH=/home/mouha/crazyflie/ros2_ws/install/crazyflie_interfaces:/home/mouha/crazyflie/ros2_ws/install/crazyflie_description:/opt/ros/jazzy/opt/gz_sim_vendor:/opt/ros/jazzy/opt/gz_sensors_vendor:/opt/ros/jazzy/opt/gz_physics_vendor:/opt/ros/jazzy/opt/sdformat_vendor:/opt/ros/jazzy/opt/gz_gui_vendor:/opt/ros/jazzy/opt/gz_transport_vendor:/opt/ros/jazzy/opt/gz_rendering_vendor:/opt/ros/jazzy/opt/gz_plugin_vendor:/opt/ros/jazzy/opt/gz_fuel_tools_vendor:/opt/ros/jazzy/opt/gz_msgs_vendor:/opt/ros/jazzy/opt/gz_common_vendor:/opt/ros/jazzy/opt/gz_math_vendor:/opt/ros/jazzy/opt/gz_utils_vendor:/opt/ros/jazzy/opt/gz_tools_vendor:/opt/ros/jazzy/opt/gz_ogre_next_vendor:/opt/ros/jazzy/opt/gz_dartsim_vendor:/opt/ros/jazzy/opt/gz_cmake_vendor:/opt/ros/jazzy DEBUGINFOD_URLS=https://debuginfod.ubuntu.com LD_LIBRARY_PATH=/home/mouha/crazyflie/ros2_ws/install/crazyflie_interfaces/lib:${LD_LIBRARY_PATH} PYTHONPATH=/home/mouha/crazyflie/ros2_ws/install/crazyflie_interfaces/lib/python3.12/site-packages:${PYTHONPATH} /usr/bin/cmake --build /home/mouha/crazyflie/ros2_ws/build/crazyflie -- -j12 -l12
[37.068s] Invoking command in '/home/mouha/crazyflie/ros2_ws/build/crazyflie': AMENT_PREFIX_PATH=/home/mouha/crazyflie/ros2_ws/install/crazyflie_interfaces:/home/mouha/crazyflie/ros2_ws/install/crazyflie_description:${AMENT_PREFIX_PATH} CMAKE_PREFIX_PATH=/home/mouha/crazyflie/ros2_ws/install/crazyflie_interfaces:/home/mouha/crazyflie/ros2_ws/install/crazyflie_description:/opt/ros/jazzy/opt/gz_sim_vendor:/opt/ros/jazzy/opt/gz_sensors_vendor:/opt/ros/jazzy/opt/gz_physics_vendor:/opt/ros/jazzy/opt/sdformat_vendor:/opt/ros/jazzy/opt/gz_gui_vendor:/opt/ros/jazzy/opt/gz_transport_vendor:/opt/ros/jazzy/opt/gz_rendering_vendor:/opt/ros/jazzy/opt/gz_plugin_vendor:/opt/ros/jazzy/opt/gz_fuel_tools_vendor:/opt/ros/jazzy/opt/gz_msgs_vendor:/opt/ros/jazzy/opt/gz_common_vendor:/opt/ros/jazzy/opt/gz_math_vendor:/opt/ros/jazzy/opt/gz_utils_vendor:/opt/ros/jazzy/opt/gz_tools_vendor:/opt/ros/jazzy/opt/gz_ogre_next_vendor:/opt/ros/jazzy/opt/gz_dartsim_vendor:/opt/ros/jazzy/opt/gz_cmake_vendor:/opt/ros/jazzy DEBUGINFOD_URLS=https://debuginfod.ubuntu.com LD_LIBRARY_PATH=/home/mouha/crazyflie/ros2_ws/install/crazyflie_interfaces/lib:${LD_LIBRARY_PATH} PYTHONPATH=/home/mouha/crazyflie/ros2_ws/install/crazyflie_interfaces/lib/python3.12/site-packages:${PYTHONPATH} /usr/bin/cmake --install /home/mouha/crazyflie/ros2_ws/build/crazyflie
[37.074s] -- Install configuration: ""
[37.074s] -- Execute custom install script
[37.075s] -- Symlinking: /home/mouha/crazyflie/ros2_ws/install/crazyflie/lib/crazyflie/comCheck
[37.081s] -- Symlinking: /home/mouha/crazyflie/ros2_ws/install/crazyflie/lib/crazyflie/scan
[37.087s] -- Symlinking: /home/mouha/crazyflie/ros2_ws/install/crazyflie/lib/crazyflie/listParams
[37.094s] -- Symlinking: /home/mouha/crazyflie/ros2_ws/install/crazyflie/lib/crazyflie/listLogVariables
[37.100s] -- Symlinking: /home/mouha/crazyflie/ros2_ws/install/crazyflie/lib/crazyflie/listMemories
[37.106s] -- Symlinking: /home/mouha/crazyflie/ros2_ws/install/crazyflie/lib/crazyflie/reboot
[37.112s] -- Symlinking: /home/mouha/crazyflie/ros2_ws/install/crazyflie/lib/crazyflie/battery
[37.117s] -- Symlinking: /home/mouha/crazyflie/ros2_ws/install/crazyflie/lib/crazyflie/version
[37.123s] -- Symlinking: /home/mouha/crazyflie/ros2_ws/install/crazyflie/lib/crazyflie/console
[37.129s] -- Symlinking: /home/mouha/crazyflie/ros2_ws/install/crazyflie/lib/crazyflie/log
[37.135s] -- Symlinking: /home/mouha/crazyflie/ros2_ws/install/crazyflie/lib/crazyflie/setParam
[37.141s] -- Symlinking: /home/mouha/crazyflie/ros2_ws/install/crazyflie/lib/crazyflie/downloadUSDLogfile
[37.146s] -- Symlinking: /home/mouha/crazyflie/ros2_ws/install/crazyflie/lib/crazyflie/teleop
[37.153s] -- Symlinking: /home/mouha/crazyflie/ros2_ws/install/crazyflie/lib/crazyflie/crazyflie_server
[37.160s] -- Symlinking: /home/mouha/crazyflie/ros2_ws/install/crazyflie/lib/crazyflie/chooser.py
[37.166s] -- Symlinking: /home/mouha/crazyflie/ros2_ws/install/crazyflie/lib/crazyflie/cfmult.py
[37.172s] -- Symlinking: /home/mouha/crazyflie/ros2_ws/install/crazyflie/lib/crazyflie/aideck_streamer.py
[37.177s] -- Symlinking: /home/mouha/crazyflie/ros2_ws/install/crazyflie/lib/crazyflie/flash.py
[37.183s] -- Symlinking: /home/mouha/crazyflie/ros2_ws/install/crazyflie/share/crazyflie//launch/launch.py
[37.189s] -- Symlinking: /home/mouha/crazyflie/ros2_ws/install/crazyflie/share/crazyflie//launch/launch_teleop2.py
[37.195s] -- Symlinking: /home/mouha/crazyflie/ros2_ws/install/crazyflie/share/crazyflie//launch/teleop_launch.py
[37.200s] -- Symlinking: /home/mouha/crazyflie/ros2_ws/install/crazyflie/share/crazyflie//config/aideck_streamer.yaml
[37.206s] -- Symlinking: /home/mouha/crazyflie/ros2_ws/install/crazyflie/share/crazyflie//config/config.rviz
[37.212s] -- Symlinking: /home/mouha/crazyflie/ros2_ws/install/crazyflie/share/crazyflie//config/crazyflies.yaml
[37.218s] -- Symlinking: /home/mouha/crazyflie/ros2_ws/install/crazyflie/share/crazyflie//config/motion_capture.yaml
[37.226s] -- Symlinking: /home/mouha/crazyflie/ros2_ws/install/crazyflie/share/crazyflie//config/server.yaml
[37.233s] -- Symlinking: /home/mouha/crazyflie/ros2_ws/install/crazyflie/share/crazyflie//config/teleop.yaml
[37.239s] -- Symlinking: /home/mouha/crazyflie/ros2_ws/install/crazyflie/share/ament_index/resource_index/package_run_dependencies/crazyflie
[37.245s] -- Symlinking: /home/mouha/crazyflie/ros2_ws/install/crazyflie/share/ament_index/resource_index/parent_prefix_path/crazyflie
[37.252s] -- Symlinking: /home/mouha/crazyflie/ros2_ws/install/crazyflie/share/crazyflie/environment/ament_prefix_path.sh
[37.259s] -- Symlinking: /home/mouha/crazyflie/ros2_ws/install/crazyflie/share/crazyflie/environment/ament_prefix_path.dsv
[37.265s] -- Symlinking: /home/mouha/crazyflie/ros2_ws/install/crazyflie/share/crazyflie/environment/path.sh
[37.271s] -- Symlinking: /home/mouha/crazyflie/ros2_ws/install/crazyflie/share/crazyflie/environment/path.dsv
[37.277s] -- Symlinking: /home/mouha/crazyflie/ros2_ws/install/crazyflie/share/crazyflie/local_setup.bash
[37.283s] -- Symlinking: /home/mouha/crazyflie/ros2_ws/install/crazyflie/share/crazyflie/local_setup.sh
[37.289s] -- Symlinking: /home/mouha/crazyflie/ros2_ws/install/crazyflie/share/crazyflie/local_setup.zsh
[37.295s] -- Symlinking: /home/mouha/crazyflie/ros2_ws/install/crazyflie/share/crazyflie/local_setup.dsv
[37.301s] -- Symlinking: /home/mouha/crazyflie/ros2_ws/install/crazyflie/share/crazyflie/package.dsv
[37.307s] -- Symlinking: /home/mouha/crazyflie/ros2_ws/install/crazyflie/share/ament_index/resource_index/packages/crazyflie
[37.313s] -- Symlinking: /home/mouha/crazyflie/ros2_ws/install/crazyflie/share/crazyflie/cmake/crazyflieConfig.cmake
[37.319s] -- Symlinking: /home/mouha/crazyflie/ros2_ws/install/crazyflie/share/crazyflie/cmake/crazyflieConfig-version.cmake
[37.325s] -- Symlinking: /home/mouha/crazyflie/ros2_ws/install/crazyflie/share/crazyflie/package.xml
[37.332s] Invoked command in '/home/mouha/crazyflie/ros2_ws/build/crazyflie' returned '0': AMENT_PREFIX_PATH=/home/mouha/crazyflie/ros2_ws/install/crazyflie_interfaces:/home/mouha/crazyflie/ros2_ws/install/crazyflie_description:${AMENT_PREFIX_PATH} CMAKE_PREFIX_PATH=/home/mouha/crazyflie/ros2_ws/install/crazyflie_interfaces:/home/mouha/crazyflie/ros2_ws/install/crazyflie_description:/opt/ros/jazzy/opt/gz_sim_vendor:/opt/ros/jazzy/opt/gz_sensors_vendor:/opt/ros/jazzy/opt/gz_physics_vendor:/opt/ros/jazzy/opt/sdformat_vendor:/opt/ros/jazzy/opt/gz_gui_vendor:/opt/ros/jazzy/opt/gz_transport_vendor:/opt/ros/jazzy/opt/gz_rendering_vendor:/opt/ros/jazzy/opt/gz_plugin_vendor:/opt/ros/jazzy/opt/gz_fuel_tools_vendor:/opt/ros/jazzy/opt/gz_msgs_vendor:/opt/ros/jazzy/opt/gz_common_vendor:/opt/ros/jazzy/opt/gz_math_vendor:/opt/ros/jazzy/opt/gz_utils_vendor:/opt/ros/jazzy/opt/gz_tools_vendor:/opt/ros/jazzy/opt/gz_ogre_next_vendor:/opt/ros/jazzy/opt/gz_dartsim_vendor:/opt/ros/jazzy/opt/gz_cmake_vendor:/opt/ros/jazzy DEBUGINFOD_URLS=https://debuginfod.ubuntu.com LD_LIBRARY_PATH=/home/mouha/crazyflie/ros2_ws/install/crazyflie_interfaces/lib:${LD_LIBRARY_PATH} PYTHONPATH=/home/mouha/crazyflie/ros2_ws/install/crazyflie_interfaces/lib/python3.12/site-packages:${PYTHONPATH} /usr/bin/cmake --install /home/mouha/crazyflie/ros2_ws/build/crazyflie
