[0.899s] Invoking command in '/home/mouha/crazyflie/ros2_ws/build/crazyflie_py': AMENT_PREFIX_PATH=/home/mouha/crazyflie/ros2_ws/install/crazyflie_interfaces:${AMENT_PREFIX_PATH} CMAKE_PREFIX_PATH=/home/mouha/crazyflie/ros2_ws/install/crazyflie_interfaces:${CMAKE_PREFIX_PATH} DEBUGINFOD_URLS=https://debuginfod.ubuntu.com LD_LIBRARY_PATH=/home/mouha/crazyflie/ros2_ws/install/crazyflie_interfaces/lib:${LD_LIBRARY_PATH} PYTHONPATH=/home/mouha/crazyflie/ros2_ws/build/crazyflie_py/prefix_override:/usr/lib/python3/dist-packages/colcon_core/task/python/colcon_distutils_commands:/home/mouha/crazyflie/ros2_ws/install/crazyflie_py/lib/python3.12/site-packages:/home/mouha/crazyflie/ros2_ws/install/crazyflie_interfaces/lib/python3.12/site-packages:${PYTHONPATH} /usr/bin/python3 -W ignore:setup.py install is deprecated -W ignore:easy_install command is deprecated setup.py develop --editable --build-directory /home/mouha/crazyflie/ros2_ws/build/crazyflie_py/build --no-deps symlink_data
[1.167s] running develop
[1.350s] running egg_info
[1.350s] creating crazyflie_py.egg-info
[1.372s] writing crazyflie_py.egg-info/PKG-INFO
[1.373s] writing dependency_links to crazyflie_py.egg-info/dependency_links.txt
[1.373s] writing requirements to crazyflie_py.egg-info/requires.txt
[1.373s] writing top-level names to crazyflie_py.egg-info/top_level.txt
[1.373s] writing manifest file 'crazyflie_py.egg-info/SOURCES.txt'
[1.409s] reading manifest file 'crazyflie_py.egg-info/SOURCES.txt'
[1.410s] writing manifest file 'crazyflie_py.egg-info/SOURCES.txt'
[1.430s] running build_ext
[1.430s] Creating /home/mouha/crazyflie/ros2_ws/install/crazyflie_py/lib/python3.12/site-packages/crazyflie-py.egg-link (link to .)
[1.431s] 
[1.431s] Installed /home/mouha/crazyflie/ros2_ws/build/crazyflie_py
[1.431s] running symlink_data
[1.431s] creating /home/mouha/crazyflie/ros2_ws/install/crazyflie_py/share/ament_index
[1.431s] creating /home/mouha/crazyflie/ros2_ws/install/crazyflie_py/share/ament_index/resource_index
[1.431s] creating /home/mouha/crazyflie/ros2_ws/install/crazyflie_py/share/ament_index/resource_index/packages
[1.431s] symbolically linking /home/mouha/crazyflie/ros2_ws/build/crazyflie_py/resource/crazyflie_py -> /home/mouha/crazyflie/ros2_ws/install/crazyflie_py/share/ament_index/resource_index/packages
[1.431s] symbolically linking /home/mouha/crazyflie/ros2_ws/build/crazyflie_py/package.xml -> /home/mouha/crazyflie/ros2_ws/install/crazyflie_py/share/crazyflie_py
[1.483s] Invoked command in '/home/mouha/crazyflie/ros2_ws/build/crazyflie_py' returned '0': AMENT_PREFIX_PATH=/home/mouha/crazyflie/ros2_ws/install/crazyflie_interfaces:${AMENT_PREFIX_PATH} CMAKE_PREFIX_PATH=/home/mouha/crazyflie/ros2_ws/install/crazyflie_interfaces:${CMAKE_PREFIX_PATH} DEBUGINFOD_URLS=https://debuginfod.ubuntu.com LD_LIBRARY_PATH=/home/mouha/crazyflie/ros2_ws/install/crazyflie_interfaces/lib:${LD_LIBRARY_PATH} PYTHONPATH=/home/mouha/crazyflie/ros2_ws/build/crazyflie_py/prefix_override:/usr/lib/python3/dist-packages/colcon_core/task/python/colcon_distutils_commands:/home/mouha/crazyflie/ros2_ws/install/crazyflie_py/lib/python3.12/site-packages:/home/mouha/crazyflie/ros2_ws/install/crazyflie_interfaces/lib/python3.12/site-packages:${PYTHONPATH} /usr/bin/python3 -W ignore:setup.py install is deprecated -W ignore:easy_install command is deprecated setup.py develop --editable --build-directory /home/mouha/crazyflie/ros2_ws/build/crazyflie_py/build --no-deps symlink_data
