[0.013s] Invoking command in '/home/mouha/crazyflie/ros2_ws/build/crazyflie_description': CMAKE_PREFIX_PATH=${CMAKE_PREFIX_PATH}:/opt/ros/jazzy DEBUGINFOD_URLS=https://debuginfod.ubuntu.com /usr/bin/cmake /home/mouha/crazyflie/ros2_ws/src/crazyswarm2/crazyflie_description -DAMENT_CMAKE_SYMLINK_INSTALL=1 -DCMAKE_INSTALL_PREFIX=/home/mouha/crazyflie/ros2_ws/install/crazyflie_description
[0.081s] -- The C compiler identification is GNU 13.3.0
[0.147s] -- The CXX compiler identification is GNU 13.3.0
[0.160s] -- Detecting C compiler ABI info
[0.227s] -- Detecting C compiler ABI info - done
[0.234s] -- Check for working C compiler: /usr/bin/cc - skipped
[0.235s] -- Detecting C compile features
[0.235s] -- Detecting C compile features - done
[0.242s] -- Detecting CXX compiler ABI info
[0.313s] -- Detecting CXX compiler ABI info - done
[0.320s] -- Check for working CXX compiler: /usr/bin/c++ - skipped
[0.320s] -- Detecting CXX compile features
[0.321s] -- Detecting CXX compile features - done
[0.326s] -- Found ament_cmake: 2.5.6 (/opt/ros/jazzy/share/ament_cmake/cmake)
[0.452s] -- Found Python3: /usr/bin/python3 (found version "3.12.3") found components: Interpreter 
[0.523s] -- Override CMake install command with custom implementation using symlinks instead of copying resources
[0.638s] -- Configuring done (0.6s)
[0.640s] -- Generating done (0.0s)
[0.641s] -- Build files have been written to: /home/mouha/crazyflie/ros2_ws/build/crazyflie_description
[0.645s] Invoked command in '/home/mouha/crazyflie/ros2_ws/build/crazyflie_description' returned '0': CMAKE_PREFIX_PATH=${CMAKE_PREFIX_PATH}:/opt/ros/jazzy DEBUGINFOD_URLS=https://debuginfod.ubuntu.com /usr/bin/cmake /home/mouha/crazyflie/ros2_ws/src/crazyswarm2/crazyflie_description -DAMENT_CMAKE_SYMLINK_INSTALL=1 -DCMAKE_INSTALL_PREFIX=/home/mouha/crazyflie/ros2_ws/install/crazyflie_description
[0.646s] Invoking command in '/home/mouha/crazyflie/ros2_ws/build/crazyflie_description': CMAKE_PREFIX_PATH=${CMAKE_PREFIX_PATH}:/opt/ros/jazzy DEBUGINFOD_URLS=https://debuginfod.ubuntu.com /usr/bin/cmake --build /home/mouha/crazyflie/ros2_ws/build/crazyflie_description -- -j12 -l12
[0.676s] Invoked command in '/home/mouha/crazyflie/ros2_ws/build/crazyflie_description' returned '0': CMAKE_PREFIX_PATH=${CMAKE_PREFIX_PATH}:/opt/ros/jazzy DEBUGINFOD_URLS=https://debuginfod.ubuntu.com /usr/bin/cmake --build /home/mouha/crazyflie/ros2_ws/build/crazyflie_description -- -j12 -l12
[0.684s] Invoking command in '/home/mouha/crazyflie/ros2_ws/build/crazyflie_description': CMAKE_PREFIX_PATH=${CMAKE_PREFIX_PATH}:/opt/ros/jazzy DEBUGINFOD_URLS=https://debuginfod.ubuntu.com /usr/bin/cmake --install /home/mouha/crazyflie/ros2_ws/build/crazyflie_description
[0.690s] -- Install configuration: ""
[0.690s] -- Execute custom install script
[0.691s] -- Symlinking: /home/mouha/crazyflie/ros2_ws/install/crazyflie_description/share/crazyflie_description//urdf/cf2_assembly.stl
[0.698s] -- Symlinking: /home/mouha/crazyflie/ros2_ws/install/crazyflie_description/share/crazyflie_description//urdf/cf2_assembly_with_props.dae
[0.705s] -- Symlinking: /home/mouha/crazyflie/ros2_ws/install/crazyflie_description/share/crazyflie_description//urdf/crazyflie_description.urdf
[0.713s] -- Symlinking: /home/mouha/crazyflie/ros2_ws/install/crazyflie_description/share/ament_index/resource_index/package_run_dependencies/crazyflie_description
[0.720s] -- Symlinking: /home/mouha/crazyflie/ros2_ws/install/crazyflie_description/share/ament_index/resource_index/parent_prefix_path/crazyflie_description
[0.727s] -- Symlinking: /home/mouha/crazyflie/ros2_ws/install/crazyflie_description/share/crazyflie_description/environment/ament_prefix_path.sh
[0.735s] -- Symlinking: /home/mouha/crazyflie/ros2_ws/install/crazyflie_description/share/crazyflie_description/environment/ament_prefix_path.dsv
[0.743s] -- Symlinking: /home/mouha/crazyflie/ros2_ws/install/crazyflie_description/share/crazyflie_description/environment/path.sh
[0.750s] -- Symlinking: /home/mouha/crazyflie/ros2_ws/install/crazyflie_description/share/crazyflie_description/environment/path.dsv
[0.758s] -- Symlinking: /home/mouha/crazyflie/ros2_ws/install/crazyflie_description/share/crazyflie_description/local_setup.bash
[0.766s] -- Symlinking: /home/mouha/crazyflie/ros2_ws/install/crazyflie_description/share/crazyflie_description/local_setup.sh
[0.774s] -- Symlinking: /home/mouha/crazyflie/ros2_ws/install/crazyflie_description/share/crazyflie_description/local_setup.zsh
[0.782s] -- Symlinking: /home/mouha/crazyflie/ros2_ws/install/crazyflie_description/share/crazyflie_description/local_setup.dsv
[0.790s] -- Symlinking: /home/mouha/crazyflie/ros2_ws/install/crazyflie_description/share/crazyflie_description/package.dsv
[0.797s] -- Symlinking: /home/mouha/crazyflie/ros2_ws/install/crazyflie_description/share/ament_index/resource_index/packages/crazyflie_description
[0.804s] -- Symlinking: /home/mouha/crazyflie/ros2_ws/install/crazyflie_description/share/crazyflie_description/cmake/crazyflie_descriptionConfig.cmake
[0.811s] -- Symlinking: /home/mouha/crazyflie/ros2_ws/install/crazyflie_description/share/crazyflie_description/cmake/crazyflie_descriptionConfig-version.cmake
[0.818s] -- Symlinking: /home/mouha/crazyflie/ros2_ws/install/crazyflie_description/share/crazyflie_description/package.xml
[0.827s] Invoked command in '/home/mouha/crazyflie/ros2_ws/build/crazyflie_description' returned '0': CMAKE_PREFIX_PATH=${CMAKE_PREFIX_PATH}:/opt/ros/jazzy DEBUGINFOD_URLS=https://debuginfod.ubuntu.com /usr/bin/cmake --install /home/mouha/crazyflie/ros2_ws/build/crazyflie_description
