[  1%] Built target drive_base_msgs__rosidl_generator_type_description
[  3%] Built target drive_base_msgs__rs
[  3%] Built target ament_cmake_python_symlink_drive_base_msgs
[  4%] Built target drive_base_msgs__cpp
[ 26%] Built target drive_base_msgs__rosidl_generator_c
[ 44%] Built target drive_base_msgs__rosidl_typesupport_introspection_c
[ 44%] Built target drive_base_msgs__rosidl_typesupport_c
[ 60%] Built target drive_base_msgs__rosidl_typesupport_cpp
[ 63%] Built target drive_base_msgs__rosidl_typesupport_introspection_cpp
[ 81%] Built target drive_base_msgs__rosidl_typesupport_fastrtps_cpp
[ 81%] Built target drive_base_msgs__rosidl_typesupport_fastrtps_c
[ 81%] Built target drive_base_msgs
[ 83%] Built target drive_base_msgs__py
[ 90%] Built target drive_base_msgs__rosidl_generator_py
[ 93%] Built target drive_base_msgs_s__rosidl_typesupport_fastrtps_c
[ 96%] Built target drive_base_msgs_s__rosidl_typesupport_introspection_c
[100%] Built target drive_base_msgs_s__rosidl_typesupport_c
running egg_info
writing drive_base_msgs.egg-info/PKG-INFO
writing dependency_links to drive_base_msgs.egg-info/dependency_links.txt
writing top-level names to drive_base_msgs.egg-info/top_level.txt
reading manifest file 'drive_base_msgs.egg-info/SOURCES.txt'
writing manifest file 'drive_base_msgs.egg-info/SOURCES.txt'
[100%] Built target ament_cmake_python_build_drive_base_msgs_egg
