[0.487s] Invoking command in '/home/mouha/crazyflie/ros2_ws/build/crazyflie_sim': CMAKE_PREFIX_PATH=/home/mouha/crazyflie/ros2_ws/install/crazyflie_interfaces:/home/mouha/crazyflie/ros2_ws/install/micro_ros_setup:/home/mouha/crazyflie/ros2_ws/install/crazyflie_sim:/home/mouha/crazyflie/ros2_ws/install/crazyflie_examples:/home/mouha/crazyflie/ros2_ws/install/crazyflie:/home/mouha/crazyflie/ros2_ws/install/crazyflie_description:/home/mouha/ros2_ws/install/my_cpp_pkg:/opt/ros/jazzy/opt/gz_sim_vendor:/opt/ros/jazzy/opt/gz_sensors_vendor:/opt/ros/jazzy/opt/gz_physics_vendor:/opt/ros/jazzy/opt/sdformat_vendor:/opt/ros/jazzy/opt/gz_gui_vendor:/opt/ros/jazzy/opt/gz_transport_vendor:/opt/ros/jazzy/opt/gz_rendering_vendor:/opt/ros/jazzy/opt/gz_plugin_vendor:/opt/ros/jazzy/opt/gz_fuel_tools_vendor:/opt/ros/jazzy/opt/gz_msgs_vendor:/opt/ros/jazzy/opt/gz_common_vendor:/opt/ros/jazzy/opt/gz_math_vendor:/opt/ros/jazzy/opt/gz_utils_vendor:/opt/ros/jazzy/opt/gz_tools_vendor:/opt/ros/jazzy/opt/gz_ogre_next_vendor:/opt/ros/jazzy/opt/gz_dartsim_vendor:/opt/ros/jazzy/opt/gz_cmake_vendor:/home/mouha/crazyflie/ros2_ws/install/crazyflie_server_py:/home/mouha/crazyflie/ros2_ws/install/crazyflie_py:/home/mouha/crazyflie/ros2_ws/install/cf_led_mission:/home/mouha/ros2_ws/install/my_py_pkg:/opt/ros/jazzy DEBUGINFOD_URLS=https://debuginfod.ubuntu.com PYTHONPATH=/home/mouha/crazyflie/ros2_ws/install/crazyflie_interfaces/lib/python3.12/site-packages:/home/mouha/ros2_ws/build/my_py_pkg:/home/mouha/crazyflie/ros2_ws/install/crazyflie_sim/lib/python3.12/site-packages:/home/mouha/crazyflie/ros2_ws/build/crazyflie_server_py:/home/mouha/crazyflie/ros2_ws/install/crazyflie_server_py/lib/python3.12/site-packages:/home/mouha/crazyflie/ros2_ws/install/crazyflie_examples/lib/python3.12/site-packages:/home/mouha/crazyflie/ros2_ws/build/crazyflie_py:/home/mouha/crazyflie/ros2_ws/install/crazyflie_py/lib/python3.12/site-packages:/home/mouha/crazyflie/ros2_ws/build/cf_led_mission:/home/mouha/crazyflie/ros2_ws/install/cf_led_mission/lib/python3.12/site-packages:/home/mouha/ros2_ws/install/my_py_pkg/lib/python3.12/site-packages:/opt/ros/jazzy/lib/python3.12/site-packages /usr/bin/cmake --build /home/mouha/crazyflie/ros2_ws/build/crazyflie_sim -- -j12 -l12
[0.536s] Built target ament_cmake_python_symlink_crazyflie_sim_setup
[0.541s] Built target ament_cmake_python_symlink_crazyflie_sim
[0.767s] running egg_info
[0.777s] running install_scripts
[0.785s] writing crazyflie_sim.egg-info/PKG-INFO
[0.786s] writing dependency_links to crazyflie_sim.egg-info/dependency_links.txt
[0.786s] writing entry points to crazyflie_sim.egg-info/entry_points.txt
[0.786s] writing top-level names to crazyflie_sim.egg-info/top_level.txt
[0.813s] /usr/lib/python3/dist-packages/setuptools/_distutils/cmd.py:66: SetuptoolsDeprecationWarning: setup.py install is deprecated.
[0.814s] !!
[0.814s] 
[0.814s]         ********************************************************************************
[0.814s]         Please avoid running ``setup.py`` directly.
[0.814s]         Instead, use pypa/build, pypa/installer or other
[0.814s]         standards-based tools.
[0.814s] 
[0.814s]         See https://blog.ganssle.io/articles/2021/10/setup-py-deprecated.html for details.
[0.814s]         ********************************************************************************
[0.814s] 
[0.815s] !!
[0.815s]   self.initialize_options()
[0.819s] running egg_info
[0.837s] reading manifest file 'crazyflie_sim.egg-info/SOURCES.txt'
[0.838s] writing manifest file 'crazyflie_sim.egg-info/SOURCES.txt'
[0.856s] writing crazyflie_sim.egg-info/PKG-INFO
[0.856s] writing dependency_links to crazyflie_sim.egg-info/dependency_links.txt
[0.856s] writing entry points to crazyflie_sim.egg-info/entry_points.txt
[0.856s] writing top-level names to crazyflie_sim.egg-info/top_level.txt
[0.862s] Built target ament_cmake_python_build_crazyflie_sim_egg
[0.891s] reading manifest file 'crazyflie_sim.egg-info/SOURCES.txt'
[0.892s] writing manifest file 'crazyflie_sim.egg-info/SOURCES.txt'
[0.989s] Installing crazyflie_server script to scripts
[1.032s] Built target ament_cmake_python_build_crazyflie_sim_scripts
