Built target ament_cmake_python_symlink_crazyflie_sim
Built target ament_cmake_python_symlink_crazyflie_sim_setup
running install_scripts
running egg_info
writing crazyflie_sim.egg-info/PKG-INFO
writing dependency_links to crazyflie_sim.egg-info/dependency_links.txt
writing entry points to crazyflie_sim.egg-info/entry_points.txt
writing top-level names to crazyflie_sim.egg-info/top_level.txt
/usr/lib/python3/dist-packages/setuptools/_distutils/cmd.py:66: SetuptoolsDeprecationWarning: setup.py install is deprecated.
!!

        ********************************************************************************
        Please avoid running ``setup.py`` directly.
        Instead, use pypa/build, pypa/installer or other
        standards-based tools.

        See https://blog.ganssle.io/articles/2021/10/setup-py-deprecated.html for details.
        ********************************************************************************

!!
  self.initialize_options()
running egg_info
reading manifest file 'crazyflie_sim.egg-info/SOURCES.txt'
writing manifest file 'crazyflie_sim.egg-info/SOURCES.txt'
writing crazyflie_sim.egg-info/PKG-INFO
writing dependency_links to crazyflie_sim.egg-info/dependency_links.txt
writing entry points to crazyflie_sim.egg-info/entry_points.txt
writing top-level names to crazyflie_sim.egg-info/top_level.txt
Built target ament_cmake_python_build_crazyflie_sim_egg
reading manifest file 'crazyflie_sim.egg-info/SOURCES.txt'
writing manifest file 'crazyflie_sim.egg-info/SOURCES.txt'
Installing crazyflie_server script to scripts
Built target ament_cmake_python_build_crazyflie_sim_scripts
