[0.018s] Invoking command in '/home/mouha/crazyflie/ros2_ws/build/micro_ros_msgs': CMAKE_PREFIX_PATH=${CMAKE_PREFIX_PATH}:/home/mouha/crazyflie/ros2_ws/install/crazyflie_server_py:/home/mouha/crazyflie/ros2_ws/install/cf_led_mission:/home/mouha/crazyflie/ros2_ws/install/crazyflie_py:/home/mouha/ros2_ws/install/my_py_pkg:/opt/ros/jazzy DEBUGINFOD_URLS=https://debuginfod.ubuntu.com /usr/bin/cmake /home/mouha/crazyflie/ros2_ws/src/uros/micro_ros_msgs -DAMENT_CMAKE_SYMLINK_INSTALL=1 -DCMAKE_INSTALL_PREFIX=/home/mouha/crazyflie/ros2_ws/install/micro_ros_msgs
[0.029s] -- Found ament_cmake: 2.5.6 (/opt/ros/jazzy/share/ament_cmake/cmake)
[0.151s] -- Override CMake install command with custom implementation using symlinks instead of copying resources
[0.160s] -- Found rosidl_default_generators: 1.6.0 (/opt/ros/jazzy/share/rosidl_default_generators/cmake)
[0.163s] -- Using all available rosidl_typesupport_c: rosidl_typesupport_fastrtps_c;rosidl_typesupport_introspection_c
[0.193s] -- Using all available rosidl_typesupport_cpp: rosidl_typesupport_fastrtps_cpp;rosidl_typesupport_introspection_cpp
[0.229s] -- Found rosidl_adapter: 4.6.7 (/opt/ros/jazzy/share/rosidl_adapter/cmake)
[0.230s] -- Found ament_lint_auto: 0.17.5 (/opt/ros/jazzy/share/ament_lint_auto/cmake)
[0.466s] -- Found ament_cmake_ros: 0.12.0 (/opt/ros/jazzy/share/ament_cmake_ros/cmake)
[0.577s] -- Using all available rosidl_typesupport_c: rosidl_typesupport_fastrtps_c;rosidl_typesupport_introspection_c
[0.680s] -- Using all available rosidl_typesupport_cpp: rosidl_typesupport_fastrtps_cpp;rosidl_typesupport_introspection_cpp
[0.681s] -- Found python_cmake_module: 0.11.1 (/opt/ros/jazzy/share/python_cmake_module/cmake)
[1.064s] -- Found Python3: /usr/bin/python3 (found version "3.12.3") found components: Interpreter Development NumPy Development.Module Development.Embed 
[1.105s] -- Found Python3: /usr/bin/python3 (found version "3.12.3") found components: Interpreter 
[1.110s] -- Added test 'copyright' to check source files copyright and LICENSE
[1.114s] -- Added test 'lint_cmake' to check CMake code style
[1.116s] -- Added test 'xmllint' to check XML markup files
[1.121s] -- Configuring done (1.1s)
[1.153s] -- Generating done (0.0s)
[1.163s] -- Build files have been written to: /home/mouha/crazyflie/ros2_ws/build/micro_ros_msgs
[1.181s] Invoked command in '/home/mouha/crazyflie/ros2_ws/build/micro_ros_msgs' returned '0': CMAKE_PREFIX_PATH=${CMAKE_PREFIX_PATH}:/home/mouha/crazyflie/ros2_ws/install/crazyflie_server_py:/home/mouha/crazyflie/ros2_ws/install/cf_led_mission:/home/mouha/crazyflie/ros2_ws/install/crazyflie_py:/home/mouha/ros2_ws/install/my_py_pkg:/opt/ros/jazzy DEBUGINFOD_URLS=https://debuginfod.ubuntu.com /usr/bin/cmake /home/mouha/crazyflie/ros2_ws/src/uros/micro_ros_msgs -DAMENT_CMAKE_SYMLINK_INSTALL=1 -DCMAKE_INSTALL_PREFIX=/home/mouha/crazyflie/ros2_ws/install/micro_ros_msgs
[1.181s] Invoking command in '/home/mouha/crazyflie/ros2_ws/build/micro_ros_msgs': CMAKE_PREFIX_PATH=${CMAKE_PREFIX_PATH}:/home/mouha/crazyflie/ros2_ws/install/crazyflie_server_py:/home/mouha/crazyflie/ros2_ws/install/cf_led_mission:/home/mouha/crazyflie/ros2_ws/install/crazyflie_py:/home/mouha/ros2_ws/install/my_py_pkg:/opt/ros/jazzy DEBUGINFOD_URLS=https://debuginfod.ubuntu.com /usr/bin/cmake --build /home/mouha/crazyflie/ros2_ws/build/micro_ros_msgs -- -j12 -l12
[1.231s] [  3%] Built target micro_ros_msgs__rosidl_generator_type_description
[1.231s] [  3%] Built target micro_ros_msgs__rs
[1.243s] [  3%] Built target ament_cmake_python_symlink_micro_ros_msgs
[1.258s] [  5%] Built target micro_ros_msgs__cpp
[1.262s] [ 25%] Built target micro_ros_msgs__rosidl_generator_c
[1.300s] [ 34%] Built target micro_ros_msgs__rosidl_typesupport_introspection_c
[1.300s] [ 43%] Built target micro_ros_msgs__rosidl_typesupport_cpp
[1.310s] [ 67%] Built target micro_ros_msgs__rosidl_typesupport_fastrtps_c
[1.310s] [ 67%] Built target micro_ros_msgs__rosidl_typesupport_c
[1.310s] [ 70%] Built target micro_ros_msgs__rosidl_typesupport_introspection_cpp
[1.316s] [ 80%] Built target micro_ros_msgs__rosidl_typesupport_fastrtps_cpp
[1.339s] [ 80%] Built target micro_ros_msgs
[1.364s] [ 81%] Built target micro_ros_msgs__py
[1.395s] [ 89%] Built target micro_ros_msgs__rosidl_generator_py
[1.424s] [ 92%] Built target micro_ros_msgs_s__rosidl_typesupport_c
[1.430s] [ 96%] Built target micro_ros_msgs_s__rosidl_typesupport_fastrtps_c
[1.430s] [100%] Built target micro_ros_msgs_s__rosidl_typesupport_introspection_c
[1.578s] running egg_info
[1.609s] writing micro_ros_msgs.egg-info/PKG-INFO
[1.610s] writing dependency_links to micro_ros_msgs.egg-info/dependency_links.txt
[1.610s] writing top-level names to micro_ros_msgs.egg-info/top_level.txt
[1.701s] reading manifest file 'micro_ros_msgs.egg-info/SOURCES.txt'
[1.702s] writing manifest file 'micro_ros_msgs.egg-info/SOURCES.txt'
[1.749s] [100%] Built target ament_cmake_python_build_micro_ros_msgs_egg
[1.768s] Invoked command in '/home/mouha/crazyflie/ros2_ws/build/micro_ros_msgs' returned '0': CMAKE_PREFIX_PATH=${CMAKE_PREFIX_PATH}:/home/mouha/crazyflie/ros2_ws/install/crazyflie_server_py:/home/mouha/crazyflie/ros2_ws/install/cf_led_mission:/home/mouha/crazyflie/ros2_ws/install/crazyflie_py:/home/mouha/ros2_ws/install/my_py_pkg:/opt/ros/jazzy DEBUGINFOD_URLS=https://debuginfod.ubuntu.com /usr/bin/cmake --build /home/mouha/crazyflie/ros2_ws/build/micro_ros_msgs -- -j12 -l12
[1.770s] Invoking command in '/home/mouha/crazyflie/ros2_ws/build/micro_ros_msgs': CMAKE_PREFIX_PATH=${CMAKE_PREFIX_PATH}:/home/mouha/crazyflie/ros2_ws/install/crazyflie_server_py:/home/mouha/crazyflie/ros2_ws/install/cf_led_mission:/home/mouha/crazyflie/ros2_ws/install/crazyflie_py:/home/mouha/ros2_ws/install/my_py_pkg:/opt/ros/jazzy DEBUGINFOD_URLS=https://debuginfod.ubuntu.com /usr/bin/cmake --install /home/mouha/crazyflie/ros2_ws/build/micro_ros_msgs
[1.781s] -- Install configuration: ""
[1.781s] -- Execute custom install script
[1.781s] -- Up-to-date symlink: /home/mouha/crazyflie/ros2_ws/install/micro_ros_msgs/share/ament_index/resource_index/rosidl_interfaces/micro_ros_msgs
[1.782s] -- Up-to-date symlink: /home/mouha/crazyflie/ros2_ws/install/micro_ros_msgs/share/micro_ros_msgs/msg/Graph.json
[1.782s] -- Up-to-date symlink: /home/mouha/crazyflie/ros2_ws/install/micro_ros_msgs/share/micro_ros_msgs/msg/Node.json
[1.782s] -- Up-to-date symlink: /home/mouha/crazyflie/ros2_ws/install/micro_ros_msgs/share/micro_ros_msgs/msg/Entity.json
[1.782s] -- Up-to-date symlink: /home/mouha/crazyflie/ros2_ws/install/micro_ros_msgs/include/micro_ros_msgs/micro_ros_msgs/msg/detail/entity__functions.h
[1.782s] -- Up-to-date symlink: /home/mouha/crazyflie/ros2_ws/install/micro_ros_msgs/include/micro_ros_msgs/micro_ros_msgs/msg/detail/entity__struct.h
[1.782s] -- Up-to-date symlink: /home/mouha/crazyflie/ros2_ws/install/micro_ros_msgs/include/micro_ros_msgs/micro_ros_msgs/msg/detail/entity__type_support.h
[1.783s] -- Up-to-date symlink: /home/mouha/crazyflie/ros2_ws/install/micro_ros_msgs/include/micro_ros_msgs/micro_ros_msgs/msg/detail/graph__functions.h
[1.783s] -- Up-to-date symlink: /home/mouha/crazyflie/ros2_ws/install/micro_ros_msgs/include/micro_ros_msgs/micro_ros_msgs/msg/detail/graph__struct.h
[1.783s] -- Up-to-date symlink: /home/mouha/crazyflie/ros2_ws/install/micro_ros_msgs/include/micro_ros_msgs/micro_ros_msgs/msg/detail/graph__type_support.h
[1.783s] -- Up-to-date symlink: /home/mouha/crazyflie/ros2_ws/install/micro_ros_msgs/include/micro_ros_msgs/micro_ros_msgs/msg/detail/node__functions.h
[1.783s] -- Up-to-date symlink: /home/mouha/crazyflie/ros2_ws/install/micro_ros_msgs/include/micro_ros_msgs/micro_ros_msgs/msg/detail/node__struct.h
[1.784s] -- Up-to-date symlink: /home/mouha/crazyflie/ros2_ws/install/micro_ros_msgs/include/micro_ros_msgs/micro_ros_msgs/msg/detail/node__type_support.h
[1.784s] -- Up-to-date symlink: /home/mouha/crazyflie/ros2_ws/install/micro_ros_msgs/include/micro_ros_msgs/micro_ros_msgs/msg/entity.h
[1.784s] -- Up-to-date symlink: /home/mouha/crazyflie/ros2_ws/install/micro_ros_msgs/include/micro_ros_msgs/micro_ros_msgs/msg/graph.h
[1.784s] -- Up-to-date symlink: /home/mouha/crazyflie/ros2_ws/install/micro_ros_msgs/include/micro_ros_msgs/micro_ros_msgs/msg/node.h
[1.784s] -- Up-to-date symlink: /home/mouha/crazyflie/ros2_ws/install/micro_ros_msgs/include/micro_ros_msgs/micro_ros_msgs/msg/rosidl_generator_c__visibility_control.h
[1.784s] -- Up-to-date symlink: /home/mouha/crazyflie/ros2_ws/install/micro_ros_msgs/share/micro_ros_msgs/environment/library_path.sh
[1.784s] -- Up-to-date symlink: /home/mouha/crazyflie/ros2_ws/install/micro_ros_msgs/share/micro_ros_msgs/environment/library_path.dsv
[1.785s] -- Up-to-date symlink: /home/mouha/crazyflie/ros2_ws/install/micro_ros_msgs/include/micro_ros_msgs/micro_ros_msgs/msg/detail/entity__rosidl_typesupport_fastrtps_c.h
[1.785s] -- Up-to-date symlink: /home/mouha/crazyflie/ros2_ws/install/micro_ros_msgs/include/micro_ros_msgs/micro_ros_msgs/msg/detail/graph__rosidl_typesupport_fastrtps_c.h
[1.785s] -- Up-to-date symlink: /home/mouha/crazyflie/ros2_ws/install/micro_ros_msgs/include/micro_ros_msgs/micro_ros_msgs/msg/detail/node__rosidl_typesupport_fastrtps_c.h
[1.785s] -- Up-to-date symlink: /home/mouha/crazyflie/ros2_ws/install/micro_ros_msgs/include/micro_ros_msgs/micro_ros_msgs/msg/rosidl_typesupport_fastrtps_c__visibility_control.h
[1.785s] -- Up-to-date symlink: /home/mouha/crazyflie/ros2_ws/install/micro_ros_msgs/include/micro_ros_msgs/micro_ros_msgs/msg/detail/entity__rosidl_typesupport_introspection_c.h
[1.786s] -- Up-to-date symlink: /home/mouha/crazyflie/ros2_ws/install/micro_ros_msgs/include/micro_ros_msgs/micro_ros_msgs/msg/detail/graph__rosidl_typesupport_introspection_c.h
[1.786s] -- Up-to-date symlink: /home/mouha/crazyflie/ros2_ws/install/micro_ros_msgs/include/micro_ros_msgs/micro_ros_msgs/msg/detail/node__rosidl_typesupport_introspection_c.h
[1.786s] -- Up-to-date symlink: /home/mouha/crazyflie/ros2_ws/install/micro_ros_msgs/include/micro_ros_msgs/micro_ros_msgs/msg/rosidl_typesupport_introspection_c__visibility_control.h
[1.786s] -- Up-to-date symlink: /home/mouha/crazyflie/ros2_ws/install/micro_ros_msgs/include/micro_ros_msgs/micro_ros_msgs/msg/detail/entity__builder.hpp
[1.786s] -- Up-to-date symlink: /home/mouha/crazyflie/ros2_ws/install/micro_ros_msgs/include/micro_ros_msgs/micro_ros_msgs/msg/detail/entity__struct.hpp
[1.787s] -- Up-to-date symlink: /home/mouha/crazyflie/ros2_ws/install/micro_ros_msgs/include/micro_ros_msgs/micro_ros_msgs/msg/detail/entity__traits.hpp
[1.787s] -- Up-to-date symlink: /home/mouha/crazyflie/ros2_ws/install/micro_ros_msgs/include/micro_ros_msgs/micro_ros_msgs/msg/detail/entity__type_support.hpp
[1.787s] -- Up-to-date symlink: /home/mouha/crazyflie/ros2_ws/install/micro_ros_msgs/include/micro_ros_msgs/micro_ros_msgs/msg/detail/graph__builder.hpp
[1.787s] -- Up-to-date symlink: /home/mouha/crazyflie/ros2_ws/install/micro_ros_msgs/include/micro_ros_msgs/micro_ros_msgs/msg/detail/graph__struct.hpp
[1.787s] -- Up-to-date symlink: /home/mouha/crazyflie/ros2_ws/install/micro_ros_msgs/include/micro_ros_msgs/micro_ros_msgs/msg/detail/graph__traits.hpp
[1.787s] -- Up-to-date symlink: /home/mouha/crazyflie/ros2_ws/install/micro_ros_msgs/include/micro_ros_msgs/micro_ros_msgs/msg/detail/graph__type_support.hpp
[1.787s] -- Up-to-date symlink: /home/mouha/crazyflie/ros2_ws/install/micro_ros_msgs/include/micro_ros_msgs/micro_ros_msgs/msg/detail/node__builder.hpp
[1.788s] -- Up-to-date symlink: /home/mouha/crazyflie/ros2_ws/install/micro_ros_msgs/include/micro_ros_msgs/micro_ros_msgs/msg/detail/node__struct.hpp
[1.788s] -- Up-to-date symlink: /home/mouha/crazyflie/ros2_ws/install/micro_ros_msgs/include/micro_ros_msgs/micro_ros_msgs/msg/detail/node__traits.hpp
[1.788s] -- Up-to-date symlink: /home/mouha/crazyflie/ros2_ws/install/micro_ros_msgs/include/micro_ros_msgs/micro_ros_msgs/msg/detail/node__type_support.hpp
[1.788s] -- Up-to-date symlink: /home/mouha/crazyflie/ros2_ws/install/micro_ros_msgs/include/micro_ros_msgs/micro_ros_msgs/msg/entity.hpp
[1.788s] -- Up-to-date symlink: /home/mouha/crazyflie/ros2_ws/install/micro_ros_msgs/include/micro_ros_msgs/micro_ros_msgs/msg/graph.hpp
[1.788s] -- Up-to-date symlink: /home/mouha/crazyflie/ros2_ws/install/micro_ros_msgs/include/micro_ros_msgs/micro_ros_msgs/msg/node.hpp
[1.788s] -- Up-to-date symlink: /home/mouha/crazyflie/ros2_ws/install/micro_ros_msgs/include/micro_ros_msgs/micro_ros_msgs/msg/rosidl_generator_cpp__visibility_control.hpp
[1.789s] -- Up-to-date symlink: /home/mouha/crazyflie/ros2_ws/install/micro_ros_msgs/include/micro_ros_msgs/micro_ros_msgs/msg/detail/entity__rosidl_typesupport_fastrtps_cpp.hpp
[1.789s] -- Up-to-date symlink: /home/mouha/crazyflie/ros2_ws/install/micro_ros_msgs/include/micro_ros_msgs/micro_ros_msgs/msg/detail/graph__rosidl_typesupport_fastrtps_cpp.hpp
[1.789s] -- Up-to-date symlink: /home/mouha/crazyflie/ros2_ws/install/micro_ros_msgs/include/micro_ros_msgs/micro_ros_msgs/msg/detail/node__rosidl_typesupport_fastrtps_cpp.hpp
[1.789s] -- Up-to-date symlink: /home/mouha/crazyflie/ros2_ws/install/micro_ros_msgs/include/micro_ros_msgs/micro_ros_msgs/msg/rosidl_typesupport_fastrtps_cpp__visibility_control.h
[1.791s] -- Up-to-date symlink: /home/mouha/crazyflie/ros2_ws/install/micro_ros_msgs/include/micro_ros_msgs/micro_ros_msgs/msg/detail/entity__rosidl_typesupport_introspection_cpp.hpp
[1.791s] -- Up-to-date symlink: /home/mouha/crazyflie/ros2_ws/install/micro_ros_msgs/include/micro_ros_msgs/micro_ros_msgs/msg/detail/graph__rosidl_typesupport_introspection_cpp.hpp
[1.791s] -- Up-to-date symlink: /home/mouha/crazyflie/ros2_ws/install/micro_ros_msgs/include/micro_ros_msgs/micro_ros_msgs/msg/detail/node__rosidl_typesupport_introspection_cpp.hpp
[1.791s] -- Up-to-date symlink: /home/mouha/crazyflie/ros2_ws/install/micro_ros_msgs/share/micro_ros_msgs/environment/pythonpath.sh
[1.791s] -- Up-to-date symlink: /home/mouha/crazyflie/ros2_ws/install/micro_ros_msgs/share/micro_ros_msgs/environment/pythonpath.dsv
[1.792s] -- Up-to-date symlink: /home/mouha/crazyflie/ros2_ws/install/micro_ros_msgs/lib/python3.12/site-packages/micro_ros_msgs-5.0.2-py3.12.egg-info/PKG-INFO
[1.792s] -- Up-to-date symlink: /home/mouha/crazyflie/ros2_ws/install/micro_ros_msgs/lib/python3.12/site-packages/micro_ros_msgs-5.0.2-py3.12.egg-info/SOURCES.txt
[1.793s] -- Up-to-date symlink: /home/mouha/crazyflie/ros2_ws/install/micro_ros_msgs/lib/python3.12/site-packages/micro_ros_msgs-5.0.2-py3.12.egg-info/dependency_links.txt
[1.793s] -- Up-to-date symlink: /home/mouha/crazyflie/ros2_ws/install/micro_ros_msgs/lib/python3.12/site-packages/micro_ros_msgs-5.0.2-py3.12.egg-info/top_level.txt
[1.796s] -- Up-to-date symlink: /home/mouha/crazyflie/ros2_ws/install/micro_ros_msgs/lib/python3.12/site-packages/micro_ros_msgs/__init__.py
[1.796s] -- Up-to-date symlink: /home/mouha/crazyflie/ros2_ws/install/micro_ros_msgs/lib/python3.12/site-packages/micro_ros_msgs/_micro_ros_msgs_s.ep.rosidl_typesupport_c.c
[1.796s] -- Up-to-date symlink: /home/mouha/crazyflie/ros2_ws/install/micro_ros_msgs/lib/python3.12/site-packages/micro_ros_msgs/_micro_ros_msgs_s.ep.rosidl_typesupport_fastrtps_c.c
[1.796s] -- Up-to-date symlink: /home/mouha/crazyflie/ros2_ws/install/micro_ros_msgs/lib/python3.12/site-packages/micro_ros_msgs/_micro_ros_msgs_s.ep.rosidl_typesupport_introspection_c.c
[1.796s] -- Up-to-date symlink: /home/mouha/crazyflie/ros2_ws/install/micro_ros_msgs/lib/python3.12/site-packages/micro_ros_msgs/micro_ros_msgs_s__rosidl_typesupport_c.so
[1.796s] -- Up-to-date symlink: /home/mouha/crazyflie/ros2_ws/install/micro_ros_msgs/lib/python3.12/site-packages/micro_ros_msgs/micro_ros_msgs_s__rosidl_typesupport_fastrtps_c.so
[1.796s] -- Up-to-date symlink: /home/mouha/crazyflie/ros2_ws/install/micro_ros_msgs/lib/python3.12/site-packages/micro_ros_msgs/micro_ros_msgs_s__rosidl_typesupport_introspection_c.so
[1.797s] -- Up-to-date symlink: /home/mouha/crazyflie/ros2_ws/install/micro_ros_msgs/lib/python3.12/site-packages/micro_ros_msgs/msg/__init__.py
[1.797s] -- Up-to-date symlink: /home/mouha/crazyflie/ros2_ws/install/micro_ros_msgs/lib/python3.12/site-packages/micro_ros_msgs/msg/_entity.py
[1.797s] -- Up-to-date symlink: /home/mouha/crazyflie/ros2_ws/install/micro_ros_msgs/lib/python3.12/site-packages/micro_ros_msgs/msg/_entity_s.c
[1.797s] -- Up-to-date symlink: /home/mouha/crazyflie/ros2_ws/install/micro_ros_msgs/lib/python3.12/site-packages/micro_ros_msgs/msg/_graph.py
[1.797s] -- Up-to-date symlink: /home/mouha/crazyflie/ros2_ws/install/micro_ros_msgs/lib/python3.12/site-packages/micro_ros_msgs/msg/_graph_s.c
[1.797s] -- Up-to-date symlink: /home/mouha/crazyflie/ros2_ws/install/micro_ros_msgs/lib/python3.12/site-packages/micro_ros_msgs/msg/_node.py
[1.797s] -- Up-to-date symlink: /home/mouha/crazyflie/ros2_ws/install/micro_ros_msgs/lib/python3.12/site-packages/micro_ros_msgs/msg/_node_s.c
[1.797s] -- Up-to-date symlink: /home/mouha/crazyflie/ros2_ws/install/micro_ros_msgs/lib/python3.12/site-packages/micro_ros_msgs/micro_ros_msgs_s__rosidl_typesupport_fastrtps_c.so
[1.798s] -- Up-to-date symlink: /home/mouha/crazyflie/ros2_ws/install/micro_ros_msgs/lib/python3.12/site-packages/micro_ros_msgs/micro_ros_msgs_s__rosidl_typesupport_introspection_c.so
[1.798s] -- Up-to-date symlink: /home/mouha/crazyflie/ros2_ws/install/micro_ros_msgs/lib/python3.12/site-packages/micro_ros_msgs/micro_ros_msgs_s__rosidl_typesupport_c.so
[1.798s] -- Up-to-date symlink: /home/mouha/crazyflie/ros2_ws/install/micro_ros_msgs/share/ament_index/resource_index/rust_packages/micro_ros_msgs
[1.798s] -- Up-to-date symlink: /home/mouha/crazyflie/ros2_ws/install/micro_ros_msgs/share/micro_ros_msgs/rust/Cargo.toml
[1.798s] -- Up-to-date symlink: /home/mouha/crazyflie/ros2_ws/install/micro_ros_msgs/share/micro_ros_msgs/rust/build.rs
[1.799s] -- Up-to-date symlink: /home/mouha/crazyflie/ros2_ws/install/micro_ros_msgs/share/micro_ros_msgs/rust/src/lib.rs
[1.799s] -- Up-to-date symlink: /home/mouha/crazyflie/ros2_ws/install/micro_ros_msgs/share/micro_ros_msgs/rust/src/msg.rs
[1.799s] -- Up-to-date symlink: /home/mouha/crazyflie/ros2_ws/install/micro_ros_msgs/share/micro_ros_msgs/rust/src/msg/rmw.rs
[1.799s] -- Up-to-date symlink: /home/mouha/crazyflie/ros2_ws/install/micro_ros_msgs/share/micro_ros_msgs/msg/Graph.idl
[1.799s] -- Up-to-date symlink: /home/mouha/crazyflie/ros2_ws/install/micro_ros_msgs/share/micro_ros_msgs/msg/Node.idl
[1.799s] -- Up-to-date symlink: /home/mouha/crazyflie/ros2_ws/install/micro_ros_msgs/share/micro_ros_msgs/msg/Entity.idl
[1.800s] -- Up-to-date symlink: /home/mouha/crazyflie/ros2_ws/install/micro_ros_msgs/share/micro_ros_msgs/msg/Graph.msg
[1.800s] -- Up-to-date symlink: /home/mouha/crazyflie/ros2_ws/install/micro_ros_msgs/share/micro_ros_msgs/msg/Node.msg
[1.800s] -- Up-to-date symlink: /home/mouha/crazyflie/ros2_ws/install/micro_ros_msgs/share/micro_ros_msgs/msg/Entity.msg
[1.800s] -- Up-to-date symlink: /home/mouha/crazyflie/ros2_ws/install/micro_ros_msgs/share/ament_index/resource_index/package_run_dependencies/micro_ros_msgs
[1.800s] -- Up-to-date symlink: /home/mouha/crazyflie/ros2_ws/install/micro_ros_msgs/share/ament_index/resource_index/parent_prefix_path/micro_ros_msgs
[1.801s] -- Up-to-date symlink: /home/mouha/crazyflie/ros2_ws/install/micro_ros_msgs/share/micro_ros_msgs/environment/ament_prefix_path.sh
[1.801s] -- Up-to-date symlink: /home/mouha/crazyflie/ros2_ws/install/micro_ros_msgs/share/micro_ros_msgs/environment/ament_prefix_path.dsv
[1.801s] -- Up-to-date symlink: /home/mouha/crazyflie/ros2_ws/install/micro_ros_msgs/share/micro_ros_msgs/environment/path.sh
[1.801s] -- Up-to-date symlink: /home/mouha/crazyflie/ros2_ws/install/micro_ros_msgs/share/micro_ros_msgs/environment/path.dsv
[1.801s] -- Up-to-date symlink: /home/mouha/crazyflie/ros2_ws/install/micro_ros_msgs/share/micro_ros_msgs/local_setup.bash
[1.801s] -- Up-to-date symlink: /home/mouha/crazyflie/ros2_ws/install/micro_ros_msgs/share/micro_ros_msgs/local_setup.sh
[1.802s] -- Up-to-date symlink: /home/mouha/crazyflie/ros2_ws/install/micro_ros_msgs/share/micro_ros_msgs/local_setup.zsh
[1.802s] -- Up-to-date symlink: /home/mouha/crazyflie/ros2_ws/install/micro_ros_msgs/share/micro_ros_msgs/local_setup.dsv
[1.802s] -- Symlinking: /home/mouha/crazyflie/ros2_ws/install/micro_ros_msgs/share/micro_ros_msgs/package.dsv
[1.814s] -- Up-to-date symlink: /home/mouha/crazyflie/ros2_ws/install/micro_ros_msgs/share/ament_index/resource_index/packages/micro_ros_msgs
[1.815s] -- Up-to-date symlink: /home/mouha/crazyflie/ros2_ws/install/micro_ros_msgs/share/micro_ros_msgs/cmake/rosidl_cmake-extras.cmake
[1.815s] -- Up-to-date symlink: /home/mouha/crazyflie/ros2_ws/install/micro_ros_msgs/share/micro_ros_msgs/cmake/ament_cmake_export_include_directories-extras.cmake
[1.815s] -- Up-to-date symlink: /home/mouha/crazyflie/ros2_ws/install/micro_ros_msgs/share/micro_ros_msgs/cmake/ament_cmake_export_libraries-extras.cmake
[1.815s] -- Up-to-date symlink: /home/mouha/crazyflie/ros2_ws/install/micro_ros_msgs/share/micro_ros_msgs/cmake/ament_cmake_export_targets-extras.cmake
[1.815s] -- Up-to-date symlink: /home/mouha/crazyflie/ros2_ws/install/micro_ros_msgs/share/micro_ros_msgs/cmake/rosidl_cmake_export_typesupport_targets-extras.cmake
[1.815s] -- Up-to-date symlink: /home/mouha/crazyflie/ros2_ws/install/micro_ros_msgs/share/micro_ros_msgs/cmake/ament_cmake_export_dependencies-extras.cmake
[1.815s] -- Up-to-date symlink: /home/mouha/crazyflie/ros2_ws/install/micro_ros_msgs/share/micro_ros_msgs/cmake/rosidl_cmake_export_typesupport_libraries-extras.cmake
[1.815s] -- Up-to-date symlink: /home/mouha/crazyflie/ros2_ws/install/micro_ros_msgs/share/micro_ros_msgs/cmake/micro_ros_msgsConfig.cmake
[1.815s] -- Up-to-date symlink: /home/mouha/crazyflie/ros2_ws/install/micro_ros_msgs/share/micro_ros_msgs/cmake/micro_ros_msgsConfig-version.cmake
[1.816s] -- Up-to-date symlink: /home/mouha/crazyflie/ros2_ws/install/micro_ros_msgs/share/micro_ros_msgs/package.xml
[1.816s] -- Up-to-date: /home/mouha/crazyflie/ros2_ws/install/micro_ros_msgs/lib/libmicro_ros_msgs__rosidl_generator_c.so
[1.816s] -- Up-to-date: /home/mouha/crazyflie/ros2_ws/install/micro_ros_msgs/lib/libmicro_ros_msgs__rosidl_typesupport_fastrtps_c.so
[1.816s] -- Up-to-date: /home/mouha/crazyflie/ros2_ws/install/micro_ros_msgs/lib/libmicro_ros_msgs__rosidl_typesupport_introspection_c.so
[1.817s] -- Up-to-date: /home/mouha/crazyflie/ros2_ws/install/micro_ros_msgs/lib/libmicro_ros_msgs__rosidl_typesupport_c.so
[1.817s] -- Up-to-date: /home/mouha/crazyflie/ros2_ws/install/micro_ros_msgs/lib/libmicro_ros_msgs__rosidl_typesupport_fastrtps_cpp.so
[1.817s] -- Up-to-date: /home/mouha/crazyflie/ros2_ws/install/micro_ros_msgs/lib/libmicro_ros_msgs__rosidl_typesupport_introspection_cpp.so
[1.817s] -- Up-to-date: /home/mouha/crazyflie/ros2_ws/install/micro_ros_msgs/lib/libmicro_ros_msgs__rosidl_typesupport_cpp.so
[1.861s] Listing '/home/mouha/crazyflie/ros2_ws/install/micro_ros_msgs/lib/python3.12/site-packages/micro_ros_msgs'...
[1.861s] Compiling '/home/mouha/crazyflie/ros2_ws/install/micro_ros_msgs/lib/python3.12/site-packages/micro_ros_msgs/__init__.py'...
[1.861s] Listing '/home/mouha/crazyflie/ros2_ws/install/micro_ros_msgs/lib/python3.12/site-packages/micro_ros_msgs/msg'...
[1.869s] -- Up-to-date: /home/mouha/crazyflie/ros2_ws/install/micro_ros_msgs/lib/libmicro_ros_msgs__rosidl_generator_py.so
[1.869s] -- Up-to-date: /home/mouha/crazyflie/ros2_ws/install/micro_ros_msgs/share/micro_ros_msgs/cmake/export_micro_ros_msgs__rosidl_generator_cExport.cmake
[1.869s] -- Up-to-date: /home/mouha/crazyflie/ros2_ws/install/micro_ros_msgs/share/micro_ros_msgs/cmake/export_micro_ros_msgs__rosidl_generator_cExport-noconfig.cmake
[1.869s] -- Up-to-date: /home/mouha/crazyflie/ros2_ws/install/micro_ros_msgs/share/micro_ros_msgs/cmake/export_micro_ros_msgs__rosidl_typesupport_fastrtps_cExport.cmake
[1.869s] -- Up-to-date: /home/mouha/crazyflie/ros2_ws/install/micro_ros_msgs/share/micro_ros_msgs/cmake/export_micro_ros_msgs__rosidl_typesupport_fastrtps_cExport-noconfig.cmake
[1.870s] -- Up-to-date: /home/mouha/crazyflie/ros2_ws/install/micro_ros_msgs/share/micro_ros_msgs/cmake/micro_ros_msgs__rosidl_typesupport_introspection_cExport.cmake
[1.870s] -- Up-to-date: /home/mouha/crazyflie/ros2_ws/install/micro_ros_msgs/share/micro_ros_msgs/cmake/micro_ros_msgs__rosidl_typesupport_introspection_cExport-noconfig.cmake
[1.870s] -- Up-to-date: /home/mouha/crazyflie/ros2_ws/install/micro_ros_msgs/share/micro_ros_msgs/cmake/micro_ros_msgs__rosidl_typesupport_cExport.cmake
[1.870s] -- Up-to-date: /home/mouha/crazyflie/ros2_ws/install/micro_ros_msgs/share/micro_ros_msgs/cmake/micro_ros_msgs__rosidl_typesupport_cExport-noconfig.cmake
[1.870s] -- Up-to-date: /home/mouha/crazyflie/ros2_ws/install/micro_ros_msgs/share/micro_ros_msgs/cmake/export_micro_ros_msgs__rosidl_generator_cppExport.cmake
[1.870s] -- Up-to-date: /home/mouha/crazyflie/ros2_ws/install/micro_ros_msgs/share/micro_ros_msgs/cmake/export_micro_ros_msgs__rosidl_typesupport_fastrtps_cppExport.cmake
[1.870s] -- Up-to-date: /home/mouha/crazyflie/ros2_ws/install/micro_ros_msgs/share/micro_ros_msgs/cmake/export_micro_ros_msgs__rosidl_typesupport_fastrtps_cppExport-noconfig.cmake
[1.870s] -- Up-to-date: /home/mouha/crazyflie/ros2_ws/install/micro_ros_msgs/share/micro_ros_msgs/cmake/micro_ros_msgs__rosidl_typesupport_introspection_cppExport.cmake
[1.870s] -- Up-to-date: /home/mouha/crazyflie/ros2_ws/install/micro_ros_msgs/share/micro_ros_msgs/cmake/micro_ros_msgs__rosidl_typesupport_introspection_cppExport-noconfig.cmake
[1.871s] -- Up-to-date: /home/mouha/crazyflie/ros2_ws/install/micro_ros_msgs/share/micro_ros_msgs/cmake/micro_ros_msgs__rosidl_typesupport_cppExport.cmake
[1.871s] -- Up-to-date: /home/mouha/crazyflie/ros2_ws/install/micro_ros_msgs/share/micro_ros_msgs/cmake/micro_ros_msgs__rosidl_typesupport_cppExport-noconfig.cmake
[1.871s] -- Up-to-date: /home/mouha/crazyflie/ros2_ws/install/micro_ros_msgs/share/micro_ros_msgs/cmake/export_micro_ros_msgs__rosidl_generator_pyExport.cmake
[1.871s] -- Up-to-date: /home/mouha/crazyflie/ros2_ws/install/micro_ros_msgs/share/micro_ros_msgs/cmake/export_micro_ros_msgs__rosidl_generator_pyExport-noconfig.cmake
[1.873s] Invoked command in '/home/mouha/crazyflie/ros2_ws/build/micro_ros_msgs' returned '0': CMAKE_PREFIX_PATH=${CMAKE_PREFIX_PATH}:/home/mouha/crazyflie/ros2_ws/install/crazyflie_server_py:/home/mouha/crazyflie/ros2_ws/install/cf_led_mission:/home/mouha/crazyflie/ros2_ws/install/crazyflie_py:/home/mouha/ros2_ws/install/my_py_pkg:/opt/ros/jazzy DEBUGINFOD_URLS=https://debuginfod.ubuntu.com /usr/bin/cmake --install /home/mouha/crazyflie/ros2_ws/build/micro_ros_msgs
