[0.371s] Invoking command in '/home/mouha/crazyflie/ros2_ws/build/crazyflie_sim': AMENT_PREFIX_PATH=/home/mouha/crazyflie/ros2_ws/install/crazyflie_interfaces:${AMENT_PREFIX_PATH} CMAKE_PREFIX_PATH=/home/mouha/crazyflie/ros2_ws/install/crazyflie_interfaces:/home/mouha/ros2_ws/install/my_cpp_pkg:/opt/ros/jazzy/opt/gz_sim_vendor:/opt/ros/jazzy/opt/gz_sensors_vendor:/opt/ros/jazzy/opt/gz_physics_vendor:/opt/ros/jazzy/opt/sdformat_vendor:/opt/ros/jazzy/opt/gz_gui_vendor:/opt/ros/jazzy/opt/gz_transport_vendor:/opt/ros/jazzy/opt/gz_rendering_vendor:/opt/ros/jazzy/opt/gz_plugin_vendor:/opt/ros/jazzy/opt/gz_fuel_tools_vendor:/opt/ros/jazzy/opt/gz_msgs_vendor:/opt/ros/jazzy/opt/gz_common_vendor:/opt/ros/jazzy/opt/gz_math_vendor:/opt/ros/jazzy/opt/gz_utils_vendor:/opt/ros/jazzy/opt/gz_tools_vendor:/opt/ros/jazzy/opt/gz_ogre_next_vendor:/opt/ros/jazzy/opt/gz_dartsim_vendor:/opt/ros/jazzy/opt/gz_cmake_vendor:/home/mouha/ros2_ws/install/my_py_pkg:/opt/ros/jazzy DEBUGINFOD_URLS=https://debuginfod.ubuntu.com LD_LIBRARY_PATH=/home/mouha/crazyflie/ros2_ws/install/crazyflie_interfaces/lib:${LD_LIBRARY_PATH} PYTHONPATH=/home/mouha/crazyflie/ros2_ws/install/crazyflie_interfaces/lib/python3.12/site-packages:${PYTHONPATH} /usr/bin/cmake --build /home/mouha/crazyflie/ros2_ws/build/crazyflie_sim -- -j12 -l12
[0.415s] Built target ament_cmake_python_symlink_crazyflie_sim_setup
[0.416s] Built target ament_cmake_python_symlink_crazyflie_sim
[0.602s] running install_scripts
[0.605s] running egg_info
[0.624s] writing crazyflie_sim.egg-info/PKG-INFO
[0.624s] writing dependency_links to crazyflie_sim.egg-info/dependency_links.txt
[0.624s] writing entry points to crazyflie_sim.egg-info/entry_points.txt
[0.625s] writing top-level names to crazyflie_sim.egg-info/top_level.txt
[0.639s] /usr/lib/python3/dist-packages/setuptools/_distutils/cmd.py:66: SetuptoolsDeprecationWarning: setup.py install is deprecated.
[0.639s] !!
[0.639s] 
[0.639s]         ********************************************************************************
[0.639s]         Please avoid running ``setup.py`` directly.
[0.640s]         Instead, use pypa/build, pypa/installer or other
[0.640s]         standards-based tools.
[0.640s] 
[0.640s]         See https://blog.ganssle.io/articles/2021/10/setup-py-deprecated.html for details.
[0.640s]         ********************************************************************************
[0.640s] 
[0.640s] !!
[0.640s]   self.initialize_options()
[0.645s] running egg_info
[0.679s] reading manifest file 'crazyflie_sim.egg-info/SOURCES.txt'
[0.679s] writing manifest file 'crazyflie_sim.egg-info/SOURCES.txt'
[0.681s] writing crazyflie_sim.egg-info/PKG-INFO
[0.681s] writing dependency_links to crazyflie_sim.egg-info/dependency_links.txt
[0.682s] writing entry points to crazyflie_sim.egg-info/entry_points.txt
[0.682s] writing top-level names to crazyflie_sim.egg-info/top_level.txt
[0.706s] Built target ament_cmake_python_build_crazyflie_sim_egg
[0.716s] reading manifest file 'crazyflie_sim.egg-info/SOURCES.txt'
[0.717s] writing manifest file 'crazyflie_sim.egg-info/SOURCES.txt'
[0.813s] Installing crazyflie_server script to scripts
[0.847s] Built target ament_cmake_python_build_crazyflie_sim_scripts
[0.857s] Invoked command in '/home/mouha/crazyflie/ros2_ws/build/crazyflie_sim' returned '0': AMENT_PREFIX_PATH=/home/mouha/crazyflie/ros2_ws/install/crazyflie_interfaces:${AMENT_PREFIX_PATH} CMAKE_PREFIX_PATH=/home/mouha/crazyflie/ros2_ws/install/crazyflie_interfaces:/home/mouha/ros2_ws/install/my_cpp_pkg:/opt/ros/jazzy/opt/gz_sim_vendor:/opt/ros/jazzy/opt/gz_sensors_vendor:/opt/ros/jazzy/opt/gz_physics_vendor:/opt/ros/jazzy/opt/sdformat_vendor:/opt/ros/jazzy/opt/gz_gui_vendor:/opt/ros/jazzy/opt/gz_transport_vendor:/opt/ros/jazzy/opt/gz_rendering_vendor:/opt/ros/jazzy/opt/gz_plugin_vendor:/opt/ros/jazzy/opt/gz_fuel_tools_vendor:/opt/ros/jazzy/opt/gz_msgs_vendor:/opt/ros/jazzy/opt/gz_common_vendor:/opt/ros/jazzy/opt/gz_math_vendor:/opt/ros/jazzy/opt/gz_utils_vendor:/opt/ros/jazzy/opt/gz_tools_vendor:/opt/ros/jazzy/opt/gz_ogre_next_vendor:/opt/ros/jazzy/opt/gz_dartsim_vendor:/opt/ros/jazzy/opt/gz_cmake_vendor:/home/mouha/ros2_ws/install/my_py_pkg:/opt/ros/jazzy DEBUGINFOD_URLS=https://debuginfod.ubuntu.com LD_LIBRARY_PATH=/home/mouha/crazyflie/ros2_ws/install/crazyflie_interfaces/lib:${LD_LIBRARY_PATH} PYTHONPATH=/home/mouha/crazyflie/ros2_ws/install/crazyflie_interfaces/lib/python3.12/site-packages:${PYTHONPATH} /usr/bin/cmake --build /home/mouha/crazyflie/ros2_ws/build/crazyflie_sim -- -j12 -l12
[0.858s] Invoking command in '/home/mouha/crazyflie/ros2_ws/build/crazyflie_sim': AMENT_PREFIX_PATH=/home/mouha/crazyflie/ros2_ws/install/crazyflie_interfaces:${AMENT_PREFIX_PATH} CMAKE_PREFIX_PATH=/home/mouha/crazyflie/ros2_ws/install/crazyflie_interfaces:/home/mouha/ros2_ws/install/my_cpp_pkg:/opt/ros/jazzy/opt/gz_sim_vendor:/opt/ros/jazzy/opt/gz_sensors_vendor:/opt/ros/jazzy/opt/gz_physics_vendor:/opt/ros/jazzy/opt/sdformat_vendor:/opt/ros/jazzy/opt/gz_gui_vendor:/opt/ros/jazzy/opt/gz_transport_vendor:/opt/ros/jazzy/opt/gz_rendering_vendor:/opt/ros/jazzy/opt/gz_plugin_vendor:/opt/ros/jazzy/opt/gz_fuel_tools_vendor:/opt/ros/jazzy/opt/gz_msgs_vendor:/opt/ros/jazzy/opt/gz_common_vendor:/opt/ros/jazzy/opt/gz_math_vendor:/opt/ros/jazzy/opt/gz_utils_vendor:/opt/ros/jazzy/opt/gz_tools_vendor:/opt/ros/jazzy/opt/gz_ogre_next_vendor:/opt/ros/jazzy/opt/gz_dartsim_vendor:/opt/ros/jazzy/opt/gz_cmake_vendor:/home/mouha/ros2_ws/install/my_py_pkg:/opt/ros/jazzy DEBUGINFOD_URLS=https://debuginfod.ubuntu.com LD_LIBRARY_PATH=/home/mouha/crazyflie/ros2_ws/install/crazyflie_interfaces/lib:${LD_LIBRARY_PATH} PYTHONPATH=/home/mouha/crazyflie/ros2_ws/install/crazyflie_interfaces/lib/python3.12/site-packages:${PYTHONPATH} /usr/bin/cmake --install /home/mouha/crazyflie/ros2_ws/build/crazyflie_sim
[0.865s] -- Install configuration: ""
[0.865s] -- Execute custom install script
[0.865s] -- Up-to-date symlink: /home/mouha/crazyflie/ros2_ws/install/crazyflie_sim/share/crazyflie_sim/environment/pythonpath.sh
[0.865s] -- Up-to-date symlink: /home/mouha/crazyflie/ros2_ws/install/crazyflie_sim/share/crazyflie_sim/environment/pythonpath.dsv
[0.865s] -- Up-to-date symlink: /home/mouha/crazyflie/ros2_ws/install/crazyflie_sim/lib/python3.12/site-packages/crazyflie_sim-1.0.5-py3.12.egg-info/PKG-INFO
[0.866s] -- Up-to-date symlink: /home/mouha/crazyflie/ros2_ws/install/crazyflie_sim/lib/python3.12/site-packages/crazyflie_sim-1.0.5-py3.12.egg-info/SOURCES.txt
[0.866s] -- Up-to-date symlink: /home/mouha/crazyflie/ros2_ws/install/crazyflie_sim/lib/python3.12/site-packages/crazyflie_sim-1.0.5-py3.12.egg-info/dependency_links.txt
[0.866s] -- Up-to-date symlink: /home/mouha/crazyflie/ros2_ws/install/crazyflie_sim/lib/python3.12/site-packages/crazyflie_sim-1.0.5-py3.12.egg-info/entry_points.txt
[0.866s] -- Up-to-date symlink: /home/mouha/crazyflie/ros2_ws/install/crazyflie_sim/lib/python3.12/site-packages/crazyflie_sim-1.0.5-py3.12.egg-info/top_level.txt
[0.866s] -- Up-to-date symlink: /home/mouha/crazyflie/ros2_ws/install/crazyflie_sim/lib/crazyflie_sim//crazyflie_server
[0.867s] -- Up-to-date symlink: /home/mouha/crazyflie/ros2_ws/install/crazyflie_sim/lib/python3.12/site-packages/crazyflie_sim/__init__.py
[0.867s] -- Up-to-date symlink: /home/mouha/crazyflie/ros2_ws/install/crazyflie_sim/lib/python3.12/site-packages/crazyflie_sim/backend/data/dynobench/crazyflie2.yaml
[0.867s] -- Up-to-date symlink: /home/mouha/crazyflie/ros2_ws/install/crazyflie_sim/lib/python3.12/site-packages/crazyflie_sim/backend/data/neuralswarm2/phi_G.pth
[0.867s] -- Up-to-date symlink: /home/mouha/crazyflie/ros2_ws/install/crazyflie_sim/lib/python3.12/site-packages/crazyflie_sim/backend/data/neuralswarm2/phi_L.pth
[0.867s] -- Up-to-date symlink: /home/mouha/crazyflie/ros2_ws/install/crazyflie_sim/lib/python3.12/site-packages/crazyflie_sim/backend/data/neuralswarm2/phi_S.pth
[0.867s] -- Up-to-date symlink: /home/mouha/crazyflie/ros2_ws/install/crazyflie_sim/lib/python3.12/site-packages/crazyflie_sim/backend/data/neuralswarm2/rho_L.pth
[0.867s] -- Up-to-date symlink: /home/mouha/crazyflie/ros2_ws/install/crazyflie_sim/lib/python3.12/site-packages/crazyflie_sim/backend/data/neuralswarm2/rho_S.pth
[0.868s] -- Up-to-date symlink: /home/mouha/crazyflie/ros2_ws/install/crazyflie_sim/lib/python3.12/site-packages/crazyflie_sim/backend/data/pinocchio/crazyflie2.urdf
[0.868s] -- Up-to-date symlink: /home/mouha/crazyflie/ros2_ws/install/crazyflie_sim/lib/python3.12/site-packages/crazyflie_sim/backend/dynobench.py
[0.868s] -- Up-to-date symlink: /home/mouha/crazyflie/ros2_ws/install/crazyflie_sim/lib/python3.12/site-packages/crazyflie_sim/backend/neuralswarm.py
[0.868s] -- Up-to-date symlink: /home/mouha/crazyflie/ros2_ws/install/crazyflie_sim/lib/python3.12/site-packages/crazyflie_sim/backend/none.py
[0.868s] -- Up-to-date symlink: /home/mouha/crazyflie/ros2_ws/install/crazyflie_sim/lib/python3.12/site-packages/crazyflie_sim/backend/np.py
[0.868s] -- Up-to-date symlink: /home/mouha/crazyflie/ros2_ws/install/crazyflie_sim/lib/python3.12/site-packages/crazyflie_sim/backend/pinocchio.py
[0.868s] -- Up-to-date symlink: /home/mouha/crazyflie/ros2_ws/install/crazyflie_sim/lib/python3.12/site-packages/crazyflie_sim/crazyflie_server.py
[0.868s] -- Up-to-date symlink: /home/mouha/crazyflie/ros2_ws/install/crazyflie_sim/lib/python3.12/site-packages/crazyflie_sim/crazyflie_sil.py
[0.868s] -- Up-to-date symlink: /home/mouha/crazyflie/ros2_ws/install/crazyflie_sim/lib/python3.12/site-packages/crazyflie_sim/sim_data_types.py
[0.868s] -- Up-to-date symlink: /home/mouha/crazyflie/ros2_ws/install/crazyflie_sim/lib/python3.12/site-packages/crazyflie_sim/visualization/README.md
[0.868s] -- Up-to-date symlink: /home/mouha/crazyflie/ros2_ws/install/crazyflie_sim/lib/python3.12/site-packages/crazyflie_sim/visualization/blender.py
[0.869s] -- Up-to-date symlink: /home/mouha/crazyflie/ros2_ws/install/crazyflie_sim/lib/python3.12/site-packages/crazyflie_sim/visualization/data/README.md
[0.869s] -- Up-to-date symlink: /home/mouha/crazyflie/ros2_ws/install/crazyflie_sim/lib/python3.12/site-packages/crazyflie_sim/visualization/data/env/abandoned_greenhouse.jpg
[0.869s] -- Up-to-date symlink: /home/mouha/crazyflie/ros2_ws/install/crazyflie_sim/lib/python3.12/site-packages/crazyflie_sim/visualization/data/env/aerodynamics_workshop.jpg
[0.869s] -- Up-to-date symlink: /home/mouha/crazyflie/ros2_ws/install/crazyflie_sim/lib/python3.12/site-packages/crazyflie_sim/visualization/data/env/aviation_museum.jpg
[0.869s] -- Up-to-date symlink: /home/mouha/crazyflie/ros2_ws/install/crazyflie_sim/lib/python3.12/site-packages/crazyflie_sim/visualization/data/env/crosswalk.jpg
[0.869s] -- Up-to-date symlink: /home/mouha/crazyflie/ros2_ws/install/crazyflie_sim/lib/python3.12/site-packages/crazyflie_sim/visualization/data/env/derelict_overpass.jpg
[0.869s] -- Up-to-date symlink: /home/mouha/crazyflie/ros2_ws/install/crazyflie_sim/lib/python3.12/site-packages/crazyflie_sim/visualization/data/env/env.jpg
[0.869s] -- Up-to-date symlink: /home/mouha/crazyflie/ros2_ws/install/crazyflie_sim/lib/python3.12/site-packages/crazyflie_sim/visualization/data/env/lago_disola.jpg
[0.869s] -- Up-to-date symlink: /home/mouha/crazyflie/ros2_ws/install/crazyflie_sim/lib/python3.12/site-packages/crazyflie_sim/visualization/data/env/lake_pier.jpg
[0.869s] -- Up-to-date symlink: /home/mouha/crazyflie/ros2_ws/install/crazyflie_sim/lib/python3.12/site-packages/crazyflie_sim/visualization/data/env/machine_shop.jpg
[0.870s] -- Up-to-date symlink: /home/mouha/crazyflie/ros2_ws/install/crazyflie_sim/lib/python3.12/site-packages/crazyflie_sim/visualization/data/env/museumplein.jpg
[0.870s] -- Up-to-date symlink: /home/mouha/crazyflie/ros2_ws/install/crazyflie_sim/lib/python3.12/site-packages/crazyflie_sim/visualization/data/env/peppermint_powerplant.jpg
[0.870s] -- Up-to-date symlink: /home/mouha/crazyflie/ros2_ws/install/crazyflie_sim/lib/python3.12/site-packages/crazyflie_sim/visualization/data/env/studio_garden.jpg
[0.870s] -- Up-to-date symlink: /home/mouha/crazyflie/ros2_ws/install/crazyflie_sim/lib/python3.12/site-packages/crazyflie_sim/visualization/data/model/cf.mtl
[0.870s] -- Up-to-date symlink: /home/mouha/crazyflie/ros2_ws/install/crazyflie_sim/lib/python3.12/site-packages/crazyflie_sim/visualization/data/model/cf.obj
[0.870s] -- Up-to-date symlink: /home/mouha/crazyflie/ros2_ws/install/crazyflie_sim/lib/python3.12/site-packages/crazyflie_sim/visualization/pdf.py
[0.870s] -- Up-to-date symlink: /home/mouha/crazyflie/ros2_ws/install/crazyflie_sim/lib/python3.12/site-packages/crazyflie_sim/visualization/record_states.py
[0.870s] -- Up-to-date symlink: /home/mouha/crazyflie/ros2_ws/install/crazyflie_sim/lib/python3.12/site-packages/crazyflie_sim/visualization/rviz.py
[0.870s] -- Up-to-date symlink: /home/mouha/crazyflie/ros2_ws/install/crazyflie_sim/share/ament_index/resource_index/package_run_dependencies/crazyflie_sim
[0.870s] -- Up-to-date symlink: /home/mouha/crazyflie/ros2_ws/install/crazyflie_sim/share/ament_index/resource_index/parent_prefix_path/crazyflie_sim
[0.871s] -- Up-to-date symlink: /home/mouha/crazyflie/ros2_ws/install/crazyflie_sim/share/crazyflie_sim/environment/ament_prefix_path.sh
[0.871s] -- Up-to-date symlink: /home/mouha/crazyflie/ros2_ws/install/crazyflie_sim/share/crazyflie_sim/environment/ament_prefix_path.dsv
[0.871s] -- Up-to-date symlink: /home/mouha/crazyflie/ros2_ws/install/crazyflie_sim/share/crazyflie_sim/environment/path.sh
[0.871s] -- Up-to-date symlink: /home/mouha/crazyflie/ros2_ws/install/crazyflie_sim/share/crazyflie_sim/environment/path.dsv
[0.871s] -- Up-to-date symlink: /home/mouha/crazyflie/ros2_ws/install/crazyflie_sim/share/crazyflie_sim/local_setup.bash
[0.871s] -- Up-to-date symlink: /home/mouha/crazyflie/ros2_ws/install/crazyflie_sim/share/crazyflie_sim/local_setup.sh
[0.871s] -- Up-to-date symlink: /home/mouha/crazyflie/ros2_ws/install/crazyflie_sim/share/crazyflie_sim/local_setup.zsh
[0.871s] -- Up-to-date symlink: /home/mouha/crazyflie/ros2_ws/install/crazyflie_sim/share/crazyflie_sim/local_setup.dsv
[0.872s] -- Symlinking: /home/mouha/crazyflie/ros2_ws/install/crazyflie_sim/share/crazyflie_sim/package.dsv
[0.880s] -- Up-to-date symlink: /home/mouha/crazyflie/ros2_ws/install/crazyflie_sim/share/ament_index/resource_index/packages/crazyflie_sim
[0.880s] -- Up-to-date symlink: /home/mouha/crazyflie/ros2_ws/install/crazyflie_sim/share/crazyflie_sim/cmake/crazyflie_simConfig.cmake
[0.880s] -- Up-to-date symlink: /home/mouha/crazyflie/ros2_ws/install/crazyflie_sim/share/crazyflie_sim/cmake/crazyflie_simConfig-version.cmake
[0.880s] -- Up-to-date symlink: /home/mouha/crazyflie/ros2_ws/install/crazyflie_sim/share/crazyflie_sim/package.xml
[0.909s] Listing '/home/mouha/crazyflie/ros2_ws/install/crazyflie_sim/lib/python3.12/site-packages/crazyflie_sim'...
[0.909s] Listing '/home/mouha/crazyflie/ros2_ws/install/crazyflie_sim/lib/python3.12/site-packages/crazyflie_sim/backend'...
[0.909s] Listing '/home/mouha/crazyflie/ros2_ws/install/crazyflie_sim/lib/python3.12/site-packages/crazyflie_sim/backend/data'...
[0.909s] Listing '/home/mouha/crazyflie/ros2_ws/install/crazyflie_sim/lib/python3.12/site-packages/crazyflie_sim/backend/data/dynobench'...
[0.910s] Listing '/home/mouha/crazyflie/ros2_ws/install/crazyflie_sim/lib/python3.12/site-packages/crazyflie_sim/backend/data/neuralswarm2'...
[0.910s] Listing '/home/mouha/crazyflie/ros2_ws/install/crazyflie_sim/lib/python3.12/site-packages/crazyflie_sim/backend/data/pinocchio'...
[0.910s] Listing '/home/mouha/crazyflie/ros2_ws/install/crazyflie_sim/lib/python3.12/site-packages/crazyflie_sim/visualization'...
[0.910s] Listing '/home/mouha/crazyflie/ros2_ws/install/crazyflie_sim/lib/python3.12/site-packages/crazyflie_sim/visualization/data'...
[0.910s] Listing '/home/mouha/crazyflie/ros2_ws/install/crazyflie_sim/lib/python3.12/site-packages/crazyflie_sim/visualization/data/env'...
[0.910s] Listing '/home/mouha/crazyflie/ros2_ws/install/crazyflie_sim/lib/python3.12/site-packages/crazyflie_sim/visualization/data/model'...
[0.917s] Invoked command in '/home/mouha/crazyflie/ros2_ws/build/crazyflie_sim' returned '0': AMENT_PREFIX_PATH=/home/mouha/crazyflie/ros2_ws/install/crazyflie_interfaces:${AMENT_PREFIX_PATH} CMAKE_PREFIX_PATH=/home/mouha/crazyflie/ros2_ws/install/crazyflie_interfaces:/home/mouha/ros2_ws/install/my_cpp_pkg:/opt/ros/jazzy/opt/gz_sim_vendor:/opt/ros/jazzy/opt/gz_sensors_vendor:/opt/ros/jazzy/opt/gz_physics_vendor:/opt/ros/jazzy/opt/sdformat_vendor:/opt/ros/jazzy/opt/gz_gui_vendor:/opt/ros/jazzy/opt/gz_transport_vendor:/opt/ros/jazzy/opt/gz_rendering_vendor:/opt/ros/jazzy/opt/gz_plugin_vendor:/opt/ros/jazzy/opt/gz_fuel_tools_vendor:/opt/ros/jazzy/opt/gz_msgs_vendor:/opt/ros/jazzy/opt/gz_common_vendor:/opt/ros/jazzy/opt/gz_math_vendor:/opt/ros/jazzy/opt/gz_utils_vendor:/opt/ros/jazzy/opt/gz_tools_vendor:/opt/ros/jazzy/opt/gz_ogre_next_vendor:/opt/ros/jazzy/opt/gz_dartsim_vendor:/opt/ros/jazzy/opt/gz_cmake_vendor:/home/mouha/ros2_ws/install/my_py_pkg:/opt/ros/jazzy DEBUGINFOD_URLS=https://debuginfod.ubuntu.com LD_LIBRARY_PATH=/home/mouha/crazyflie/ros2_ws/install/crazyflie_interfaces/lib:${LD_LIBRARY_PATH} PYTHONPATH=/home/mouha/crazyflie/ros2_ws/install/crazyflie_interfaces/lib/python3.12/site-packages:${PYTHONPATH} /usr/bin/cmake --install /home/mouha/crazyflie/ros2_ws/build/crazyflie_sim
