[0.187s] Invoking command in '/home/mouha/crazyflie/ros2_ws/build/crazyflie': AMENT_PREFIX_PATH=/home/mouha/crazyflie/ros2_ws/install/crazyflie_interfaces:/home/mouha/crazyflie/ros2_ws/install/crazyflie_description:${AMENT_PREFIX_PATH} CMAKE_PREFIX_PATH=/home/mouha/crazyflie/ros2_ws/install/crazyflie_interfaces:/home/mouha/crazyflie/ros2_ws/install/crazyflie_description:/home/mouha/ros2_ws/install/my_cpp_pkg:/opt/ros/jazzy/opt/gz_sim_vendor:/opt/ros/jazzy/opt/gz_sensors_vendor:/opt/ros/jazzy/opt/gz_physics_vendor:/opt/ros/jazzy/opt/sdformat_vendor:/opt/ros/jazzy/opt/gz_gui_vendor:/opt/ros/jazzy/opt/gz_transport_vendor:/opt/ros/jazzy/opt/gz_rendering_vendor:/opt/ros/jazzy/opt/gz_plugin_vendor:/opt/ros/jazzy/opt/gz_fuel_tools_vendor:/opt/ros/jazzy/opt/gz_msgs_vendor:/opt/ros/jazzy/opt/gz_common_vendor:/opt/ros/jazzy/opt/gz_math_vendor:/opt/ros/jazzy/opt/gz_utils_vendor:/opt/ros/jazzy/opt/gz_tools_vendor:/opt/ros/jazzy/opt/gz_ogre_next_vendor:/opt/ros/jazzy/opt/gz_dartsim_vendor:/opt/ros/jazzy/opt/gz_cmake_vendor:/home/mouha/ros2_ws/install/my_py_pkg:/opt/ros/jazzy DEBUGINFOD_URLS=https://debuginfod.ubuntu.com LD_LIBRARY_PATH=/home/mouha/crazyflie/ros2_ws/install/crazyflie_interfaces/lib:${LD_LIBRARY_PATH} PYTHONPATH=/home/mouha/crazyflie/ros2_ws/install/crazyflie_interfaces/lib/python3.12/site-packages:${PYTHONPATH} /usr/bin/cmake --build /home/mouha/crazyflie/ros2_ws/build/crazyflie -- -j12 -l12
[0.374s] [ 22%] Built target crazyflieLinkCpp
[0.375s] [ 27%] Built target teleop
[0.375s] [ 35%] Built target crazyflie_cpp
[0.375s] [ 45%] Built target battery
[0.375s] [ 45%] Built target listMemories
[0.375s] [ 50%] Built target listParams
[0.376s] [ 55%] Built target version
[0.376s] [ 60%] Built target reboot
[0.376s] [ 65%] Built target scan
[0.376s] [ 70%] Built target console
[0.376s] [ 75%] Built target crazyflie_server
[0.376s] [ 80%] Built target log
[0.377s] [ 85%] Built target comCheck
[0.377s] [ 90%] Built target downloadUSDLogfile
[0.377s] [ 95%] Built target listLogVariables
[0.377s] [100%] Built target setParam
[0.380s] Invoked command in '/home/mouha/crazyflie/ros2_ws/build/crazyflie' returned '0': AMENT_PREFIX_PATH=/home/mouha/crazyflie/ros2_ws/install/crazyflie_interfaces:/home/mouha/crazyflie/ros2_ws/install/crazyflie_description:${AMENT_PREFIX_PATH} CMAKE_PREFIX_PATH=/home/mouha/crazyflie/ros2_ws/install/crazyflie_interfaces:/home/mouha/crazyflie/ros2_ws/install/crazyflie_description:/home/mouha/ros2_ws/install/my_cpp_pkg:/opt/ros/jazzy/opt/gz_sim_vendor:/opt/ros/jazzy/opt/gz_sensors_vendor:/opt/ros/jazzy/opt/gz_physics_vendor:/opt/ros/jazzy/opt/sdformat_vendor:/opt/ros/jazzy/opt/gz_gui_vendor:/opt/ros/jazzy/opt/gz_transport_vendor:/opt/ros/jazzy/opt/gz_rendering_vendor:/opt/ros/jazzy/opt/gz_plugin_vendor:/opt/ros/jazzy/opt/gz_fuel_tools_vendor:/opt/ros/jazzy/opt/gz_msgs_vendor:/opt/ros/jazzy/opt/gz_common_vendor:/opt/ros/jazzy/opt/gz_math_vendor:/opt/ros/jazzy/opt/gz_utils_vendor:/opt/ros/jazzy/opt/gz_tools_vendor:/opt/ros/jazzy/opt/gz_ogre_next_vendor:/opt/ros/jazzy/opt/gz_dartsim_vendor:/opt/ros/jazzy/opt/gz_cmake_vendor:/home/mouha/ros2_ws/install/my_py_pkg:/opt/ros/jazzy DEBUGINFOD_URLS=https://debuginfod.ubuntu.com LD_LIBRARY_PATH=/home/mouha/crazyflie/ros2_ws/install/crazyflie_interfaces/lib:${LD_LIBRARY_PATH} PYTHONPATH=/home/mouha/crazyflie/ros2_ws/install/crazyflie_interfaces/lib/python3.12/site-packages:${PYTHONPATH} /usr/bin/cmake --build /home/mouha/crazyflie/ros2_ws/build/crazyflie -- -j12 -l12
[0.380s] Invoking command in '/home/mouha/crazyflie/ros2_ws/build/crazyflie': AMENT_PREFIX_PATH=/home/mouha/crazyflie/ros2_ws/install/crazyflie_interfaces:/home/mouha/crazyflie/ros2_ws/install/crazyflie_description:${AMENT_PREFIX_PATH} CMAKE_PREFIX_PATH=/home/mouha/crazyflie/ros2_ws/install/crazyflie_interfaces:/home/mouha/crazyflie/ros2_ws/install/crazyflie_description:/home/mouha/ros2_ws/install/my_cpp_pkg:/opt/ros/jazzy/opt/gz_sim_vendor:/opt/ros/jazzy/opt/gz_sensors_vendor:/opt/ros/jazzy/opt/gz_physics_vendor:/opt/ros/jazzy/opt/sdformat_vendor:/opt/ros/jazzy/opt/gz_gui_vendor:/opt/ros/jazzy/opt/gz_transport_vendor:/opt/ros/jazzy/opt/gz_rendering_vendor:/opt/ros/jazzy/opt/gz_plugin_vendor:/opt/ros/jazzy/opt/gz_fuel_tools_vendor:/opt/ros/jazzy/opt/gz_msgs_vendor:/opt/ros/jazzy/opt/gz_common_vendor:/opt/ros/jazzy/opt/gz_math_vendor:/opt/ros/jazzy/opt/gz_utils_vendor:/opt/ros/jazzy/opt/gz_tools_vendor:/opt/ros/jazzy/opt/gz_ogre_next_vendor:/opt/ros/jazzy/opt/gz_dartsim_vendor:/opt/ros/jazzy/opt/gz_cmake_vendor:/home/mouha/ros2_ws/install/my_py_pkg:/opt/ros/jazzy DEBUGINFOD_URLS=https://debuginfod.ubuntu.com LD_LIBRARY_PATH=/home/mouha/crazyflie/ros2_ws/install/crazyflie_interfaces/lib:${LD_LIBRARY_PATH} PYTHONPATH=/home/mouha/crazyflie/ros2_ws/install/crazyflie_interfaces/lib/python3.12/site-packages:${PYTHONPATH} /usr/bin/cmake --install /home/mouha/crazyflie/ros2_ws/build/crazyflie
[0.386s] -- Install configuration: ""
[0.386s] -- Execute custom install script
[0.387s] -- Up-to-date symlink: /home/mouha/crazyflie/ros2_ws/install/crazyflie/lib/crazyflie/comCheck
[0.387s] -- Up-to-date symlink: /home/mouha/crazyflie/ros2_ws/install/crazyflie/lib/crazyflie/scan
[0.387s] -- Up-to-date symlink: /home/mouha/crazyflie/ros2_ws/install/crazyflie/lib/crazyflie/listParams
[0.387s] -- Up-to-date symlink: /home/mouha/crazyflie/ros2_ws/install/crazyflie/lib/crazyflie/listLogVariables
[0.387s] -- Up-to-date symlink: /home/mouha/crazyflie/ros2_ws/install/crazyflie/lib/crazyflie/listMemories
[0.387s] -- Up-to-date symlink: /home/mouha/crazyflie/ros2_ws/install/crazyflie/lib/crazyflie/reboot
[0.387s] -- Up-to-date symlink: /home/mouha/crazyflie/ros2_ws/install/crazyflie/lib/crazyflie/battery
[0.388s] -- Up-to-date symlink: /home/mouha/crazyflie/ros2_ws/install/crazyflie/lib/crazyflie/version
[0.388s] -- Up-to-date symlink: /home/mouha/crazyflie/ros2_ws/install/crazyflie/lib/crazyflie/console
[0.388s] -- Up-to-date symlink: /home/mouha/crazyflie/ros2_ws/install/crazyflie/lib/crazyflie/log
[0.388s] -- Up-to-date symlink: /home/mouha/crazyflie/ros2_ws/install/crazyflie/lib/crazyflie/setParam
[0.388s] -- Up-to-date symlink: /home/mouha/crazyflie/ros2_ws/install/crazyflie/lib/crazyflie/downloadUSDLogfile
[0.388s] -- Up-to-date symlink: /home/mouha/crazyflie/ros2_ws/install/crazyflie/lib/crazyflie/teleop
[0.388s] -- Up-to-date symlink: /home/mouha/crazyflie/ros2_ws/install/crazyflie/lib/crazyflie/crazyflie_server
[0.388s] -- Up-to-date symlink: /home/mouha/crazyflie/ros2_ws/install/crazyflie/lib/crazyflie/chooser.py
[0.388s] -- Up-to-date symlink: /home/mouha/crazyflie/ros2_ws/install/crazyflie/lib/crazyflie/cfmult.py
[0.389s] -- Up-to-date symlink: /home/mouha/crazyflie/ros2_ws/install/crazyflie/lib/crazyflie/aideck_streamer.py
[0.389s] -- Up-to-date symlink: /home/mouha/crazyflie/ros2_ws/install/crazyflie/lib/crazyflie/flash.py
[0.389s] -- Up-to-date symlink: /home/mouha/crazyflie/ros2_ws/install/crazyflie/share/crazyflie//launch/launch.py
[0.389s] -- Up-to-date symlink: /home/mouha/crazyflie/ros2_ws/install/crazyflie/share/crazyflie//launch/launch_teleop2.py
[0.389s] -- Up-to-date symlink: /home/mouha/crazyflie/ros2_ws/install/crazyflie/share/crazyflie//launch/teleop_launch.py
[0.389s] -- Up-to-date symlink: /home/mouha/crazyflie/ros2_ws/install/crazyflie/share/crazyflie//config/aideck_streamer.yaml
[0.389s] -- Up-to-date symlink: /home/mouha/crazyflie/ros2_ws/install/crazyflie/share/crazyflie//config/config.rviz
[0.389s] -- Up-to-date symlink: /home/mouha/crazyflie/ros2_ws/install/crazyflie/share/crazyflie//config/crazyflies.yaml
[0.389s] -- Up-to-date symlink: /home/mouha/crazyflie/ros2_ws/install/crazyflie/share/crazyflie//config/motion_capture.yaml
[0.389s] -- Up-to-date symlink: /home/mouha/crazyflie/ros2_ws/install/crazyflie/share/crazyflie//config/server.yaml
[0.390s] -- Up-to-date symlink: /home/mouha/crazyflie/ros2_ws/install/crazyflie/share/crazyflie//config/teleop.yaml
[0.390s] -- Up-to-date symlink: /home/mouha/crazyflie/ros2_ws/install/crazyflie/share/ament_index/resource_index/package_run_dependencies/crazyflie
[0.390s] -- Up-to-date symlink: /home/mouha/crazyflie/ros2_ws/install/crazyflie/share/ament_index/resource_index/parent_prefix_path/crazyflie
[0.390s] -- Up-to-date symlink: /home/mouha/crazyflie/ros2_ws/install/crazyflie/share/crazyflie/environment/ament_prefix_path.sh
[0.390s] -- Up-to-date symlink: /home/mouha/crazyflie/ros2_ws/install/crazyflie/share/crazyflie/environment/ament_prefix_path.dsv
[0.390s] -- Up-to-date symlink: /home/mouha/crazyflie/ros2_ws/install/crazyflie/share/crazyflie/environment/path.sh
[0.390s] -- Up-to-date symlink: /home/mouha/crazyflie/ros2_ws/install/crazyflie/share/crazyflie/environment/path.dsv
[0.390s] -- Up-to-date symlink: /home/mouha/crazyflie/ros2_ws/install/crazyflie/share/crazyflie/local_setup.bash
[0.390s] -- Up-to-date symlink: /home/mouha/crazyflie/ros2_ws/install/crazyflie/share/crazyflie/local_setup.sh
[0.390s] -- Up-to-date symlink: /home/mouha/crazyflie/ros2_ws/install/crazyflie/share/crazyflie/local_setup.zsh
[0.390s] -- Up-to-date symlink: /home/mouha/crazyflie/ros2_ws/install/crazyflie/share/crazyflie/local_setup.dsv
[0.390s] -- Symlinking: /home/mouha/crazyflie/ros2_ws/install/crazyflie/share/crazyflie/package.dsv
[0.399s] -- Up-to-date symlink: /home/mouha/crazyflie/ros2_ws/install/crazyflie/share/ament_index/resource_index/packages/crazyflie
[0.399s] -- Up-to-date symlink: /home/mouha/crazyflie/ros2_ws/install/crazyflie/share/crazyflie/cmake/crazyflieConfig.cmake
[0.399s] -- Up-to-date symlink: /home/mouha/crazyflie/ros2_ws/install/crazyflie/share/crazyflie/cmake/crazyflieConfig-version.cmake
[0.399s] -- Up-to-date symlink: /home/mouha/crazyflie/ros2_ws/install/crazyflie/share/crazyflie/package.xml
[0.402s] Invoked command in '/home/mouha/crazyflie/ros2_ws/build/crazyflie' returned '0': AMENT_PREFIX_PATH=/home/mouha/crazyflie/ros2_ws/install/crazyflie_interfaces:/home/mouha/crazyflie/ros2_ws/install/crazyflie_description:${AMENT_PREFIX_PATH} CMAKE_PREFIX_PATH=/home/mouha/crazyflie/ros2_ws/install/crazyflie_interfaces:/home/mouha/crazyflie/ros2_ws/install/crazyflie_description:/home/mouha/ros2_ws/install/my_cpp_pkg:/opt/ros/jazzy/opt/gz_sim_vendor:/opt/ros/jazzy/opt/gz_sensors_vendor:/opt/ros/jazzy/opt/gz_physics_vendor:/opt/ros/jazzy/opt/sdformat_vendor:/opt/ros/jazzy/opt/gz_gui_vendor:/opt/ros/jazzy/opt/gz_transport_vendor:/opt/ros/jazzy/opt/gz_rendering_vendor:/opt/ros/jazzy/opt/gz_plugin_vendor:/opt/ros/jazzy/opt/gz_fuel_tools_vendor:/opt/ros/jazzy/opt/gz_msgs_vendor:/opt/ros/jazzy/opt/gz_common_vendor:/opt/ros/jazzy/opt/gz_math_vendor:/opt/ros/jazzy/opt/gz_utils_vendor:/opt/ros/jazzy/opt/gz_tools_vendor:/opt/ros/jazzy/opt/gz_ogre_next_vendor:/opt/ros/jazzy/opt/gz_dartsim_vendor:/opt/ros/jazzy/opt/gz_cmake_vendor:/home/mouha/ros2_ws/install/my_py_pkg:/opt/ros/jazzy DEBUGINFOD_URLS=https://debuginfod.ubuntu.com LD_LIBRARY_PATH=/home/mouha/crazyflie/ros2_ws/install/crazyflie_interfaces/lib:${LD_LIBRARY_PATH} PYTHONPATH=/home/mouha/crazyflie/ros2_ws/install/crazyflie_interfaces/lib/python3.12/site-packages:${PYTHONPATH} /usr/bin/cmake --install /home/mouha/crazyflie/ros2_ws/build/crazyflie
