-- Install configuration: ""
-- Execute custom install script
-- Up-to-date symlink: /home/mouha/crazyflie/ros2_ws/install/crazyflie_description/share/crazyflie_description//urdf/cf2_assembly.stl
-- Up-to-date symlink: /home/mouha/crazyflie/ros2_ws/install/crazyflie_description/share/crazyflie_description//urdf/cf2_assembly_with_props.dae
-- Up-to-date symlink: /home/mouha/crazyflie/ros2_ws/install/crazyflie_description/share/crazyflie_description//urdf/crazyflie_description.urdf
-- Up-to-date symlink: /home/mouha/crazyflie/ros2_ws/install/crazyflie_description/share/ament_index/resource_index/package_run_dependencies/crazyflie_description
-- Up-to-date symlink: /home/mouha/crazyflie/ros2_ws/install/crazyflie_description/share/ament_index/resource_index/parent_prefix_path/crazyflie_description
-- Up-to-date symlink: /home/mouha/crazyflie/ros2_ws/install/crazyflie_description/share/crazyflie_description/environment/ament_prefix_path.sh
-- Up-to-date symlink: /home/mouha/crazyflie/ros2_ws/install/crazyflie_description/share/crazyflie_description/environment/ament_prefix_path.dsv
-- Up-to-date symlink: /home/mouha/crazyflie/ros2_ws/install/crazyflie_description/share/crazyflie_description/environment/path.sh
-- Up-to-date symlink: /home/mouha/crazyflie/ros2_ws/install/crazyflie_description/share/crazyflie_description/environment/path.dsv
-- Up-to-date symlink: /home/mouha/crazyflie/ros2_ws/install/crazyflie_description/share/crazyflie_description/local_setup.bash
-- Up-to-date symlink: /home/mouha/crazyflie/ros2_ws/install/crazyflie_description/share/crazyflie_description/local_setup.sh
-- Up-to-date symlink: /home/mouha/crazyflie/ros2_ws/install/crazyflie_description/share/crazyflie_description/local_setup.zsh
-- Up-to-date symlink: /home/mouha/crazyflie/ros2_ws/install/crazyflie_description/share/crazyflie_description/local_setup.dsv
-- Symlinking: /home/mouha/crazyflie/ros2_ws/install/crazyflie_description/share/crazyflie_description/package.dsv
-- Up-to-date symlink: /home/mouha/crazyflie/ros2_ws/install/crazyflie_description/share/ament_index/resource_index/packages/crazyflie_description
-- Up-to-date symlink: /home/mouha/crazyflie/ros2_ws/install/crazyflie_description/share/crazyflie_description/cmake/crazyflie_descriptionConfig.cmake
-- Up-to-date symlink: /home/mouha/crazyflie/ros2_ws/install/crazyflie_description/share/crazyflie_description/cmake/crazyflie_descriptionConfig-version.cmake
-- Up-to-date symlink: /home/mouha/crazyflie/ros2_ws/install/crazyflie_description/share/crazyflie_description/package.xml
