[  3%] Built target drive_base_msgs__rs
[  3%] Built target drive_base_msgs__rosidl_generator_type_description
[  3%] Built target ament_cmake_python_symlink_drive_base_msgs
[  4%] Built target drive_base_msgs__cpp
[ 26%] Built target drive_base_msgs__rosidl_generator_c
[ 53%] Built target drive_base_msgs__rosidl_typesupport_cpp
[ 63%] Built target drive_base_msgs__rosidl_typesupport_introspection_cpp
[ 72%] Built target drive_base_msgs__rosidl_typesupport_introspection_c
[ 73%] Built target drive_base_msgs__rosidl_typesupport_c
[ 52%] Built target drive_base_msgs__rosidl_typesupport_fastrtps_cpp
[ 81%] Built target drive_base_msgs__rosidl_typesupport_fastrtps_c
[ 81%] Built target drive_base_msgs
[ 83%] Built target drive_base_msgs__py
[ 90%] Built target drive_base_msgs__rosidl_generator_py
[ 96%] Built target drive_base_msgs_s__rosidl_typesupport_c
[ 96%] Built target drive_base_msgs_s__rosidl_typesupport_fastrtps_c
[100%] Built target drive_base_msgs_s__rosidl_typesupport_introspection_c
running egg_info
writing drive_base_msgs.egg-info/PKG-INFO
writing dependency_links to drive_base_msgs.egg-info/dependency_links.txt
writing top-level names to drive_base_msgs.egg-info/top_level.txt
reading manifest file 'drive_base_msgs.egg-info/SOURCES.txt'
writing manifest file 'drive_base_msgs.egg-info/SOURCES.txt'
[100%] Built target ament_cmake_python_build_drive_base_msgs_egg
-- Install configuration: ""
-- Execute custom install script
-- Symlinking: /home/mouha/crazyflie/ros2_ws/install/drive_base_msgs/share/ament_index/resource_index/rosidl_interfaces/drive_base_msgs
-- Symlinking: /home/mouha/crazyflie/ros2_ws/install/drive_base_msgs/share/drive_base_msgs/msg/CommandHeader.json
-- Symlinking: /home/mouha/crazyflie/ros2_ws/install/drive_base_msgs/share/drive_base_msgs/msg/BaseInfo.json
-- Symlinking: /home/mouha/crazyflie/ros2_ws/install/drive_base_msgs/share/drive_base_msgs/msg/CommandStatus.json
-- Symlinking: /home/mouha/crazyflie/ros2_ws/install/drive_base_msgs/share/drive_base_msgs/msg/TRVCommand.json
-- Symlinking: /home/mouha/crazyflie/ros2_ws/install/drive_base_msgs/include/drive_base_msgs/drive_base_msgs/msg/base_info.h
-- Symlinking: /home/mouha/crazyflie/ros2_ws/install/drive_base_msgs/include/drive_base_msgs/drive_base_msgs/msg/command_header.h
-- Symlinking: /home/mouha/crazyflie/ros2_ws/install/drive_base_msgs/include/drive_base_msgs/drive_base_msgs/msg/command_status.h
-- Symlinking: /home/mouha/crazyflie/ros2_ws/install/drive_base_msgs/include/drive_base_msgs/drive_base_msgs/msg/detail/base_info__functions.h
-- Symlinking: /home/mouha/crazyflie/ros2_ws/install/drive_base_msgs/include/drive_base_msgs/drive_base_msgs/msg/detail/base_info__struct.h
-- Symlinking: /home/mouha/crazyflie/ros2_ws/install/drive_base_msgs/include/drive_base_msgs/drive_base_msgs/msg/detail/base_info__type_support.h
-- Symlinking: /home/mouha/crazyflie/ros2_ws/install/drive_base_msgs/include/drive_base_msgs/drive_base_msgs/msg/detail/command_header__functions.h
-- Symlinking: /home/mouha/crazyflie/ros2_ws/install/drive_base_msgs/include/drive_base_msgs/drive_base_msgs/msg/detail/command_header__struct.h
-- Symlinking: /home/mouha/crazyflie/ros2_ws/install/drive_base_msgs/include/drive_base_msgs/drive_base_msgs/msg/detail/command_header__type_support.h
-- Symlinking: /home/mouha/crazyflie/ros2_ws/install/drive_base_msgs/include/drive_base_msgs/drive_base_msgs/msg/detail/command_status__functions.h
-- Symlinking: /home/mouha/crazyflie/ros2_ws/install/drive_base_msgs/include/drive_base_msgs/drive_base_msgs/msg/detail/command_status__struct.h
-- Symlinking: /home/mouha/crazyflie/ros2_ws/install/drive_base_msgs/include/drive_base_msgs/drive_base_msgs/msg/detail/command_status__type_support.h
-- Symlinking: /home/mouha/crazyflie/ros2_ws/install/drive_base_msgs/include/drive_base_msgs/drive_base_msgs/msg/detail/trv_command__functions.h
-- Symlinking: /home/mouha/crazyflie/ros2_ws/install/drive_base_msgs/include/drive_base_msgs/drive_base_msgs/msg/detail/trv_command__struct.h
-- Symlinking: /home/mouha/crazyflie/ros2_ws/install/drive_base_msgs/include/drive_base_msgs/drive_base_msgs/msg/detail/trv_command__type_support.h
-- Symlinking: /home/mouha/crazyflie/ros2_ws/install/drive_base_msgs/include/drive_base_msgs/drive_base_msgs/msg/rosidl_generator_c__visibility_control.h
-- Symlinking: /home/mouha/crazyflie/ros2_ws/install/drive_base_msgs/include/drive_base_msgs/drive_base_msgs/msg/trv_command.h
-- Symlinking: /home/mouha/crazyflie/ros2_ws/install/drive_base_msgs/share/drive_base_msgs/environment/library_path.sh
-- Symlinking: /home/mouha/crazyflie/ros2_ws/install/drive_base_msgs/share/drive_base_msgs/environment/library_path.dsv
-- Symlinking: /home/mouha/crazyflie/ros2_ws/install/drive_base_msgs/include/drive_base_msgs/drive_base_msgs/msg/detail/base_info__rosidl_typesupport_fastrtps_c.h
-- Symlinking: /home/mouha/crazyflie/ros2_ws/install/drive_base_msgs/include/drive_base_msgs/drive_base_msgs/msg/detail/command_header__rosidl_typesupport_fastrtps_c.h
-- Symlinking: /home/mouha/crazyflie/ros2_ws/install/drive_base_msgs/include/drive_base_msgs/drive_base_msgs/msg/detail/command_status__rosidl_typesupport_fastrtps_c.h
-- Symlinking: /home/mouha/crazyflie/ros2_ws/install/drive_base_msgs/include/drive_base_msgs/drive_base_msgs/msg/detail/trv_command__rosidl_typesupport_fastrtps_c.h
-- Symlinking: /home/mouha/crazyflie/ros2_ws/install/drive_base_msgs/include/drive_base_msgs/drive_base_msgs/msg/rosidl_typesupport_fastrtps_c__visibility_control.h
-- Symlinking: /home/mouha/crazyflie/ros2_ws/install/drive_base_msgs/include/drive_base_msgs/drive_base_msgs/msg/base_info.hpp
-- Symlinking: /home/mouha/crazyflie/ros2_ws/install/drive_base_msgs/include/drive_base_msgs/drive_base_msgs/msg/command_header.hpp
-- Symlinking: /home/mouha/crazyflie/ros2_ws/install/drive_base_msgs/include/drive_base_msgs/drive_base_msgs/msg/command_status.hpp
-- Symlinking: /home/mouha/crazyflie/ros2_ws/install/drive_base_msgs/include/drive_base_msgs/drive_base_msgs/msg/detail/base_info__builder.hpp
-- Symlinking: /home/mouha/crazyflie/ros2_ws/install/drive_base_msgs/include/drive_base_msgs/drive_base_msgs/msg/detail/base_info__struct.hpp
-- Symlinking: /home/mouha/crazyflie/ros2_ws/install/drive_base_msgs/include/drive_base_msgs/drive_base_msgs/msg/detail/base_info__traits.hpp
-- Symlinking: /home/mouha/crazyflie/ros2_ws/install/drive_base_msgs/include/drive_base_msgs/drive_base_msgs/msg/detail/base_info__type_support.hpp
-- Symlinking: /home/mouha/crazyflie/ros2_ws/install/drive_base_msgs/include/drive_base_msgs/drive_base_msgs/msg/detail/command_header__builder.hpp
-- Symlinking: /home/mouha/crazyflie/ros2_ws/install/drive_base_msgs/include/drive_base_msgs/drive_base_msgs/msg/detail/command_header__struct.hpp
-- Symlinking: /home/mouha/crazyflie/ros2_ws/install/drive_base_msgs/include/drive_base_msgs/drive_base_msgs/msg/detail/command_header__traits.hpp
-- Symlinking: /home/mouha/crazyflie/ros2_ws/install/drive_base_msgs/include/drive_base_msgs/drive_base_msgs/msg/detail/command_header__type_support.hpp
-- Symlinking: /home/mouha/crazyflie/ros2_ws/install/drive_base_msgs/include/drive_base_msgs/drive_base_msgs/msg/detail/command_status__builder.hpp
-- Symlinking: /home/mouha/crazyflie/ros2_ws/install/drive_base_msgs/include/drive_base_msgs/drive_base_msgs/msg/detail/command_status__struct.hpp
-- Symlinking: /home/mouha/crazyflie/ros2_ws/install/drive_base_msgs/include/drive_base_msgs/drive_base_msgs/msg/detail/command_status__traits.hpp
-- Symlinking: /home/mouha/crazyflie/ros2_ws/install/drive_base_msgs/include/drive_base_msgs/drive_base_msgs/msg/detail/command_status__type_support.hpp
-- Symlinking: /home/mouha/crazyflie/ros2_ws/install/drive_base_msgs/include/drive_base_msgs/drive_base_msgs/msg/detail/trv_command__builder.hpp
-- Symlinking: /home/mouha/crazyflie/ros2_ws/install/drive_base_msgs/include/drive_base_msgs/drive_base_msgs/msg/detail/trv_command__struct.hpp
-- Symlinking: /home/mouha/crazyflie/ros2_ws/install/drive_base_msgs/include/drive_base_msgs/drive_base_msgs/msg/detail/trv_command__traits.hpp
-- Symlinking: /home/mouha/crazyflie/ros2_ws/install/drive_base_msgs/include/drive_base_msgs/drive_base_msgs/msg/detail/trv_command__type_support.hpp
-- Symlinking: /home/mouha/crazyflie/ros2_ws/install/drive_base_msgs/include/drive_base_msgs/drive_base_msgs/msg/rosidl_generator_cpp__visibility_control.hpp
-- Symlinking: /home/mouha/crazyflie/ros2_ws/install/drive_base_msgs/include/drive_base_msgs/drive_base_msgs/msg/trv_command.hpp
-- Symlinking: /home/mouha/crazyflie/ros2_ws/install/drive_base_msgs/include/drive_base_msgs/drive_base_msgs/msg/detail/base_info__rosidl_typesupport_fastrtps_cpp.hpp
-- Symlinking: /home/mouha/crazyflie/ros2_ws/install/drive_base_msgs/include/drive_base_msgs/drive_base_msgs/msg/detail/command_header__rosidl_typesupport_fastrtps_cpp.hpp
-- Symlinking: /home/mouha/crazyflie/ros2_ws/install/drive_base_msgs/include/drive_base_msgs/drive_base_msgs/msg/detail/command_status__rosidl_typesupport_fastrtps_cpp.hpp
-- Symlinking: /home/mouha/crazyflie/ros2_ws/install/drive_base_msgs/include/drive_base_msgs/drive_base_msgs/msg/detail/trv_command__rosidl_typesupport_fastrtps_cpp.hpp
-- Symlinking: /home/mouha/crazyflie/ros2_ws/install/drive_base_msgs/include/drive_base_msgs/drive_base_msgs/msg/rosidl_typesupport_fastrtps_cpp__visibility_control.h
-- Symlinking: /home/mouha/crazyflie/ros2_ws/install/drive_base_msgs/include/drive_base_msgs/drive_base_msgs/msg/detail/base_info__rosidl_typesupport_introspection_c.h
-- Symlinking: /home/mouha/crazyflie/ros2_ws/install/drive_base_msgs/include/drive_base_msgs/drive_base_msgs/msg/detail/command_header__rosidl_typesupport_introspection_c.h
-- Symlinking: /home/mouha/crazyflie/ros2_ws/install/drive_base_msgs/include/drive_base_msgs/drive_base_msgs/msg/detail/command_status__rosidl_typesupport_introspection_c.h
-- Symlinking: /home/mouha/crazyflie/ros2_ws/install/drive_base_msgs/include/drive_base_msgs/drive_base_msgs/msg/detail/trv_command__rosidl_typesupport_introspection_c.h
-- Symlinking: /home/mouha/crazyflie/ros2_ws/install/drive_base_msgs/include/drive_base_msgs/drive_base_msgs/msg/rosidl_typesupport_introspection_c__visibility_control.h
-- Symlinking: /home/mouha/crazyflie/ros2_ws/install/drive_base_msgs/include/drive_base_msgs/drive_base_msgs/msg/detail/base_info__rosidl_typesupport_introspection_cpp.hpp
-- Symlinking: /home/mouha/crazyflie/ros2_ws/install/drive_base_msgs/include/drive_base_msgs/drive_base_msgs/msg/detail/command_header__rosidl_typesupport_introspection_cpp.hpp
-- Symlinking: /home/mouha/crazyflie/ros2_ws/install/drive_base_msgs/include/drive_base_msgs/drive_base_msgs/msg/detail/command_status__rosidl_typesupport_introspection_cpp.hpp
-- Symlinking: /home/mouha/crazyflie/ros2_ws/install/drive_base_msgs/include/drive_base_msgs/drive_base_msgs/msg/detail/trv_command__rosidl_typesupport_introspection_cpp.hpp
-- Symlinking: /home/mouha/crazyflie/ros2_ws/install/drive_base_msgs/share/drive_base_msgs/environment/pythonpath.sh
-- Symlinking: /home/mouha/crazyflie/ros2_ws/install/drive_base_msgs/share/drive_base_msgs/environment/pythonpath.dsv
-- Symlinking: /home/mouha/crazyflie/ros2_ws/install/drive_base_msgs/lib/python3.12/site-packages/drive_base_msgs-0.0.0-py3.12.egg-info/PKG-INFO
-- Symlinking: /home/mouha/crazyflie/ros2_ws/install/drive_base_msgs/lib/python3.12/site-packages/drive_base_msgs-0.0.0-py3.12.egg-info/SOURCES.txt
-- Symlinking: /home/mouha/crazyflie/ros2_ws/install/drive_base_msgs/lib/python3.12/site-packages/drive_base_msgs-0.0.0-py3.12.egg-info/dependency_links.txt
-- Symlinking: /home/mouha/crazyflie/ros2_ws/install/drive_base_msgs/lib/python3.12/site-packages/drive_base_msgs-0.0.0-py3.12.egg-info/top_level.txt
-- Symlinking: /home/mouha/crazyflie/ros2_ws/install/drive_base_msgs/lib/python3.12/site-packages/drive_base_msgs/__init__.py
-- Symlinking: /home/mouha/crazyflie/ros2_ws/install/drive_base_msgs/lib/python3.12/site-packages/drive_base_msgs/_drive_base_msgs_s.ep.rosidl_typesupport_c.c
-- Symlinking: /home/mouha/crazyflie/ros2_ws/install/drive_base_msgs/lib/python3.12/site-packages/drive_base_msgs/_drive_base_msgs_s.ep.rosidl_typesupport_fastrtps_c.c
-- Symlinking: /home/mouha/crazyflie/ros2_ws/install/drive_base_msgs/lib/python3.12/site-packages/drive_base_msgs/_drive_base_msgs_s.ep.rosidl_typesupport_introspection_c.c
-- Symlinking: /home/mouha/crazyflie/ros2_ws/install/drive_base_msgs/lib/python3.12/site-packages/drive_base_msgs/drive_base_msgs_s__rosidl_typesupport_c.so
-- Symlinking: /home/mouha/crazyflie/ros2_ws/install/drive_base_msgs/lib/python3.12/site-packages/drive_base_msgs/drive_base_msgs_s__rosidl_typesupport_fastrtps_c.so
-- Symlinking: /home/mouha/crazyflie/ros2_ws/install/drive_base_msgs/lib/python3.12/site-packages/drive_base_msgs/drive_base_msgs_s__rosidl_typesupport_introspection_c.so
-- Symlinking: /home/mouha/crazyflie/ros2_ws/install/drive_base_msgs/lib/python3.12/site-packages/drive_base_msgs/msg/__init__.py
-- Symlinking: /home/mouha/crazyflie/ros2_ws/install/drive_base_msgs/lib/python3.12/site-packages/drive_base_msgs/msg/_base_info.py
-- Symlinking: /home/mouha/crazyflie/ros2_ws/install/drive_base_msgs/lib/python3.12/site-packages/drive_base_msgs/msg/_base_info_s.c
-- Symlinking: /home/mouha/crazyflie/ros2_ws/install/drive_base_msgs/lib/python3.12/site-packages/drive_base_msgs/msg/_command_header.py
-- Symlinking: /home/mouha/crazyflie/ros2_ws/install/drive_base_msgs/lib/python3.12/site-packages/drive_base_msgs/msg/_command_header_s.c
-- Symlinking: /home/mouha/crazyflie/ros2_ws/install/drive_base_msgs/lib/python3.12/site-packages/drive_base_msgs/msg/_command_status.py
-- Symlinking: /home/mouha/crazyflie/ros2_ws/install/drive_base_msgs/lib/python3.12/site-packages/drive_base_msgs/msg/_command_status_s.c
-- Symlinking: /home/mouha/crazyflie/ros2_ws/install/drive_base_msgs/lib/python3.12/site-packages/drive_base_msgs/msg/_trv_command.py
-- Symlinking: /home/mouha/crazyflie/ros2_ws/install/drive_base_msgs/lib/python3.12/site-packages/drive_base_msgs/msg/_trv_command_s.c
-- Up-to-date symlink: /home/mouha/crazyflie/ros2_ws/install/drive_base_msgs/lib/python3.12/site-packages/drive_base_msgs/drive_base_msgs_s__rosidl_typesupport_fastrtps_c.so
-- Up-to-date symlink: /home/mouha/crazyflie/ros2_ws/install/drive_base_msgs/lib/python3.12/site-packages/drive_base_msgs/drive_base_msgs_s__rosidl_typesupport_introspection_c.so
-- Up-to-date symlink: /home/mouha/crazyflie/ros2_ws/install/drive_base_msgs/lib/python3.12/site-packages/drive_base_msgs/drive_base_msgs_s__rosidl_typesupport_c.so
-- Symlinking: /home/mouha/crazyflie/ros2_ws/install/drive_base_msgs/share/ament_index/resource_index/rust_packages/drive_base_msgs
-- Symlinking: /home/mouha/crazyflie/ros2_ws/install/drive_base_msgs/share/drive_base_msgs/rust/Cargo.toml
-- Symlinking: /home/mouha/crazyflie/ros2_ws/install/drive_base_msgs/share/drive_base_msgs/rust/build.rs
-- Symlinking: /home/mouha/crazyflie/ros2_ws/install/drive_base_msgs/share/drive_base_msgs/rust/src/lib.rs
-- Symlinking: /home/mouha/crazyflie/ros2_ws/install/drive_base_msgs/share/drive_base_msgs/rust/src/msg.rs
-- Symlinking: /home/mouha/crazyflie/ros2_ws/install/drive_base_msgs/share/drive_base_msgs/rust/src/msg/rmw.rs
-- Symlinking: /home/mouha/crazyflie/ros2_ws/install/drive_base_msgs/share/drive_base_msgs/msg/CommandHeader.idl
-- Symlinking: /home/mouha/crazyflie/ros2_ws/install/drive_base_msgs/share/drive_base_msgs/msg/BaseInfo.idl
-- Symlinking: /home/mouha/crazyflie/ros2_ws/install/drive_base_msgs/share/drive_base_msgs/msg/CommandStatus.idl
-- Symlinking: /home/mouha/crazyflie/ros2_ws/install/drive_base_msgs/share/drive_base_msgs/msg/TRVCommand.idl
-- Symlinking: /home/mouha/crazyflie/ros2_ws/install/drive_base_msgs/share/drive_base_msgs/msg/CommandHeader.msg
-- Symlinking: /home/mouha/crazyflie/ros2_ws/install/drive_base_msgs/share/drive_base_msgs/msg/BaseInfo.msg
-- Symlinking: /home/mouha/crazyflie/ros2_ws/install/drive_base_msgs/share/drive_base_msgs/msg/CommandStatus.msg
-- Symlinking: /home/mouha/crazyflie/ros2_ws/install/drive_base_msgs/share/drive_base_msgs/msg/TRVCommand.msg
-- Symlinking: /home/mouha/crazyflie/ros2_ws/install/drive_base_msgs/share/ament_index/resource_index/package_run_dependencies/drive_base_msgs
-- Symlinking: /home/mouha/crazyflie/ros2_ws/install/drive_base_msgs/share/ament_index/resource_index/parent_prefix_path/drive_base_msgs
-- Symlinking: /home/mouha/crazyflie/ros2_ws/install/drive_base_msgs/share/drive_base_msgs/environment/ament_prefix_path.sh
-- Symlinking: /home/mouha/crazyflie/ros2_ws/install/drive_base_msgs/share/drive_base_msgs/environment/ament_prefix_path.dsv
-- Symlinking: /home/mouha/crazyflie/ros2_ws/install/drive_base_msgs/share/drive_base_msgs/environment/path.sh
-- Symlinking: /home/mouha/crazyflie/ros2_ws/install/drive_base_msgs/share/drive_base_msgs/environment/path.dsv
-- Symlinking: /home/mouha/crazyflie/ros2_ws/install/drive_base_msgs/share/drive_base_msgs/local_setup.bash
-- Symlinking: /home/mouha/crazyflie/ros2_ws/install/drive_base_msgs/share/drive_base_msgs/local_setup.sh
-- Symlinking: /home/mouha/crazyflie/ros2_ws/install/drive_base_msgs/share/drive_base_msgs/local_setup.zsh
-- Symlinking: /home/mouha/crazyflie/ros2_ws/install/drive_base_msgs/share/drive_base_msgs/local_setup.dsv
-- Symlinking: /home/mouha/crazyflie/ros2_ws/install/drive_base_msgs/share/drive_base_msgs/package.dsv
-- Symlinking: /home/mouha/crazyflie/ros2_ws/install/drive_base_msgs/share/ament_index/resource_index/packages/drive_base_msgs
-- Symlinking: /home/mouha/crazyflie/ros2_ws/install/drive_base_msgs/share/drive_base_msgs/cmake/rosidl_cmake-extras.cmake
-- Symlinking: /home/mouha/crazyflie/ros2_ws/install/drive_base_msgs/share/drive_base_msgs/cmake/ament_cmake_export_dependencies-extras.cmake
-- Symlinking: /home/mouha/crazyflie/ros2_ws/install/drive_base_msgs/share/drive_base_msgs/cmake/ament_cmake_export_include_directories-extras.cmake
-- Symlinking: /home/mouha/crazyflie/ros2_ws/install/drive_base_msgs/share/drive_base_msgs/cmake/ament_cmake_export_libraries-extras.cmake
-- Symlinking: /home/mouha/crazyflie/ros2_ws/install/drive_base_msgs/share/drive_base_msgs/cmake/ament_cmake_export_targets-extras.cmake
-- Symlinking: /home/mouha/crazyflie/ros2_ws/install/drive_base_msgs/share/drive_base_msgs/cmake/rosidl_cmake_export_typesupport_targets-extras.cmake
-- Symlinking: /home/mouha/crazyflie/ros2_ws/install/drive_base_msgs/share/drive_base_msgs/cmake/rosidl_cmake_export_typesupport_libraries-extras.cmake
-- Symlinking: /home/mouha/crazyflie/ros2_ws/install/drive_base_msgs/share/drive_base_msgs/cmake/drive_base_msgsConfig.cmake
-- Symlinking: /home/mouha/crazyflie/ros2_ws/install/drive_base_msgs/share/drive_base_msgs/cmake/drive_base_msgsConfig-version.cmake
-- Symlinking: /home/mouha/crazyflie/ros2_ws/install/drive_base_msgs/share/drive_base_msgs/package.xml
-- Installing: /home/mouha/crazyflie/ros2_ws/install/drive_base_msgs/lib/libdrive_base_msgs__rosidl_generator_c.so
-- Set non-toolchain portion of runtime path of "/home/mouha/crazyflie/ros2_ws/install/drive_base_msgs/lib/libdrive_base_msgs__rosidl_generator_c.so" to ""
-- Installing: /home/mouha/crazyflie/ros2_ws/install/drive_base_msgs/lib/libdrive_base_msgs__rosidl_typesupport_fastrtps_c.so
-- Set non-toolchain portion of runtime path of "/home/mouha/crazyflie/ros2_ws/install/drive_base_msgs/lib/libdrive_base_msgs__rosidl_typesupport_fastrtps_c.so" to ""
-- Installing: /home/mouha/crazyflie/ros2_ws/install/drive_base_msgs/lib/libdrive_base_msgs__rosidl_typesupport_fastrtps_cpp.so
-- Set non-toolchain portion of runtime path of "/home/mouha/crazyflie/ros2_ws/install/drive_base_msgs/lib/libdrive_base_msgs__rosidl_typesupport_fastrtps_cpp.so" to ""
-- Installing: /home/mouha/crazyflie/ros2_ws/install/drive_base_msgs/lib/libdrive_base_msgs__rosidl_typesupport_introspection_c.so
-- Set non-toolchain portion of runtime path of "/home/mouha/crazyflie/ros2_ws/install/drive_base_msgs/lib/libdrive_base_msgs__rosidl_typesupport_introspection_c.so" to ""
-- Installing: /home/mouha/crazyflie/ros2_ws/install/drive_base_msgs/lib/libdrive_base_msgs__rosidl_typesupport_c.so
-- Set non-toolchain portion of runtime path of "/home/mouha/crazyflie/ros2_ws/install/drive_base_msgs/lib/libdrive_base_msgs__rosidl_typesupport_c.so" to ""
-- Installing: /home/mouha/crazyflie/ros2_ws/install/drive_base_msgs/lib/libdrive_base_msgs__rosidl_typesupport_introspection_cpp.so
-- Set non-toolchain portion of runtime path of "/home/mouha/crazyflie/ros2_ws/install/drive_base_msgs/lib/libdrive_base_msgs__rosidl_typesupport_introspection_cpp.so" to ""
-- Installing: /home/mouha/crazyflie/ros2_ws/install/drive_base_msgs/lib/libdrive_base_msgs__rosidl_typesupport_cpp.so
-- Set non-toolchain portion of runtime path of "/home/mouha/crazyflie/ros2_ws/install/drive_base_msgs/lib/libdrive_base_msgs__rosidl_typesupport_cpp.so" to ""
Listing '/home/mouha/crazyflie/ros2_ws/install/drive_base_msgs/lib/python3.12/site-packages/drive_base_msgs'...
Compiling '/home/mouha/crazyflie/ros2_ws/install/drive_base_msgs/lib/python3.12/site-packages/drive_base_msgs/__init__.py'...
Listing '/home/mouha/crazyflie/ros2_ws/install/drive_base_msgs/lib/python3.12/site-packages/drive_base_msgs/msg'...
Compiling '/home/mouha/crazyflie/ros2_ws/install/drive_base_msgs/lib/python3.12/site-packages/drive_base_msgs/msg/__init__.py'...
Compiling '/home/mouha/crazyflie/ros2_ws/install/drive_base_msgs/lib/python3.12/site-packages/drive_base_msgs/msg/_base_info.py'...
Compiling '/home/mouha/crazyflie/ros2_ws/install/drive_base_msgs/lib/python3.12/site-packages/drive_base_msgs/msg/_command_header.py'...
Compiling '/home/mouha/crazyflie/ros2_ws/install/drive_base_msgs/lib/python3.12/site-packages/drive_base_msgs/msg/_command_status.py'...
Compiling '/home/mouha/crazyflie/ros2_ws/install/drive_base_msgs/lib/python3.12/site-packages/drive_base_msgs/msg/_trv_command.py'...
-- Installing: /home/mouha/crazyflie/ros2_ws/install/drive_base_msgs/lib/libdrive_base_msgs__rosidl_generator_py.so
-- Set non-toolchain portion of runtime path of "/home/mouha/crazyflie/ros2_ws/install/drive_base_msgs/lib/libdrive_base_msgs__rosidl_generator_py.so" to ""
-- Installing: /home/mouha/crazyflie/ros2_ws/install/drive_base_msgs/share/drive_base_msgs/cmake/export_drive_base_msgs__rosidl_generator_cExport.cmake
-- Installing: /home/mouha/crazyflie/ros2_ws/install/drive_base_msgs/share/drive_base_msgs/cmake/export_drive_base_msgs__rosidl_generator_cExport-noconfig.cmake
-- Installing: /home/mouha/crazyflie/ros2_ws/install/drive_base_msgs/share/drive_base_msgs/cmake/export_drive_base_msgs__rosidl_typesupport_fastrtps_cExport.cmake
-- Installing: /home/mouha/crazyflie/ros2_ws/install/drive_base_msgs/share/drive_base_msgs/cmake/export_drive_base_msgs__rosidl_typesupport_fastrtps_cExport-noconfig.cmake
-- Installing: /home/mouha/crazyflie/ros2_ws/install/drive_base_msgs/share/drive_base_msgs/cmake/export_drive_base_msgs__rosidl_generator_cppExport.cmake
-- Installing: /home/mouha/crazyflie/ros2_ws/install/drive_base_msgs/share/drive_base_msgs/cmake/export_drive_base_msgs__rosidl_typesupport_fastrtps_cppExport.cmake
-- Installing: /home/mouha/crazyflie/ros2_ws/install/drive_base_msgs/share/drive_base_msgs/cmake/export_drive_base_msgs__rosidl_typesupport_fastrtps_cppExport-noconfig.cmake
-- Installing: /home/mouha/crazyflie/ros2_ws/install/drive_base_msgs/share/drive_base_msgs/cmake/drive_base_msgs__rosidl_typesupport_introspection_cExport.cmake
-- Installing: /home/mouha/crazyflie/ros2_ws/install/drive_base_msgs/share/drive_base_msgs/cmake/drive_base_msgs__rosidl_typesupport_introspection_cExport-noconfig.cmake
-- Installing: /home/mouha/crazyflie/ros2_ws/install/drive_base_msgs/share/drive_base_msgs/cmake/drive_base_msgs__rosidl_typesupport_cExport.cmake
-- Installing: /home/mouha/crazyflie/ros2_ws/install/drive_base_msgs/share/drive_base_msgs/cmake/drive_base_msgs__rosidl_typesupport_cExport-noconfig.cmake
-- Installing: /home/mouha/crazyflie/ros2_ws/install/drive_base_msgs/share/drive_base_msgs/cmake/drive_base_msgs__rosidl_typesupport_introspection_cppExport.cmake
-- Installing: /home/mouha/crazyflie/ros2_ws/install/drive_base_msgs/share/drive_base_msgs/cmake/drive_base_msgs__rosidl_typesupport_introspection_cppExport-noconfig.cmake
-- Installing: /home/mouha/crazyflie/ros2_ws/install/drive_base_msgs/share/drive_base_msgs/cmake/drive_base_msgs__rosidl_typesupport_cppExport.cmake
-- Installing: /home/mouha/crazyflie/ros2_ws/install/drive_base_msgs/share/drive_base_msgs/cmake/drive_base_msgs__rosidl_typesupport_cppExport-noconfig.cmake
-- Installing: /home/mouha/crazyflie/ros2_ws/install/drive_base_msgs/share/drive_base_msgs/cmake/export_drive_base_msgs__rosidl_generator_pyExport.cmake
-- Installing: /home/mouha/crazyflie/ros2_ws/install/drive_base_msgs/share/drive_base_msgs/cmake/export_drive_base_msgs__rosidl_generator_pyExport-noconfig.cmake
