-- The C compiler identification is GNU 13.3.0
-- The CXX compiler identification is GNU 13.3.0
-- Detecting C compiler ABI info
-- Detecting C compiler ABI info - done
-- Check for working C compiler: /usr/bin/cc - skipped
-- Detecting C compile features
-- Detecting C compile features - done
-- Detecting CXX compiler ABI info
-- Detecting CXX compiler ABI info - done
-- Check for working CXX compiler: /usr/bin/c++ - skipped
-- Detecting CXX compile features
-- Detecting CXX compile features - done
-- Found ament_cmake: 2.5.6 (/opt/ros/jazzy/share/ament_cmake/cmake)
-- Found Python3: /usr/bin/python3 (found version "3.12.3") found components: Interpreter 
-- Override CMake install command with custom implementation using symlinks instead of copying resources
-- Found builtin_interfaces: 2.0.3 (/opt/ros/jazzy/share/builtin_interfaces/cmake)
-- Found rosidl_generator_c: 4.6.7 (/opt/ros/jazzy/share/rosidl_generator_c/cmake)
-- Found rosidl_generator_cpp: 4.6.7 (/opt/ros/jazzy/share/rosidl_generator_cpp/cmake)
-- Using all available rosidl_typesupport_c: rosidl_typesupport_fastrtps_c;rosidl_typesupport_introspection_c
-- Using all available rosidl_typesupport_cpp: rosidl_typesupport_fastrtps_cpp;rosidl_typesupport_introspection_cpp
-- Found geometry_msgs: 5.3.7 (/opt/ros/jazzy/share/geometry_msgs/cmake)
-- Found rosidl_default_generators: 1.6.0 (/opt/ros/jazzy/share/rosidl_default_generators/cmake)
-- Found rosidl_adapter: 4.6.7 (/opt/ros/jazzy/share/rosidl_adapter/cmake)
-- Found ament_cmake_cppcheck: 0.17.5 (/opt/ros/jazzy/share/ament_cmake_cppcheck/cmake)
-- Found ament_cmake_cpplint: 0.17.5 (/opt/ros/jazzy/share/ament_cmake_cpplint/cmake)
-- Found ament_cmake_uncrustify: 0.17.5 (/opt/ros/jazzy/share/ament_cmake_uncrustify/cmake)
-- Found ament_cmake_ros: 0.12.0 (/opt/ros/jazzy/share/ament_cmake_ros/cmake)
-- Using all available rosidl_typesupport_c: rosidl_typesupport_fastrtps_c;rosidl_typesupport_introspection_c
-- Using all available rosidl_typesupport_cpp: rosidl_typesupport_fastrtps_cpp;rosidl_typesupport_introspection_cpp
-- Found python_cmake_module: 0.11.1 (/opt/ros/jazzy/share/python_cmake_module/cmake)
-- Found PythonExtra: /usr/bin/python3  
-- Found Python3: /usr/bin/python3 (found version "3.12.3") found components: Interpreter Development NumPy Development.Module Development.Embed 
-- Found ament_cmake_flake8: 0.17.5 (/opt/ros/jazzy/share/ament_cmake_flake8/cmake)
-- Found ament_cmake_pep257: 0.17.5 (/opt/ros/jazzy/share/ament_cmake_pep257/cmake)
-- Found Python3: /usr/bin/python3 (found version "3.12.3") found components: Interpreter 
-- Configuring done (3.4s)
-- Generating done (0.0s)
-- Build files have been written to: /home/mouha/crazyflie/ros2_ws/build/motion_capture_tracking_interfaces
[  3%] [34m[1mGenerating type hashes for ROS interfaces[0m
[  3%] [34m[1mGenerating Rust code for ROS interfaces[0m
[  3%] Built target ament_cmake_python_symlink_motion_capture_tracking_interfaces
running egg_info
creating motion_capture_tracking_interfaces.egg-info
[  3%] Built target motion_capture_tracking_interfaces__rosidl_generator_type_description
[  3%] Built target motion_capture_tracking_interfaces__rs
writing motion_capture_tracking_interfaces.egg-info/PKG-INFO
writing dependency_links to motion_capture_tracking_interfaces.egg-info/dependency_links.txt
writing top-level names to motion_capture_tracking_interfaces.egg-info/top_level.txt
writing manifest file 'motion_capture_tracking_interfaces.egg-info/SOURCES.txt'
[  4%] [34m[1mGenerating C code for ROS interfaces[0m
[  6%] [34m[1mGenerating C++ code for ROS interfaces[0m
reading manifest file 'motion_capture_tracking_interfaces.egg-info/SOURCES.txt'
writing manifest file 'motion_capture_tracking_interfaces.egg-info/SOURCES.txt'
[  6%] Built target ament_cmake_python_build_motion_capture_tracking_interfaces_egg
[  6%] Built target motion_capture_tracking_interfaces__cpp
[  7%] [32mBuilding C object CMakeFiles/motion_capture_tracking_interfaces__rosidl_generator_c.dir/rosidl_generator_c/motion_capture_tracking_interfaces/msg/detail/latency_info__functions.c.o[0m
[ 12%] [32mBuilding C object CMakeFiles/motion_capture_tracking_interfaces__rosidl_generator_c.dir/rosidl_generator_c/motion_capture_tracking_interfaces/msg/detail/named_pose_array__description.c.o[0m
[ 12%] [32mBuilding C object CMakeFiles/motion_capture_tracking_interfaces__rosidl_generator_c.dir/rosidl_generator_c/motion_capture_tracking_interfaces/msg/detail/named_pose__description.c.o[0m
[ 13%] [32mBuilding C object CMakeFiles/motion_capture_tracking_interfaces__rosidl_generator_c.dir/rosidl_generator_c/motion_capture_tracking_interfaces/msg/detail/named_pose__functions.c.o[0m
[ 15%] [32mBuilding C object CMakeFiles/motion_capture_tracking_interfaces__rosidl_generator_c.dir/rosidl_generator_c/motion_capture_tracking_interfaces/msg/detail/named_pose__type_support.c.o[0m
[ 16%] [32mBuilding C object CMakeFiles/motion_capture_tracking_interfaces__rosidl_generator_c.dir/rosidl_generator_c/motion_capture_tracking_interfaces/msg/detail/named_pose_array__type_support.c.o[0m
[ 18%] [32mBuilding C object CMakeFiles/motion_capture_tracking_interfaces__rosidl_generator_c.dir/rosidl_generator_c/motion_capture_tracking_interfaces/msg/detail/named_pose_array_v2__description.c.o[0m
[ 18%] [32mBuilding C object CMakeFiles/motion_capture_tracking_interfaces__rosidl_generator_c.dir/rosidl_generator_c/motion_capture_tracking_interfaces/msg/detail/latency_info__description.c.o[0m
[ 20%] [32mBuilding C object CMakeFiles/motion_capture_tracking_interfaces__rosidl_generator_c.dir/rosidl_generator_c/motion_capture_tracking_interfaces/msg/detail/named_pose_array_v2__type_support.c.o[0m
[ 21%] [32mBuilding C object CMakeFiles/motion_capture_tracking_interfaces__rosidl_generator_c.dir/rosidl_generator_c/motion_capture_tracking_interfaces/msg/detail/latency_info__type_support.c.o[0m
[ 23%] [32mBuilding C object CMakeFiles/motion_capture_tracking_interfaces__rosidl_generator_c.dir/rosidl_generator_c/motion_capture_tracking_interfaces/msg/detail/named_pose_array__functions.c.o[0m
[ 24%] [32mBuilding C object CMakeFiles/motion_capture_tracking_interfaces__rosidl_generator_c.dir/rosidl_generator_c/motion_capture_tracking_interfaces/msg/detail/named_pose_array_v2__functions.c.o[0m
[ 26%] [32m[1mLinking C shared library libmotion_capture_tracking_interfaces__rosidl_generator_c.so[0m
[ 26%] Built target motion_capture_tracking_interfaces__rosidl_generator_c
[ 33%] [34m[1mGenerating C++ type support dispatch for ROS interfaces[0m
[ 33%] [34m[1mGenerating C type support dispatch for ROS interfaces[0m
[ 33%] [34m[1mGenerating C++ introspection for ROS interfaces[0m
[ 33%] [34m[1mGenerating C++ type support for eProsima Fast-RTPS[0m
[ 33%] [34m[1mGenerating C introspection for ROS interfaces[0m
[ 35%] [34m[1mGenerating C type support for eProsima Fast-RTPS[0m
[ 38%] [32mBuilding CXX object CMakeFiles/motion_capture_tracking_interfaces__rosidl_typesupport_c.dir/rosidl_typesupport_c/motion_capture_tracking_interfaces/msg/named_pose_array__type_support.cpp.o[0m
[ 38%] [32mBuilding CXX object CMakeFiles/motion_capture_tracking_interfaces__rosidl_typesupport_c.dir/rosidl_typesupport_c/motion_capture_tracking_interfaces/msg/named_pose_array_v2__type_support.cpp.o[0m
[ 40%] [32mBuilding CXX object CMakeFiles/motion_capture_tracking_interfaces__rosidl_typesupport_c.dir/rosidl_typesupport_c/motion_capture_tracking_interfaces/msg/latency_info__type_support.cpp.o[0m
[ 41%] [32mBuilding CXX object CMakeFiles/motion_capture_tracking_interfaces__rosidl_typesupport_c.dir/rosidl_typesupport_c/motion_capture_tracking_interfaces/msg/named_pose__type_support.cpp.o[0m
[ 44%] [32mBuilding CXX object CMakeFiles/motion_capture_tracking_interfaces__rosidl_typesupport_cpp.dir/rosidl_typesupport_cpp/motion_capture_tracking_interfaces/msg/named_pose__type_support.cpp.o[0m
[ 44%] [32mBuilding CXX object CMakeFiles/motion_capture_tracking_interfaces__rosidl_typesupport_cpp.dir/rosidl_typesupport_cpp/motion_capture_tracking_interfaces/msg/latency_info__type_support.cpp.o[0m
[ 46%] [32mBuilding CXX object CMakeFiles/motion_capture_tracking_interfaces__rosidl_typesupport_cpp.dir/rosidl_typesupport_cpp/motion_capture_tracking_interfaces/msg/named_pose_array_v2__type_support.cpp.o[0m
[ 47%] [32mBuilding CXX object CMakeFiles/motion_capture_tracking_interfaces__rosidl_typesupport_cpp.dir/rosidl_typesupport_cpp/motion_capture_tracking_interfaces/msg/named_pose_array__type_support.cpp.o[0m
[ 49%] [32m[1mLinking CXX shared library libmotion_capture_tracking_interfaces__rosidl_typesupport_c.so[0m
[ 50%] [32mBuilding C object CMakeFiles/motion_capture_tracking_interfaces__rosidl_typesupport_introspection_c.dir/rosidl_typesupport_introspection_c/motion_capture_tracking_interfaces/msg/detail/named_pose_array__type_support.c.o[0m
[ 52%] [32mBuilding C object CMakeFiles/motion_capture_tracking_interfaces__rosidl_typesupport_introspection_c.dir/rosidl_typesupport_introspection_c/motion_capture_tracking_interfaces/msg/detail/named_pose_array_v2__type_support.c.o[0m
[ 53%] [32mBuilding C object CMakeFiles/motion_capture_tracking_interfaces__rosidl_typesupport_introspection_c.dir/rosidl_typesupport_introspection_c/motion_capture_tracking_interfaces/msg/detail/named_pose__type_support.c.o[0m
[ 55%] [32mBuilding C object CMakeFiles/motion_capture_tracking_interfaces__rosidl_typesupport_introspection_c.dir/rosidl_typesupport_introspection_c/motion_capture_tracking_interfaces/msg/detail/latency_info__type_support.c.o[0m
[ 55%] Built target motion_capture_tracking_interfaces__rosidl_typesupport_c
[ 60%] [32mBuilding CXX object CMakeFiles/motion_capture_tracking_interfaces__rosidl_typesupport_introspection_cpp.dir/rosidl_typesupport_introspection_cpp/motion_capture_tracking_interfaces/msg/detail/named_pose__type_support.cpp.o[0m
[ 60%] [32mBuilding CXX object CMakeFiles/motion_capture_tracking_interfaces__rosidl_typesupport_introspection_cpp.dir/rosidl_typesupport_introspection_cpp/motion_capture_tracking_interfaces/msg/detail/named_pose_array_v2__type_support.cpp.o[0m
[ 60%] [32mBuilding CXX object CMakeFiles/motion_capture_tracking_interfaces__rosidl_typesupport_introspection_cpp.dir/rosidl_typesupport_introspection_cpp/motion_capture_tracking_interfaces/msg/detail/latency_info__type_support.cpp.o[0m
[ 61%] [32mBuilding CXX object CMakeFiles/motion_capture_tracking_interfaces__rosidl_typesupport_introspection_cpp.dir/rosidl_typesupport_introspection_cpp/motion_capture_tracking_interfaces/msg/detail/named_pose_array__type_support.cpp.o[0m
[ 63%] [32m[1mLinking C shared library libmotion_capture_tracking_interfaces__rosidl_typesupport_introspection_c.so[0m
[ 66%] [32mBuilding CXX object CMakeFiles/motion_capture_tracking_interfaces__rosidl_typesupport_fastrtps_cpp.dir/rosidl_typesupport_fastrtps_cpp/motion_capture_tracking_interfaces/msg/detail/dds_fastrtps/named_pose__type_support.cpp.o[0m
[ 66%] [32mBuilding CXX object CMakeFiles/motion_capture_tracking_interfaces__rosidl_typesupport_fastrtps_cpp.dir/rosidl_typesupport_fastrtps_cpp/motion_capture_tracking_interfaces/msg/detail/dds_fastrtps/latency_info__type_support.cpp.o[0m
[ 66%] Built target motion_capture_tracking_interfaces__rosidl_typesupport_introspection_c
[ 67%] [32mBuilding CXX object CMakeFiles/motion_capture_tracking_interfaces__rosidl_typesupport_fastrtps_cpp.dir/rosidl_typesupport_fastrtps_cpp/motion_capture_tracking_interfaces/msg/detail/dds_fastrtps/named_pose_array__type_support.cpp.o[0m
[ 69%] [32mBuilding CXX object CMakeFiles/motion_capture_tracking_interfaces__rosidl_typesupport_fastrtps_c.dir/rosidl_typesupport_fastrtps_c/motion_capture_tracking_interfaces/msg/detail/latency_info__type_support_c.cpp.o[0m
[ 70%] [32mBuilding CXX object CMakeFiles/motion_capture_tracking_interfaces__rosidl_typesupport_fastrtps_c.dir/rosidl_typesupport_fastrtps_c/motion_capture_tracking_interfaces/msg/detail/named_pose__type_support_c.cpp.o[0m
[ 72%] [32mBuilding CXX object CMakeFiles/motion_capture_tracking_interfaces__rosidl_typesupport_fastrtps_cpp.dir/rosidl_typesupport_fastrtps_cpp/motion_capture_tracking_interfaces/msg/detail/dds_fastrtps/named_pose_array_v2__type_support.cpp.o[0m
[ 73%] [32mBuilding CXX object CMakeFiles/motion_capture_tracking_interfaces__rosidl_typesupport_fastrtps_c.dir/rosidl_typesupport_fastrtps_c/motion_capture_tracking_interfaces/msg/detail/named_pose_array__type_support_c.cpp.o[0m
[ 75%] [32m[1mLinking CXX shared library libmotion_capture_tracking_interfaces__rosidl_typesupport_cpp.so[0m
[ 75%] Built target motion_capture_tracking_interfaces__rosidl_typesupport_cpp
[ 76%] [32mBuilding CXX object CMakeFiles/motion_capture_tracking_interfaces__rosidl_typesupport_fastrtps_c.dir/rosidl_typesupport_fastrtps_c/motion_capture_tracking_interfaces/msg/detail/named_pose_array_v2__type_support_c.cpp.o[0m
[ 78%] [32m[1mLinking CXX shared library libmotion_capture_tracking_interfaces__rosidl_typesupport_introspection_cpp.so[0m
[ 78%] Built target motion_capture_tracking_interfaces__rosidl_typesupport_introspection_cpp
[ 80%] [32m[1mLinking CXX shared library libmotion_capture_tracking_interfaces__rosidl_typesupport_fastrtps_cpp.so[0m
[ 81%] [32m[1mLinking CXX shared library libmotion_capture_tracking_interfaces__rosidl_typesupport_fastrtps_c.so[0m
[ 81%] Built target motion_capture_tracking_interfaces__rosidl_typesupport_fastrtps_cpp
[ 81%] Built target motion_capture_tracking_interfaces__rosidl_typesupport_fastrtps_c
[ 81%] Built target motion_capture_tracking_interfaces
[ 83%] [34m[1mGenerating Python code for ROS interfaces[0m
[ 83%] Built target motion_capture_tracking_interfaces__py
[ 89%] [32mBuilding C object CMakeFiles/motion_capture_tracking_interfaces__rosidl_generator_py.dir/rosidl_generator_py/motion_capture_tracking_interfaces/msg/_named_pose_array_v2_s.c.o[0m
[ 89%] [32mBuilding C object CMakeFiles/motion_capture_tracking_interfaces__rosidl_generator_py.dir/rosidl_generator_py/motion_capture_tracking_interfaces/msg/_named_pose_array_s.c.o[0m
[ 89%] [32mBuilding C object CMakeFiles/motion_capture_tracking_interfaces__rosidl_generator_py.dir/rosidl_generator_py/motion_capture_tracking_interfaces/msg/_named_pose_s.c.o[0m
[ 89%] [32mBuilding C object CMakeFiles/motion_capture_tracking_interfaces__rosidl_generator_py.dir/rosidl_generator_py/motion_capture_tracking_interfaces/msg/_latency_info_s.c.o[0m
[ 90%] [32m[1mLinking C shared library libmotion_capture_tracking_interfaces__rosidl_generator_py.so[0m
[ 90%] Built target motion_capture_tracking_interfaces__rosidl_generator_py
[ 95%] [32mBuilding C object CMakeFiles/motion_capture_tracking_interfaces_s__rosidl_typesupport_c.dir/rosidl_generator_py/motion_capture_tracking_interfaces/_motion_capture_tracking_interfaces_s.ep.rosidl_typesupport_c.c.o[0m
[ 95%] [32mBuilding C object CMakeFiles/motion_capture_tracking_interfaces_s__rosidl_typesupport_fastrtps_c.dir/rosidl_generator_py/motion_capture_tracking_interfaces/_motion_capture_tracking_interfaces_s.ep.rosidl_typesupport_fastrtps_c.c.o[0m
[ 95%] [32mBuilding C object CMakeFiles/motion_capture_tracking_interfaces_s__rosidl_typesupport_introspection_c.dir/rosidl_generator_py/motion_capture_tracking_interfaces/_motion_capture_tracking_interfaces_s.ep.rosidl_typesupport_introspection_c.c.o[0m
[100%] [32m[1mLinking C shared module rosidl_generator_py/motion_capture_tracking_interfaces/motion_capture_tracking_interfaces_s__rosidl_typesupport_fastrtps_c.so[0m
[100%] [32m[1mLinking C shared module rosidl_generator_py/motion_capture_tracking_interfaces/motion_capture_tracking_interfaces_s__rosidl_typesupport_c.so[0m
[100%] [32m[1mLinking C shared module rosidl_generator_py/motion_capture_tracking_interfaces/motion_capture_tracking_interfaces_s__rosidl_typesupport_introspection_c.so[0m
[100%] Built target motion_capture_tracking_interfaces_s__rosidl_typesupport_c
[100%] Built target motion_capture_tracking_interfaces_s__rosidl_typesupport_introspection_c
[100%] Built target motion_capture_tracking_interfaces_s__rosidl_typesupport_fastrtps_c
-- Install configuration: ""
-- Execute custom install script
-- Symlinking: /home/mouha/crazyflie/ros2_ws/install/motion_capture_tracking_interfaces/share/ament_index/resource_index/rosidl_interfaces/motion_capture_tracking_interfaces
-- Symlinking: /home/mouha/crazyflie/ros2_ws/install/motion_capture_tracking_interfaces/share/motion_capture_tracking_interfaces/msg/LatencyInfo.json
-- Symlinking: /home/mouha/crazyflie/ros2_ws/install/motion_capture_tracking_interfaces/share/motion_capture_tracking_interfaces/msg/NamedPose.json
-- Symlinking: /home/mouha/crazyflie/ros2_ws/install/motion_capture_tracking_interfaces/share/motion_capture_tracking_interfaces/msg/NamedPoseArray.json
-- Symlinking: /home/mouha/crazyflie/ros2_ws/install/motion_capture_tracking_interfaces/share/motion_capture_tracking_interfaces/msg/NamedPoseArrayV2.json
-- Symlinking: /home/mouha/crazyflie/ros2_ws/install/motion_capture_tracking_interfaces/include/motion_capture_tracking_interfaces/motion_capture_tracking_interfaces/msg/detail/latency_info__functions.h
-- Symlinking: /home/mouha/crazyflie/ros2_ws/install/motion_capture_tracking_interfaces/include/motion_capture_tracking_interfaces/motion_capture_tracking_interfaces/msg/detail/latency_info__struct.h
-- Symlinking: /home/mouha/crazyflie/ros2_ws/install/motion_capture_tracking_interfaces/include/motion_capture_tracking_interfaces/motion_capture_tracking_interfaces/msg/detail/latency_info__type_support.h
-- Symlinking: /home/mouha/crazyflie/ros2_ws/install/motion_capture_tracking_interfaces/include/motion_capture_tracking_interfaces/motion_capture_tracking_interfaces/msg/detail/named_pose__functions.h
-- Symlinking: /home/mouha/crazyflie/ros2_ws/install/motion_capture_tracking_interfaces/include/motion_capture_tracking_interfaces/motion_capture_tracking_interfaces/msg/detail/named_pose__struct.h
-- Symlinking: /home/mouha/crazyflie/ros2_ws/install/motion_capture_tracking_interfaces/include/motion_capture_tracking_interfaces/motion_capture_tracking_interfaces/msg/detail/named_pose__type_support.h
-- Symlinking: /home/mouha/crazyflie/ros2_ws/install/motion_capture_tracking_interfaces/include/motion_capture_tracking_interfaces/motion_capture_tracking_interfaces/msg/detail/named_pose_array__functions.h
-- Symlinking: /home/mouha/crazyflie/ros2_ws/install/motion_capture_tracking_interfaces/include/motion_capture_tracking_interfaces/motion_capture_tracking_interfaces/msg/detail/named_pose_array__struct.h
-- Symlinking: /home/mouha/crazyflie/ros2_ws/install/motion_capture_tracking_interfaces/include/motion_capture_tracking_interfaces/motion_capture_tracking_interfaces/msg/detail/named_pose_array__type_support.h
-- Symlinking: /home/mouha/crazyflie/ros2_ws/install/motion_capture_tracking_interfaces/include/motion_capture_tracking_interfaces/motion_capture_tracking_interfaces/msg/detail/named_pose_array_v2__functions.h
-- Symlinking: /home/mouha/crazyflie/ros2_ws/install/motion_capture_tracking_interfaces/include/motion_capture_tracking_interfaces/motion_capture_tracking_interfaces/msg/detail/named_pose_array_v2__struct.h
-- Symlinking: /home/mouha/crazyflie/ros2_ws/install/motion_capture_tracking_interfaces/include/motion_capture_tracking_interfaces/motion_capture_tracking_interfaces/msg/detail/named_pose_array_v2__type_support.h
-- Symlinking: /home/mouha/crazyflie/ros2_ws/install/motion_capture_tracking_interfaces/include/motion_capture_tracking_interfaces/motion_capture_tracking_interfaces/msg/latency_info.h
-- Symlinking: /home/mouha/crazyflie/ros2_ws/install/motion_capture_tracking_interfaces/include/motion_capture_tracking_interfaces/motion_capture_tracking_interfaces/msg/named_pose.h
-- Symlinking: /home/mouha/crazyflie/ros2_ws/install/motion_capture_tracking_interfaces/include/motion_capture_tracking_interfaces/motion_capture_tracking_interfaces/msg/named_pose_array.h
-- Symlinking: /home/mouha/crazyflie/ros2_ws/install/motion_capture_tracking_interfaces/include/motion_capture_tracking_interfaces/motion_capture_tracking_interfaces/msg/named_pose_array_v2.h
-- Symlinking: /home/mouha/crazyflie/ros2_ws/install/motion_capture_tracking_interfaces/include/motion_capture_tracking_interfaces/motion_capture_tracking_interfaces/msg/rosidl_generator_c__visibility_control.h
-- Symlinking: /home/mouha/crazyflie/ros2_ws/install/motion_capture_tracking_interfaces/share/motion_capture_tracking_interfaces/environment/library_path.sh
-- Symlinking: /home/mouha/crazyflie/ros2_ws/install/motion_capture_tracking_interfaces/share/motion_capture_tracking_interfaces/environment/library_path.dsv
-- Symlinking: /home/mouha/crazyflie/ros2_ws/install/motion_capture_tracking_interfaces/include/motion_capture_tracking_interfaces/motion_capture_tracking_interfaces/msg/detail/latency_info__rosidl_typesupport_fastrtps_c.h
-- Symlinking: /home/mouha/crazyflie/ros2_ws/install/motion_capture_tracking_interfaces/include/motion_capture_tracking_interfaces/motion_capture_tracking_interfaces/msg/detail/named_pose__rosidl_typesupport_fastrtps_c.h
-- Symlinking: /home/mouha/crazyflie/ros2_ws/install/motion_capture_tracking_interfaces/include/motion_capture_tracking_interfaces/motion_capture_tracking_interfaces/msg/detail/named_pose_array__rosidl_typesupport_fastrtps_c.h
-- Symlinking: /home/mouha/crazyflie/ros2_ws/install/motion_capture_tracking_interfaces/include/motion_capture_tracking_interfaces/motion_capture_tracking_interfaces/msg/detail/named_pose_array_v2__rosidl_typesupport_fastrtps_c.h
-- Symlinking: /home/mouha/crazyflie/ros2_ws/install/motion_capture_tracking_interfaces/include/motion_capture_tracking_interfaces/motion_capture_tracking_interfaces/msg/rosidl_typesupport_fastrtps_c__visibility_control.h
-- Symlinking: /home/mouha/crazyflie/ros2_ws/install/motion_capture_tracking_interfaces/include/motion_capture_tracking_interfaces/motion_capture_tracking_interfaces/msg/detail/latency_info__builder.hpp
-- Symlinking: /home/mouha/crazyflie/ros2_ws/install/motion_capture_tracking_interfaces/include/motion_capture_tracking_interfaces/motion_capture_tracking_interfaces/msg/detail/latency_info__struct.hpp
-- Symlinking: /home/mouha/crazyflie/ros2_ws/install/motion_capture_tracking_interfaces/include/motion_capture_tracking_interfaces/motion_capture_tracking_interfaces/msg/detail/latency_info__traits.hpp
-- Symlinking: /home/mouha/crazyflie/ros2_ws/install/motion_capture_tracking_interfaces/include/motion_capture_tracking_interfaces/motion_capture_tracking_interfaces/msg/detail/latency_info__type_support.hpp
-- Symlinking: /home/mouha/crazyflie/ros2_ws/install/motion_capture_tracking_interfaces/include/motion_capture_tracking_interfaces/motion_capture_tracking_interfaces/msg/detail/named_pose__builder.hpp
-- Symlinking: /home/mouha/crazyflie/ros2_ws/install/motion_capture_tracking_interfaces/include/motion_capture_tracking_interfaces/motion_capture_tracking_interfaces/msg/detail/named_pose__struct.hpp
-- Symlinking: /home/mouha/crazyflie/ros2_ws/install/motion_capture_tracking_interfaces/include/motion_capture_tracking_interfaces/motion_capture_tracking_interfaces/msg/detail/named_pose__traits.hpp
-- Symlinking: /home/mouha/crazyflie/ros2_ws/install/motion_capture_tracking_interfaces/include/motion_capture_tracking_interfaces/motion_capture_tracking_interfaces/msg/detail/named_pose__type_support.hpp
-- Symlinking: /home/mouha/crazyflie/ros2_ws/install/motion_capture_tracking_interfaces/include/motion_capture_tracking_interfaces/motion_capture_tracking_interfaces/msg/detail/named_pose_array__builder.hpp
-- Symlinking: /home/mouha/crazyflie/ros2_ws/install/motion_capture_tracking_interfaces/include/motion_capture_tracking_interfaces/motion_capture_tracking_interfaces/msg/detail/named_pose_array__struct.hpp
-- Symlinking: /home/mouha/crazyflie/ros2_ws/install/motion_capture_tracking_interfaces/include/motion_capture_tracking_interfaces/motion_capture_tracking_interfaces/msg/detail/named_pose_array__traits.hpp
-- Symlinking: /home/mouha/crazyflie/ros2_ws/install/motion_capture_tracking_interfaces/include/motion_capture_tracking_interfaces/motion_capture_tracking_interfaces/msg/detail/named_pose_array__type_support.hpp
-- Symlinking: /home/mouha/crazyflie/ros2_ws/install/motion_capture_tracking_interfaces/include/motion_capture_tracking_interfaces/motion_capture_tracking_interfaces/msg/detail/named_pose_array_v2__builder.hpp
-- Symlinking: /home/mouha/crazyflie/ros2_ws/install/motion_capture_tracking_interfaces/include/motion_capture_tracking_interfaces/motion_capture_tracking_interfaces/msg/detail/named_pose_array_v2__struct.hpp
-- Symlinking: /home/mouha/crazyflie/ros2_ws/install/motion_capture_tracking_interfaces/include/motion_capture_tracking_interfaces/motion_capture_tracking_interfaces/msg/detail/named_pose_array_v2__traits.hpp
-- Symlinking: /home/mouha/crazyflie/ros2_ws/install/motion_capture_tracking_interfaces/include/motion_capture_tracking_interfaces/motion_capture_tracking_interfaces/msg/detail/named_pose_array_v2__type_support.hpp
-- Symlinking: /home/mouha/crazyflie/ros2_ws/install/motion_capture_tracking_interfaces/include/motion_capture_tracking_interfaces/motion_capture_tracking_interfaces/msg/latency_info.hpp
-- Symlinking: /home/mouha/crazyflie/ros2_ws/install/motion_capture_tracking_interfaces/include/motion_capture_tracking_interfaces/motion_capture_tracking_interfaces/msg/named_pose.hpp
-- Symlinking: /home/mouha/crazyflie/ros2_ws/install/motion_capture_tracking_interfaces/include/motion_capture_tracking_interfaces/motion_capture_tracking_interfaces/msg/named_pose_array.hpp
-- Symlinking: /home/mouha/crazyflie/ros2_ws/install/motion_capture_tracking_interfaces/include/motion_capture_tracking_interfaces/motion_capture_tracking_interfaces/msg/named_pose_array_v2.hpp
-- Symlinking: /home/mouha/crazyflie/ros2_ws/install/motion_capture_tracking_interfaces/include/motion_capture_tracking_interfaces/motion_capture_tracking_interfaces/msg/rosidl_generator_cpp__visibility_control.hpp
-- Symlinking: /home/mouha/crazyflie/ros2_ws/install/motion_capture_tracking_interfaces/include/motion_capture_tracking_interfaces/motion_capture_tracking_interfaces/msg/detail/latency_info__rosidl_typesupport_fastrtps_cpp.hpp
-- Symlinking: /home/mouha/crazyflie/ros2_ws/install/motion_capture_tracking_interfaces/include/motion_capture_tracking_interfaces/motion_capture_tracking_interfaces/msg/detail/named_pose__rosidl_typesupport_fastrtps_cpp.hpp
-- Symlinking: /home/mouha/crazyflie/ros2_ws/install/motion_capture_tracking_interfaces/include/motion_capture_tracking_interfaces/motion_capture_tracking_interfaces/msg/detail/named_pose_array__rosidl_typesupport_fastrtps_cpp.hpp
-- Symlinking: /home/mouha/crazyflie/ros2_ws/install/motion_capture_tracking_interfaces/include/motion_capture_tracking_interfaces/motion_capture_tracking_interfaces/msg/detail/named_pose_array_v2__rosidl_typesupport_fastrtps_cpp.hpp
-- Symlinking: /home/mouha/crazyflie/ros2_ws/install/motion_capture_tracking_interfaces/include/motion_capture_tracking_interfaces/motion_capture_tracking_interfaces/msg/rosidl_typesupport_fastrtps_cpp__visibility_control.h
-- Symlinking: /home/mouha/crazyflie/ros2_ws/install/motion_capture_tracking_interfaces/include/motion_capture_tracking_interfaces/motion_capture_tracking_interfaces/msg/detail/latency_info__rosidl_typesupport_introspection_c.h
-- Symlinking: /home/mouha/crazyflie/ros2_ws/install/motion_capture_tracking_interfaces/include/motion_capture_tracking_interfaces/motion_capture_tracking_interfaces/msg/detail/named_pose__rosidl_typesupport_introspection_c.h
-- Symlinking: /home/mouha/crazyflie/ros2_ws/install/motion_capture_tracking_interfaces/include/motion_capture_tracking_interfaces/motion_capture_tracking_interfaces/msg/detail/named_pose_array__rosidl_typesupport_introspection_c.h
-- Symlinking: /home/mouha/crazyflie/ros2_ws/install/motion_capture_tracking_interfaces/include/motion_capture_tracking_interfaces/motion_capture_tracking_interfaces/msg/detail/named_pose_array_v2__rosidl_typesupport_introspection_c.h
-- Symlinking: /home/mouha/crazyflie/ros2_ws/install/motion_capture_tracking_interfaces/include/motion_capture_tracking_interfaces/motion_capture_tracking_interfaces/msg/rosidl_typesupport_introspection_c__visibility_control.h
-- Symlinking: /home/mouha/crazyflie/ros2_ws/install/motion_capture_tracking_interfaces/include/motion_capture_tracking_interfaces/motion_capture_tracking_interfaces/msg/detail/latency_info__rosidl_typesupport_introspection_cpp.hpp
-- Symlinking: /home/mouha/crazyflie/ros2_ws/install/motion_capture_tracking_interfaces/include/motion_capture_tracking_interfaces/motion_capture_tracking_interfaces/msg/detail/named_pose__rosidl_typesupport_introspection_cpp.hpp
-- Symlinking: /home/mouha/crazyflie/ros2_ws/install/motion_capture_tracking_interfaces/include/motion_capture_tracking_interfaces/motion_capture_tracking_interfaces/msg/detail/named_pose_array__rosidl_typesupport_introspection_cpp.hpp
-- Symlinking: /home/mouha/crazyflie/ros2_ws/install/motion_capture_tracking_interfaces/include/motion_capture_tracking_interfaces/motion_capture_tracking_interfaces/msg/detail/named_pose_array_v2__rosidl_typesupport_introspection_cpp.hpp
-- Symlinking: /home/mouha/crazyflie/ros2_ws/install/motion_capture_tracking_interfaces/share/motion_capture_tracking_interfaces/environment/pythonpath.sh
-- Symlinking: /home/mouha/crazyflie/ros2_ws/install/motion_capture_tracking_interfaces/share/motion_capture_tracking_interfaces/environment/pythonpath.dsv
-- Symlinking: /home/mouha/crazyflie/ros2_ws/install/motion_capture_tracking_interfaces/lib/python3.12/site-packages/motion_capture_tracking_interfaces-1.0.9-py3.12.egg-info/PKG-INFO
-- Symlinking: /home/mouha/crazyflie/ros2_ws/install/motion_capture_tracking_interfaces/lib/python3.12/site-packages/motion_capture_tracking_interfaces-1.0.9-py3.12.egg-info/SOURCES.txt
-- Symlinking: /home/mouha/crazyflie/ros2_ws/install/motion_capture_tracking_interfaces/lib/python3.12/site-packages/motion_capture_tracking_interfaces-1.0.9-py3.12.egg-info/dependency_links.txt
-- Symlinking: /home/mouha/crazyflie/ros2_ws/install/motion_capture_tracking_interfaces/lib/python3.12/site-packages/motion_capture_tracking_interfaces-1.0.9-py3.12.egg-info/top_level.txt
-- Symlinking: /home/mouha/crazyflie/ros2_ws/install/motion_capture_tracking_interfaces/lib/python3.12/site-packages/motion_capture_tracking_interfaces/__init__.py
-- Symlinking: /home/mouha/crazyflie/ros2_ws/install/motion_capture_tracking_interfaces/lib/python3.12/site-packages/motion_capture_tracking_interfaces/_motion_capture_tracking_interfaces_s.ep.rosidl_typesupport_c.c
-- Symlinking: /home/mouha/crazyflie/ros2_ws/install/motion_capture_tracking_interfaces/lib/python3.12/site-packages/motion_capture_tracking_interfaces/_motion_capture_tracking_interfaces_s.ep.rosidl_typesupport_fastrtps_c.c
-- Symlinking: /home/mouha/crazyflie/ros2_ws/install/motion_capture_tracking_interfaces/lib/python3.12/site-packages/motion_capture_tracking_interfaces/_motion_capture_tracking_interfaces_s.ep.rosidl_typesupport_introspection_c.c
-- Symlinking: /home/mouha/crazyflie/ros2_ws/install/motion_capture_tracking_interfaces/lib/python3.12/site-packages/motion_capture_tracking_interfaces/motion_capture_tracking_interfaces_s__rosidl_typesupport_c.so
-- Symlinking: /home/mouha/crazyflie/ros2_ws/install/motion_capture_tracking_interfaces/lib/python3.12/site-packages/motion_capture_tracking_interfaces/motion_capture_tracking_interfaces_s__rosidl_typesupport_fastrtps_c.so
-- Symlinking: /home/mouha/crazyflie/ros2_ws/install/motion_capture_tracking_interfaces/lib/python3.12/site-packages/motion_capture_tracking_interfaces/motion_capture_tracking_interfaces_s__rosidl_typesupport_introspection_c.so
-- Symlinking: /home/mouha/crazyflie/ros2_ws/install/motion_capture_tracking_interfaces/lib/python3.12/site-packages/motion_capture_tracking_interfaces/msg/__init__.py
-- Symlinking: /home/mouha/crazyflie/ros2_ws/install/motion_capture_tracking_interfaces/lib/python3.12/site-packages/motion_capture_tracking_interfaces/msg/_latency_info.py
-- Symlinking: /home/mouha/crazyflie/ros2_ws/install/motion_capture_tracking_interfaces/lib/python3.12/site-packages/motion_capture_tracking_interfaces/msg/_latency_info_s.c
-- Symlinking: /home/mouha/crazyflie/ros2_ws/install/motion_capture_tracking_interfaces/lib/python3.12/site-packages/motion_capture_tracking_interfaces/msg/_named_pose.py
-- Symlinking: /home/mouha/crazyflie/ros2_ws/install/motion_capture_tracking_interfaces/lib/python3.12/site-packages/motion_capture_tracking_interfaces/msg/_named_pose_array.py
-- Symlinking: /home/mouha/crazyflie/ros2_ws/install/motion_capture_tracking_interfaces/lib/python3.12/site-packages/motion_capture_tracking_interfaces/msg/_named_pose_array_s.c
-- Symlinking: /home/mouha/crazyflie/ros2_ws/install/motion_capture_tracking_interfaces/lib/python3.12/site-packages/motion_capture_tracking_interfaces/msg/_named_pose_array_v2.py
-- Symlinking: /home/mouha/crazyflie/ros2_ws/install/motion_capture_tracking_interfaces/lib/python3.12/site-packages/motion_capture_tracking_interfaces/msg/_named_pose_array_v2_s.c
-- Symlinking: /home/mouha/crazyflie/ros2_ws/install/motion_capture_tracking_interfaces/lib/python3.12/site-packages/motion_capture_tracking_interfaces/msg/_named_pose_s.c
-- Up-to-date symlink: /home/mouha/crazyflie/ros2_ws/install/motion_capture_tracking_interfaces/lib/python3.12/site-packages/motion_capture_tracking_interfaces/motion_capture_tracking_interfaces_s__rosidl_typesupport_fastrtps_c.so
-- Up-to-date symlink: /home/mouha/crazyflie/ros2_ws/install/motion_capture_tracking_interfaces/lib/python3.12/site-packages/motion_capture_tracking_interfaces/motion_capture_tracking_interfaces_s__rosidl_typesupport_introspection_c.so
-- Up-to-date symlink: /home/mouha/crazyflie/ros2_ws/install/motion_capture_tracking_interfaces/lib/python3.12/site-packages/motion_capture_tracking_interfaces/motion_capture_tracking_interfaces_s__rosidl_typesupport_c.so
-- Symlinking: /home/mouha/crazyflie/ros2_ws/install/motion_capture_tracking_interfaces/share/ament_index/resource_index/rust_packages/motion_capture_tracking_interfaces
-- Symlinking: /home/mouha/crazyflie/ros2_ws/install/motion_capture_tracking_interfaces/share/motion_capture_tracking_interfaces/rust/Cargo.toml
-- Symlinking: /home/mouha/crazyflie/ros2_ws/install/motion_capture_tracking_interfaces/share/motion_capture_tracking_interfaces/rust/build.rs
-- Symlinking: /home/mouha/crazyflie/ros2_ws/install/motion_capture_tracking_interfaces/share/motion_capture_tracking_interfaces/rust/src/lib.rs
-- Symlinking: /home/mouha/crazyflie/ros2_ws/install/motion_capture_tracking_interfaces/share/motion_capture_tracking_interfaces/rust/src/msg.rs
-- Symlinking: /home/mouha/crazyflie/ros2_ws/install/motion_capture_tracking_interfaces/share/motion_capture_tracking_interfaces/rust/src/msg/rmw.rs
-- Symlinking: /home/mouha/crazyflie/ros2_ws/install/motion_capture_tracking_interfaces/share/motion_capture_tracking_interfaces/msg/LatencyInfo.idl
-- Symlinking: /home/mouha/crazyflie/ros2_ws/install/motion_capture_tracking_interfaces/share/motion_capture_tracking_interfaces/msg/NamedPose.idl
-- Symlinking: /home/mouha/crazyflie/ros2_ws/install/motion_capture_tracking_interfaces/share/motion_capture_tracking_interfaces/msg/NamedPoseArray.idl
-- Symlinking: /home/mouha/crazyflie/ros2_ws/install/motion_capture_tracking_interfaces/share/motion_capture_tracking_interfaces/msg/NamedPoseArrayV2.idl
-- Symlinking: /home/mouha/crazyflie/ros2_ws/install/motion_capture_tracking_interfaces/share/motion_capture_tracking_interfaces/msg/LatencyInfo.msg
-- Symlinking: /home/mouha/crazyflie/ros2_ws/install/motion_capture_tracking_interfaces/share/motion_capture_tracking_interfaces/msg/NamedPose.msg
-- Symlinking: /home/mouha/crazyflie/ros2_ws/install/motion_capture_tracking_interfaces/share/motion_capture_tracking_interfaces/msg/NamedPoseArray.msg
-- Symlinking: /home/mouha/crazyflie/ros2_ws/install/motion_capture_tracking_interfaces/share/motion_capture_tracking_interfaces/msg/NamedPoseArrayV2.msg
-- Symlinking: /home/mouha/crazyflie/ros2_ws/install/motion_capture_tracking_interfaces/share/ament_index/resource_index/package_run_dependencies/motion_capture_tracking_interfaces
-- Symlinking: /home/mouha/crazyflie/ros2_ws/install/motion_capture_tracking_interfaces/share/ament_index/resource_index/parent_prefix_path/motion_capture_tracking_interfaces
-- Symlinking: /home/mouha/crazyflie/ros2_ws/install/motion_capture_tracking_interfaces/share/motion_capture_tracking_interfaces/environment/ament_prefix_path.sh
-- Symlinking: /home/mouha/crazyflie/ros2_ws/install/motion_capture_tracking_interfaces/share/motion_capture_tracking_interfaces/environment/ament_prefix_path.dsv
-- Symlinking: /home/mouha/crazyflie/ros2_ws/install/motion_capture_tracking_interfaces/share/motion_capture_tracking_interfaces/environment/path.sh
-- Symlinking: /home/mouha/crazyflie/ros2_ws/install/motion_capture_tracking_interfaces/share/motion_capture_tracking_interfaces/environment/path.dsv
-- Symlinking: /home/mouha/crazyflie/ros2_ws/install/motion_capture_tracking_interfaces/share/motion_capture_tracking_interfaces/local_setup.bash
-- Symlinking: /home/mouha/crazyflie/ros2_ws/install/motion_capture_tracking_interfaces/share/motion_capture_tracking_interfaces/local_setup.sh
-- Symlinking: /home/mouha/crazyflie/ros2_ws/install/motion_capture_tracking_interfaces/share/motion_capture_tracking_interfaces/local_setup.zsh
-- Symlinking: /home/mouha/crazyflie/ros2_ws/install/motion_capture_tracking_interfaces/share/motion_capture_tracking_interfaces/local_setup.dsv
-- Symlinking: /home/mouha/crazyflie/ros2_ws/install/motion_capture_tracking_interfaces/share/motion_capture_tracking_interfaces/package.dsv
-- Symlinking: /home/mouha/crazyflie/ros2_ws/install/motion_capture_tracking_interfaces/share/ament_index/resource_index/packages/motion_capture_tracking_interfaces
-- Symlinking: /home/mouha/crazyflie/ros2_ws/install/motion_capture_tracking_interfaces/share/motion_capture_tracking_interfaces/cmake/rosidl_cmake-extras.cmake
-- Symlinking: /home/mouha/crazyflie/ros2_ws/install/motion_capture_tracking_interfaces/share/motion_capture_tracking_interfaces/cmake/ament_cmake_export_dependencies-extras.cmake
-- Symlinking: /home/mouha/crazyflie/ros2_ws/install/motion_capture_tracking_interfaces/share/motion_capture_tracking_interfaces/cmake/ament_cmake_export_include_directories-extras.cmake
-- Symlinking: /home/mouha/crazyflie/ros2_ws/install/motion_capture_tracking_interfaces/share/motion_capture_tracking_interfaces/cmake/ament_cmake_export_libraries-extras.cmake
-- Symlinking: /home/mouha/crazyflie/ros2_ws/install/motion_capture_tracking_interfaces/share/motion_capture_tracking_interfaces/cmake/ament_cmake_export_targets-extras.cmake
-- Symlinking: /home/mouha/crazyflie/ros2_ws/install/motion_capture_tracking_interfaces/share/motion_capture_tracking_interfaces/cmake/rosidl_cmake_export_typesupport_targets-extras.cmake
-- Symlinking: /home/mouha/crazyflie/ros2_ws/install/motion_capture_tracking_interfaces/share/motion_capture_tracking_interfaces/cmake/rosidl_cmake_export_typesupport_libraries-extras.cmake
-- Symlinking: /home/mouha/crazyflie/ros2_ws/install/motion_capture_tracking_interfaces/share/motion_capture_tracking_interfaces/cmake/motion_capture_tracking_interfacesConfig.cmake
-- Symlinking: /home/mouha/crazyflie/ros2_ws/install/motion_capture_tracking_interfaces/share/motion_capture_tracking_interfaces/cmake/motion_capture_tracking_interfacesConfig-version.cmake
-- Symlinking: /home/mouha/crazyflie/ros2_ws/install/motion_capture_tracking_interfaces/share/motion_capture_tracking_interfaces/package.xml
-- Installing: /home/mouha/crazyflie/ros2_ws/install/motion_capture_tracking_interfaces/lib/libmotion_capture_tracking_interfaces__rosidl_generator_c.so
-- Set non-toolchain portion of runtime path of "/home/mouha/crazyflie/ros2_ws/install/motion_capture_tracking_interfaces/lib/libmotion_capture_tracking_interfaces__rosidl_generator_c.so" to ""
-- Installing: /home/mouha/crazyflie/ros2_ws/install/motion_capture_tracking_interfaces/lib/libmotion_capture_tracking_interfaces__rosidl_typesupport_fastrtps_c.so
-- Set non-toolchain portion of runtime path of "/home/mouha/crazyflie/ros2_ws/install/motion_capture_tracking_interfaces/lib/libmotion_capture_tracking_interfaces__rosidl_typesupport_fastrtps_c.so" to ""
-- Installing: /home/mouha/crazyflie/ros2_ws/install/motion_capture_tracking_interfaces/lib/libmotion_capture_tracking_interfaces__rosidl_typesupport_fastrtps_cpp.so
-- Set non-toolchain portion of runtime path of "/home/mouha/crazyflie/ros2_ws/install/motion_capture_tracking_interfaces/lib/libmotion_capture_tracking_interfaces__rosidl_typesupport_fastrtps_cpp.so" to ""
-- Installing: /home/mouha/crazyflie/ros2_ws/install/motion_capture_tracking_interfaces/lib/libmotion_capture_tracking_interfaces__rosidl_typesupport_introspection_c.so
-- Set non-toolchain portion of runtime path of "/home/mouha/crazyflie/ros2_ws/install/motion_capture_tracking_interfaces/lib/libmotion_capture_tracking_interfaces__rosidl_typesupport_introspection_c.so" to ""
-- Installing: /home/mouha/crazyflie/ros2_ws/install/motion_capture_tracking_interfaces/lib/libmotion_capture_tracking_interfaces__rosidl_typesupport_c.so
-- Set non-toolchain portion of runtime path of "/home/mouha/crazyflie/ros2_ws/install/motion_capture_tracking_interfaces/lib/libmotion_capture_tracking_interfaces__rosidl_typesupport_c.so" to ""
-- Installing: /home/mouha/crazyflie/ros2_ws/install/motion_capture_tracking_interfaces/lib/libmotion_capture_tracking_interfaces__rosidl_typesupport_introspection_cpp.so
-- Set non-toolchain portion of runtime path of "/home/mouha/crazyflie/ros2_ws/install/motion_capture_tracking_interfaces/lib/libmotion_capture_tracking_interfaces__rosidl_typesupport_introspection_cpp.so" to ""
-- Installing: /home/mouha/crazyflie/ros2_ws/install/motion_capture_tracking_interfaces/lib/libmotion_capture_tracking_interfaces__rosidl_typesupport_cpp.so
-- Set non-toolchain portion of runtime path of "/home/mouha/crazyflie/ros2_ws/install/motion_capture_tracking_interfaces/lib/libmotion_capture_tracking_interfaces__rosidl_typesupport_cpp.so" to ""
Listing '/home/mouha/crazyflie/ros2_ws/install/motion_capture_tracking_interfaces/lib/python3.12/site-packages/motion_capture_tracking_interfaces'...
Compiling '/home/mouha/crazyflie/ros2_ws/install/motion_capture_tracking_interfaces/lib/python3.12/site-packages/motion_capture_tracking_interfaces/__init__.py'...
Listing '/home/mouha/crazyflie/ros2_ws/install/motion_capture_tracking_interfaces/lib/python3.12/site-packages/motion_capture_tracking_interfaces/msg'...
Compiling '/home/mouha/crazyflie/ros2_ws/install/motion_capture_tracking_interfaces/lib/python3.12/site-packages/motion_capture_tracking_interfaces/msg/__init__.py'...
Compiling '/home/mouha/crazyflie/ros2_ws/install/motion_capture_tracking_interfaces/lib/python3.12/site-packages/motion_capture_tracking_interfaces/msg/_latency_info.py'...
Compiling '/home/mouha/crazyflie/ros2_ws/install/motion_capture_tracking_interfaces/lib/python3.12/site-packages/motion_capture_tracking_interfaces/msg/_named_pose.py'...
Compiling '/home/mouha/crazyflie/ros2_ws/install/motion_capture_tracking_interfaces/lib/python3.12/site-packages/motion_capture_tracking_interfaces/msg/_named_pose_array.py'...
Compiling '/home/mouha/crazyflie/ros2_ws/install/motion_capture_tracking_interfaces/lib/python3.12/site-packages/motion_capture_tracking_interfaces/msg/_named_pose_array_v2.py'...
-- Installing: /home/mouha/crazyflie/ros2_ws/install/motion_capture_tracking_interfaces/lib/libmotion_capture_tracking_interfaces__rosidl_generator_py.so
-- Set non-toolchain portion of runtime path of "/home/mouha/crazyflie/ros2_ws/install/motion_capture_tracking_interfaces/lib/libmotion_capture_tracking_interfaces__rosidl_generator_py.so" to ""
-- Installing: /home/mouha/crazyflie/ros2_ws/install/motion_capture_tracking_interfaces/share/motion_capture_tracking_interfaces/cmake/export_motion_capture_tracking_interfaces__rosidl_generator_cExport.cmake
-- Installing: /home/mouha/crazyflie/ros2_ws/install/motion_capture_tracking_interfaces/share/motion_capture_tracking_interfaces/cmake/export_motion_capture_tracking_interfaces__rosidl_generator_cExport-noconfig.cmake
-- Installing: /home/mouha/crazyflie/ros2_ws/install/motion_capture_tracking_interfaces/share/motion_capture_tracking_interfaces/cmake/export_motion_capture_tracking_interfaces__rosidl_typesupport_fastrtps_cExport.cmake
-- Installing: /home/mouha/crazyflie/ros2_ws/install/motion_capture_tracking_interfaces/share/motion_capture_tracking_interfaces/cmake/export_motion_capture_tracking_interfaces__rosidl_typesupport_fastrtps_cExport-noconfig.cmake
-- Installing: /home/mouha/crazyflie/ros2_ws/install/motion_capture_tracking_interfaces/share/motion_capture_tracking_interfaces/cmake/export_motion_capture_tracking_interfaces__rosidl_generator_cppExport.cmake
-- Installing: /home/mouha/crazyflie/ros2_ws/install/motion_capture_tracking_interfaces/share/motion_capture_tracking_interfaces/cmake/export_motion_capture_tracking_interfaces__rosidl_typesupport_fastrtps_cppExport.cmake
-- Installing: /home/mouha/crazyflie/ros2_ws/install/motion_capture_tracking_interfaces/share/motion_capture_tracking_interfaces/cmake/export_motion_capture_tracking_interfaces__rosidl_typesupport_fastrtps_cppExport-noconfig.cmake
-- Installing: /home/mouha/crazyflie/ros2_ws/install/motion_capture_tracking_interfaces/share/motion_capture_tracking_interfaces/cmake/motion_capture_tracking_interfaces__rosidl_typesupport_introspection_cExport.cmake
-- Installing: /home/mouha/crazyflie/ros2_ws/install/motion_capture_tracking_interfaces/share/motion_capture_tracking_interfaces/cmake/motion_capture_tracking_interfaces__rosidl_typesupport_introspection_cExport-noconfig.cmake
-- Installing: /home/mouha/crazyflie/ros2_ws/install/motion_capture_tracking_interfaces/share/motion_capture_tracking_interfaces/cmake/motion_capture_tracking_interfaces__rosidl_typesupport_cExport.cmake
-- Installing: /home/mouha/crazyflie/ros2_ws/install/motion_capture_tracking_interfaces/share/motion_capture_tracking_interfaces/cmake/motion_capture_tracking_interfaces__rosidl_typesupport_cExport-noconfig.cmake
-- Installing: /home/mouha/crazyflie/ros2_ws/install/motion_capture_tracking_interfaces/share/motion_capture_tracking_interfaces/cmake/motion_capture_tracking_interfaces__rosidl_typesupport_introspection_cppExport.cmake
-- Installing: /home/mouha/crazyflie/ros2_ws/install/motion_capture_tracking_interfaces/share/motion_capture_tracking_interfaces/cmake/motion_capture_tracking_interfaces__rosidl_typesupport_introspection_cppExport-noconfig.cmake
-- Installing: /home/mouha/crazyflie/ros2_ws/install/motion_capture_tracking_interfaces/share/motion_capture_tracking_interfaces/cmake/motion_capture_tracking_interfaces__rosidl_typesupport_cppExport.cmake
-- Installing: /home/mouha/crazyflie/ros2_ws/install/motion_capture_tracking_interfaces/share/motion_capture_tracking_interfaces/cmake/motion_capture_tracking_interfaces__rosidl_typesupport_cppExport-noconfig.cmake
-- Installing: /home/mouha/crazyflie/ros2_ws/install/motion_capture_tracking_interfaces/share/motion_capture_tracking_interfaces/cmake/export_motion_capture_tracking_interfaces__rosidl_generator_pyExport.cmake
-- Installing: /home/mouha/crazyflie/ros2_ws/install/motion_capture_tracking_interfaces/share/motion_capture_tracking_interfaces/cmake/export_motion_capture_tracking_interfaces__rosidl_generator_pyExport-noconfig.cmake
