running develop
running egg_info
creating crazyflie_server_py.egg-info
writing crazyflie_server_py.egg-info/PKG-INFO
writing dependency_links to crazyflie_server_py.egg-info/dependency_links.txt
writing entry points to crazyflie_server_py.egg-info/entry_points.txt
writing requirements to crazyflie_server_py.egg-info/requires.txt
writing top-level names to crazyflie_server_py.egg-info/top_level.txt
writing manifest file 'crazyflie_server_py.egg-info/SOURCES.txt'
reading manifest file 'crazyflie_server_py.egg-info/SOURCES.txt'
writing manifest file 'crazyflie_server_py.egg-info/SOURCES.txt'
running build_ext
Creating /home/mouha/crazyflie/ros2_ws/install/crazyflie_server_py/lib/python3.12/site-packages/crazyflie-server-py.egg-link (link to .)
Installing crazyflie_server script to /home/mouha/crazyflie/ros2_ws/install/crazyflie_server_py/lib/crazyflie_server_py

Installed /home/mouha/crazyflie/ros2_ws/build/crazyflie_server_py
running symlink_data
creating /home/mouha/crazyflie/ros2_ws/install/crazyflie_server_py/share/ament_index
creating /home/mouha/crazyflie/ros2_ws/install/crazyflie_server_py/share/ament_index/resource_index
creating /home/mouha/crazyflie/ros2_ws/install/crazyflie_server_py/share/ament_index/resource_index/packages
symbolically linking /home/mouha/crazyflie/ros2_ws/build/crazyflie_server_py/resource/crazyflie_server_py -> /home/mouha/crazyflie/ros2_ws/install/crazyflie_server_py/share/ament_index/resource_index/packages
symbolically linking /home/mouha/crazyflie/ros2_ws/build/crazyflie_server_py/package.xml -> /home/mouha/crazyflie/ros2_ws/install/crazyflie_server_py/share/crazyflie_server_py
