[0.881s] Invoking command in '/home/mouha/crazyflie/ros2_ws/build/crazyflie_server_py': AMENT_PREFIX_PATH=/home/mouha/crazyflie/ros2_ws/install/crazyflie_interfaces:${AMENT_PREFIX_PATH} CMAKE_PREFIX_PATH=/home/mouha/crazyflie/ros2_ws/install/crazyflie_interfaces:${CMAKE_PREFIX_PATH} DEBUGINFOD_URLS=https://debuginfod.ubuntu.com LD_LIBRARY_PATH=/home/mouha/crazyflie/ros2_ws/install/crazyflie_interfaces/lib:${LD_LIBRARY_PATH} PYTHONPATH=/home/mouha/crazyflie/ros2_ws/build/crazyflie_server_py/prefix_override:/usr/lib/python3/dist-packages/colcon_core/task/python/colcon_distutils_commands:/home/mouha/crazyflie/ros2_ws/install/crazyflie_server_py/lib/python3.12/site-packages:/home/mouha/crazyflie/ros2_ws/install/crazyflie_interfaces/lib/python3.12/site-packages:${PYTHONPATH} /usr/bin/python3 -W ignore:setup.py install is deprecated -W ignore:easy_install command is deprecated setup.py develop --editable --build-directory /home/mouha/crazyflie/ros2_ws/build/crazyflie_server_py/build --no-deps symlink_data
[1.150s] running develop
[1.331s] running egg_info
[1.331s] creating crazyflie_server_py.egg-info
[1.350s] writing crazyflie_server_py.egg-info/PKG-INFO
[1.350s] writing dependency_links to crazyflie_server_py.egg-info/dependency_links.txt
[1.350s] writing entry points to crazyflie_server_py.egg-info/entry_points.txt
[1.351s] writing requirements to crazyflie_server_py.egg-info/requires.txt
[1.351s] writing top-level names to crazyflie_server_py.egg-info/top_level.txt
[1.351s] writing manifest file 'crazyflie_server_py.egg-info/SOURCES.txt'
[1.386s] reading manifest file 'crazyflie_server_py.egg-info/SOURCES.txt'
[1.386s] writing manifest file 'crazyflie_server_py.egg-info/SOURCES.txt'
[1.405s] running build_ext
[1.405s] Creating /home/mouha/crazyflie/ros2_ws/install/crazyflie_server_py/lib/python3.12/site-packages/crazyflie-server-py.egg-link (link to .)
[1.406s] Installing crazyflie_server script to /home/mouha/crazyflie/ros2_ws/install/crazyflie_server_py/lib/crazyflie_server_py
[1.406s] 
[1.406s] Installed /home/mouha/crazyflie/ros2_ws/build/crazyflie_server_py
[1.406s] running symlink_data
[1.406s] creating /home/mouha/crazyflie/ros2_ws/install/crazyflie_server_py/share/ament_index
[1.406s] creating /home/mouha/crazyflie/ros2_ws/install/crazyflie_server_py/share/ament_index/resource_index
[1.406s] creating /home/mouha/crazyflie/ros2_ws/install/crazyflie_server_py/share/ament_index/resource_index/packages
[1.406s] symbolically linking /home/mouha/crazyflie/ros2_ws/build/crazyflie_server_py/resource/crazyflie_server_py -> /home/mouha/crazyflie/ros2_ws/install/crazyflie_server_py/share/ament_index/resource_index/packages
[1.406s] symbolically linking /home/mouha/crazyflie/ros2_ws/build/crazyflie_server_py/package.xml -> /home/mouha/crazyflie/ros2_ws/install/crazyflie_server_py/share/crazyflie_server_py
[1.453s] Invoked command in '/home/mouha/crazyflie/ros2_ws/build/crazyflie_server_py' returned '0': AMENT_PREFIX_PATH=/home/mouha/crazyflie/ros2_ws/install/crazyflie_interfaces:${AMENT_PREFIX_PATH} CMAKE_PREFIX_PATH=/home/mouha/crazyflie/ros2_ws/install/crazyflie_interfaces:${CMAKE_PREFIX_PATH} DEBUGINFOD_URLS=https://debuginfod.ubuntu.com LD_LIBRARY_PATH=/home/mouha/crazyflie/ros2_ws/install/crazyflie_interfaces/lib:${LD_LIBRARY_PATH} PYTHONPATH=/home/mouha/crazyflie/ros2_ws/build/crazyflie_server_py/prefix_override:/usr/lib/python3/dist-packages/colcon_core/task/python/colcon_distutils_commands:/home/mouha/crazyflie/ros2_ws/install/crazyflie_server_py/lib/python3.12/site-packages:/home/mouha/crazyflie/ros2_ws/install/crazyflie_interfaces/lib/python3.12/site-packages:${PYTHONPATH} /usr/bin/python3 -W ignore:setup.py install is deprecated -W ignore:easy_install command is deprecated setup.py develop --editable --build-directory /home/mouha/crazyflie/ros2_ws/build/crazyflie_server_py/build --no-deps symlink_data
